Application time: 0.4677660 seconds
Total time for which application threads were stopped: 0.0001590 seconds
Application time: 0.4171260 seconds
{Heap before GC invocations=0 (full 0):
 def new generation   total 14784K, used 13184K [0xaa040000, 0xab040000, 0xab040000)
  eden space 13184K, 100% used [0xaa040000, 0xaad20000, 0xaad20000)
  from space 1600K,   0% used [0xaad20000, 0xaad20000, 0xaaeb0000)
  to   space 1600K,   0% used [0xaaeb0000, 0xaaeb0000, 0xab040000)
 concurrent mark-sweep generation total 49152K, used 0K [0xab040000, 0xae040000, 0xb0040000)
 concurrent-mark-sweep perm gen total 16384K, used 7980K [0xb0040000, 0xb1040000, 0xb4040000)
0.958: [GC 0.958: [DefNew
Desired survivor size 819200 bytes, new threshold 1 (max 4)
- age   1:    1004280 bytes,    1004280 total
: 13184K->980K(14784K), 0.0127270 secs] 13184K->980K(63936K), 0.0128120 secs] [Times: user=0.01 sys=0.00, real=0.01 secs] 
Heap after GC invocations=1 (full 0):
 def new generation   total 14784K, used 980K [0xaa040000, 0xab040000, 0xab040000)
  eden space 13184K,   0% used [0xaa040000, 0xaa040000, 0xaad20000)
  from space 1600K,  61% used [0xaaeb0000, 0xaafa52f8, 0xab040000)
  to   space 1600K,   0% used [0xaad20000, 0xaad20000, 0xaaeb0000)
 concurrent mark-sweep generation total 49152K, used 0K [0xab040000, 0xae040000, 0xb0040000)
 concurrent-mark-sweep perm gen total 16384K, used 7980K [0xb0040000, 0xb1040000, 0xb4040000)
}
Total time for which application threads were stopped: 0.0130940 seconds
Application time: 0.4570000 seconds
1.516: [GC [1 CMS-initial-mark: 0K(49152K)] 6985K(63936K), 0.0067420 secs] [Times: user=0.00 sys=0.00, real=0.00 secs] 
Total time for which application threads were stopped: 0.0948390 seconds
1.523: [CMS-concurrent-mark-start]
1.542: [CMS-concurrent-mark: 0.019/0.019 secs] [Times: user=0.02 sys=0.00, real=0.02 secs] 
1.542: [CMS-concurrent-preclean-start]
1.548: [CMS-concurrent-preclean: 0.005/0.006 secs] [Times: user=0.00 sys=0.01, real=0.01 secs] 
1.548: [CMS-concurrent-abortable-preclean-start]
Application time: 3.5529420 seconds
Total time for which application threads were stopped: 0.0026830 seconds
 CMS: abort preclean due to time 6.617: [CMS-concurrent-abortable-preclean: 0.063/5.069 secs] [Times: user=0.01 sys=0.05, real=5.07 secs] 
Application time: 1.5416230 seconds
6.621: [GC[YG occupancy: 7969 K (14784 K)]6.621: [Rescan (non-parallel) 6.621: [grey object rescan, 0.0001200 secs]6.621: [root rescan, 0.0048430 secs], 0.0050270 secs]6.626: [weak refs processing, 0.0001160 secs] [1 CMS-remark: 0K(49152K)] 7969K(63936K), 0.0052540 secs] [Times: user=0.00 sys=0.01, real=0.01 secs] 
Total time for which application threads were stopped: 0.0055480 seconds
6.626: [CMS-concurrent-sweep-start]
6.626: [CMS-concurrent-sweep: 0.000/0.000 secs] [Times: user=0.00 sys=0.00, real=0.00 secs] 
6.626: [CMS-concurrent-reset-start]
6.653: [CMS-concurrent-reset: 0.026/0.026 secs] [Times: user=0.00 sys=0.02, real=0.02 secs] 
Application time: 2.3305240 seconds
Total time for which application threads were stopped: 0.0002260 seconds
Application time: 0.0004570 seconds
Total time for which application threads were stopped: 0.0001020 seconds
Application time: 0.0002000 seconds
Total time for which application threads were stopped: 0.0000940 seconds
Application time: 0.0000450 seconds
Total time for which application threads were stopped: 0.0001140 seconds
Application time: 0.0315320 seconds
Total time for which application threads were stopped: 0.0001170 seconds
Application time: 0.0097560 seconds
Total time for which application threads were stopped: 0.0001400 seconds
Application time: 0.0136020 seconds
Total time for which application threads were stopped: 0.0003040 seconds
Application time: 0.0000410 seconds
Total time for which application threads were stopped: 0.0000870 seconds
Application time: 0.0001260 seconds
Total time for which application threads were stopped: 0.0000910 seconds
Application time: 0.0056190 seconds
Total time for which application threads were stopped: 0.0002120 seconds
Application time: 0.0001100 seconds
Total time for which application threads were stopped: 0.0000600 seconds
Application time: 0.0000890 seconds
Total time for which application threads were stopped: 0.0000580 seconds
Application time: 0.0000890 seconds
Total time for which application threads were stopped: 0.0000570 seconds
Application time: 0.0008020 seconds
Total time for which application threads were stopped: 0.0000680 seconds
Application time: 0.0012240 seconds
Total time for which application threads were stopped: 0.0000650 seconds
Application time: 0.0075560 seconds
Total time for which application threads were stopped: 0.0002080 seconds
Application time: 0.0163600 seconds
9.046: [GC [1 CMS-initial-mark: 0K(49152K)] 9317K(63936K), 0.0057910 secs] [Times: user=0.00 sys=0.00, real=0.00 secs] 
Total time for which application threads were stopped: 0.0059750 seconds
9.052: [CMS-concurrent-mark-start]
9.070: [CMS-concurrent-mark: 0.017/0.017 secs] [Times: user=0.01 sys=0.01, real=0.02 secs] 
9.070: [CMS-concurrent-preclean-start]
9.071: [CMS-concurrent-preclean: 0.001/0.002 secs] [Times: user=0.00 sys=0.00, real=0.00 secs] 
9.071: [CMS-concurrent-abortable-preclean-start]
9.072: [CMS-concurrent-abortable-preclean: 0.000/0.000 secs] [Times: user=0.00 sys=0.00, real=0.00 secs] 
Application time: 0.0192790 seconds
9.072: [GC[YG occupancy: 9317 K (14784 K)]9.072: [Rescan (non-parallel) 9.072: [grey object rescan, 0.0001190 secs]9.072: [root rescan, 0.0053030 secs], 0.0054790 secs]9.077: [weak refs processing, 0.0000760 secs] [1 CMS-remark: 0K(49152K)] 9317K(63936K), 0.0056420 secs] [Times: user=0.01 sys=0.00, real=0.01 secs] 
Total time for which application threads were stopped: 0.0058040 seconds
9.078: [CMS-concurrent-sweep-start]
9.078: [CMS-concurrent-sweep: 0.000/0.000 secs] [Times: user=0.00 sys=0.00, real=0.00 secs] 
9.078: [CMS-concurrent-reset-start]
9.082: [CMS-concurrent-reset: 0.004/0.004 secs] [Times: user=0.00 sys=0.00, real=0.00 secs] 
Heap
 def new generation   total 14784K, used 9317K [0xaa040000, 0xab040000, 0xab040000)
  eden space 13184K,  63% used [0xaa040000, 0xaa864170, 0xaad20000)
  from space 1600K,  61% used [0xaaeb0000, 0xaafa52f8, 0xab040000)
  to   space 1600K,   0% used [0xaad20000, 0xaad20000, 0xaaeb0000)
 concurrent mark-sweep generation total 49152K, used 0K [0xab040000, 0xae040000, 0xb0040000)
 concurrent-mark-sweep perm gen total 16384K, used 9712K [0xb0040000, 0xb1040000, 0xb4040000)
Application time: 0.0049290 seconds
