1 - Starting Container...
2 - Starting Container...
1 - Retrieving CDB reference from Manager using bootstrap ORB
2 - Retrieving CDB reference from Manager using bootstrap ORB
1 - 
2 - 
1 - 
2 - 
1 - Resolving reference: 'corbaloc::---:----/Manager'
2 - Resolving reference: 'corbaloc::---:----/Manager'
1 - Manager reference narrowed.
2 - Manager reference narrowed.
1 - DAO:'MACI' Unable to return field: 'Containers/bilboContainer/LoggingConfig/dispatchPacketSize'
2 - DAO:'MACI' Unable to return field: 'Containers/archiveContainer/LoggingConfig/dispatchPacketSize'
1 - Configuration information for container 'bilboContainer' not available.
2 - Configuration information for container 'archiveContainer' not available.
1 - Starting as dynamic container.
2 - Starting as dynamic container.
1 - 
2 - 
1 - 
2 - 
1 - 
2 - 
1 - ----------T--:--:--.--- [ARCHIVECON1 - ] myHandlerFunction()...device is:TEST_PS_1
1 - ----------T--:--:--.--- [ARCHIVECON1 - ] myHandlerFunction()...device is:TEST_PS_1
1 - ----------T--:--:--.--- [ARCHIVECON1 - ] myHandlerFunction()...device is:TEST_PS_1
1 - ----------T--:--:--.--- [ARCHIVECON1 - ] myHandlerFunction()...device is:TEST_PS_1
1 - ----------T--:--:--.--- [ARCHIVECON1 - ] myHandlerFunction()...device is:TEST_PS_1
1 - /----/libbaci.so
3 - ----------T--:--:--.--- Python Client disconnect - Shutdown called for client
