1 - Starting Container...
2 - Starting Container...
1 - Retrieving CDB reference from Manager using bootstrap ORB
2 - Retrieving CDB reference from Manager using bootstrap ORB
1 - 
2 - 
1 - 
2 - 
1 - Resolving reference: 'corbaloc::---:----/Manager'
2 - Resolving reference: 'corbaloc::---:----/Manager'
1 - Manager reference narrowed.
2 - Manager reference narrowed.
1 - DAO:'MACI' Unable to return field: 'Containers/bilboContainer/LoggingConfig/dispatchPacketSize'
2 - DAO:'MACI' Unable to return field: 'Containers/archiveContainer/LoggingConfig/dispatchPacketSize'
1 - Configuration information for container 'bilboContainer' not available.
2 - Configuration information for container 'archiveContainer' not available.
1 - Starting as dynamic container.
2 - Starting as dynamic container.
1 - 
2 - 
1 - 
2 - 
1 - 
2 - 
1 - ----------T--:--:--.--- [bilboContainer - maci::ContainerImpl::init] Generated CommandLine: maciContainer bilboContainer -ORBEndpoint iiop://xxx:---- -m corbaloc::---:----/Manager  -ORBDottedDecimalAddresses 1 -ORBInitRef InterfaceRepository=corbaloc::---:----/InterfaceRepository
1 - ----------T--:--:--.--- [bilboContainer - maci::ContainerImpl::init] Destroy bootstrap ORB
1 - ----------T--:--:--.--- [bilboContainer - maci::ContainerImpl::initializeCORBA] 
1 - ----------T--:--:--.--- [bilboContainer - maci::ContainerImpl::getManager] 
1 - ----------T--:--:--.--- [bilboContainer - maci::ContainerImpl::getManager] Resolving manager...
1 - ----------T--:--:--.--- [bilboContainer - maci::ContainerImpl::resolveManager] 
1 - ----------T--:--:--.--- [bilboContainer - maci::Container::init] Recovery enabled.
1 - ----------T--:--:--.--- [bilboContainer - maci::ContainerImpl::activateCORBAObject] 
1 - ----------T--:--:--.--- [bilboContainer - maci::ContainerImpl::init] Container 'bilboContainer' activated.
1 - ----------T--:--:--.--- [bilboContainer - maci::ContainerImpl::init] Using DLL path: .....
1 - ----------T--:--:--.--- [bilboContainer - maci::ContainerImpl::init] Autoloading 'baci'
1 - ----------T--:--:--.--- [bilboContainer - maci::ContainerImpl::loadDLL] 
1 - ----------T--:--:--.--- [bilboContainer - maci::ContainerImpl::init] Container 'bilboContainer' initialized successfuly
1 - ----------T--:--:--.--- [bilboContainer - maci::ContainerImpl::init] Usage of an InterfaceRepository disabled.
1 - ----------T--:--:--.--- [bilboContainer - maci::ContainerImpl::init] Connecting to the Manager...
1 - ----------T--:--:--.--- [bilboContainer - maci::ContainerImpl::resolveManager] 
1 - ----------T--:--:--.--- [bilboContainer - maci::ContainerImpl::init] Connected to the Manager.
1 - ----------T--:--:--.--- [bilboContainer - maci::ContainerImpl::init] Connecting to the Archiving Channel.
1 - ----------T--:--:--.--- [bilboContainer - maci::ContainerImpl::init] Connecting to the Centralized Logger...
1 - ----------T--:--:--.--- [bilboContainer - maci::ContainerImpl::init] Connected to the Centralized Logger.
1 - ----------T--:--:--.--- [bilboContainer - maci::ContainerImpl::init] Logging into the Manager...
1 - ----------T--:--:--.--- [bilboContainer - maci::ContainerImpl::init] Set Naming Context to Logger.
1 - ----------T--:--:--.--- [bilboContainer - maci::ContainerImpl:::authenticate] 
2 - ----------T--:--:--.--- [archiveContainer - maci::ContainerImpl::init] Generated CommandLine: maciContainer archiveContainer -ORBEndpoint iiop://xxx:---- -m corbaloc::---:----/Manager  -ORBDottedDecimalAddresses 1 -ORBInitRef InterfaceRepository=corbaloc::---:----/InterfaceRepository
2 - ----------T--:--:--.--- [archiveContainer - maci::ContainerImpl::init] Destroy bootstrap ORB
2 - ----------T--:--:--.--- [archiveContainer - maci::ContainerImpl::initializeCORBA] 
2 - ----------T--:--:--.--- [archiveContainer - maci::ContainerImpl::getManager] 
2 - ----------T--:--:--.--- [archiveContainer - maci::ContainerImpl::getManager] Resolving manager...
2 - ----------T--:--:--.--- [archiveContainer - maci::ContainerImpl::resolveManager] 
2 - ----------T--:--:--.--- [archiveContainer - maci::Container::init] Recovery enabled.
2 - ----------T--:--:--.--- [archiveContainer - maci::ContainerImpl::activateCORBAObject] 
2 - ----------T--:--:--.--- [archiveContainer - maci::ContainerImpl::init] Container 'archiveContainer' activated.
2 - ----------T--:--:--.--- [archiveContainer - maci::ContainerImpl::init] Using DLL path: .....
2 - ----------T--:--:--.--- [archiveContainer - maci::ContainerImpl::init] Autoloading 'baci'
2 - ----------T--:--:--.--- [archiveContainer - maci::ContainerImpl::loadDLL] 
2 - ----------T--:--:--.--- [archiveContainer - maci::ContainerImpl::init] Container 'archiveContainer' initialized successfuly
2 - ----------T--:--:--.--- [archiveContainer - maci::ContainerImpl::init] Usage of an InterfaceRepository disabled.
2 - ----------T--:--:--.--- [archiveContainer - maci::ContainerImpl::init] Connecting to the Manager...
2 - ----------T--:--:--.--- [archiveContainer - maci::ContainerImpl::resolveManager] 
2 - ----------T--:--:--.--- [archiveContainer - maci::ContainerImpl::init] Connected to the Manager.
2 - ----------T--:--:--.--- [archiveContainer - maci::ContainerImpl::init] Connecting to the Archiving Channel.
2 - ----------T--:--:--.--- [archiveContainer - maci::ContainerImpl::init] Connecting to the Centralized Logger...
2 - ----------T--:--:--.--- [archiveContainer - maci::ContainerImpl::init] Connected to the Centralized Logger.
2 - ----------T--:--:--.--- [archiveContainer - maci::ContainerImpl::init] Logging into the Manager...
2 - ----------T--:--:--.--- [archiveContainer - maci::ContainerImpl::init] Set Naming Context to Logger.
2 - ----------T--:--:--.--- [archiveContainer - maci::ContainerImpl:::authenticate] 
1 - ----------T--:--:--.--- [ARCHIVECON1 - ] myHandlerFunction()...device is:TEST_PS_1
1 - ----------T--:--:--.--- [ARCHIVECON1 - ] myHandlerFunction()...device is:TEST_PS_1
1 - ----------T--:--:--.--- [ARCHIVECON1 - ] myHandlerFunction()...device is:TEST_PS_1
1 - ----------T--:--:--.--- [ARCHIVECON1 - ] myHandlerFunction()...device is:TEST_PS_1
1 - ----------T--:--:--.--- [ARCHIVECON1 - ] myHandlerFunction()...device is:TEST_PS_1
1 - /----/libbaci.so
