1 - Number of Devices: 1
1 - MC_TEST_COMPONENT 
1 - 	MC_TEST_COMPONENT:doubleSeqProp ['12124']
1 - 		{'value': [0.0, 0.0, 0.0, 0.0, 0.0, 0.0, 0.0, 0.0, 0.0, 0.0, 0.0, 0.0, 0.0, 0.0, 0.0, 0.0, 0.0, 0.0, 0.0, 0.0, 0.0, 0.0, 0.0, 0.0, 0.0], 'time': ------------------L}
1 - 		{'value': [1.0, 1.0, 1.0, 1.0, 1.0, 1.0, 1.0, 1.0, 1.0, 1.0, 1.0, 1.0, 1.0, 1.0, 1.0, 1.0, 1.0, 1.0, 1.0, 1.0, 1.0, 1.0, 1.0, 1.0, 1.0], 'time': ------------------L}
1 - 		{'value': [2.0, 2.0, 2.0, 2.0, 2.0, 2.0, 2.0, 2.0, 2.0, 2.0, 2.0, 2.0, 2.0, 2.0, 2.0, 2.0, 2.0, 2.0, 2.0, 2.0, 2.0, 2.0, 2.0, 2.0, 2.0], 'time': ------------------L}
1 - 		{'value': [3.0, 3.0, 3.0, 3.0, 3.0, 3.0, 3.0, 3.0, 3.0, 3.0, 3.0, 3.0, 3.0, 3.0, 3.0, 3.0, 3.0, 3.0, 3.0, 3.0, 3.0, 3.0, 3.0, 3.0, 3.0], 'time': ------------------L}
1 - 		{'value': [4.0, 4.0, 4.0, 4.0, 4.0, 4.0, 4.0, 4.0, 4.0, 4.0, 4.0, 4.0, 4.0, 4.0, 4.0, 4.0, 4.0, 4.0, 4.0, 4.0, 4.0, 4.0, 4.0, 4.0, 4.0], 'time': ------------------L}
1 - 		{'value': [5.0, 5.0, 5.0, 5.0, 5.0, 5.0, 5.0, 5.0, 5.0, 5.0, 5.0, 5.0, 5.0, 5.0, 5.0, 5.0, 5.0, 5.0, 5.0, 5.0, 5.0, 5.0, 5.0, 5.0, 5.0], 'time': ------------------L}
1 - 		{'value': [6.0, 6.0, 6.0, 6.0, 6.0, 6.0, 6.0, 6.0, 6.0, 6.0, 6.0, 6.0, 6.0, 6.0, 6.0, 6.0, 6.0, 6.0, 6.0, 6.0, 6.0, 6.0, 6.0, 6.0, 6.0], 'time': ------------------L}
1 - 		{'value': [7.0, 7.0, 7.0, 7.0, 7.0, 7.0, 7.0, 7.0, 7.0, 7.0, 7.0, 7.0, 7.0, 7.0, 7.0, 7.0, 7.0, 7.0, 7.0, 7.0, 7.0, 7.0, 7.0, 7.0, 7.0], 'time': ------------------L}
1 - 		{'value': [8.0, 8.0, 8.0, 8.0, 8.0, 8.0, 8.0, 8.0, 8.0, 8.0, 8.0, 8.0, 8.0, 8.0, 8.0, 8.0, 8.0, 8.0, 8.0, 8.0, 8.0, 8.0, 8.0, 8.0, 8.0], 'time': ------------------L}
1 - 		{'value': [9.0, 9.0, 9.0, 9.0, 9.0, 9.0, 9.0, 9.0, 9.0, 9.0, 9.0, 9.0, 9.0, 9.0, 9.0, 9.0, 9.0, 9.0, 9.0, 9.0, 9.0, 9.0, 9.0, 9.0, 9.0], 'time': ------------------L}
1 - 		{'value': [10.0, 10.0, 10.0, 10.0, 10.0, 10.0, 10.0, 10.0, 10.0, 10.0, 10.0, 10.0, 10.0, 10.0, 10.0, 10.0, 10.0, 10.0, 10.0, 10.0, 10.0, 10.0, 10.0, 10.0, 10.0], 'time': ------------------L}
1 - 		{'value': [11.0, 11.0, 11.0, 11.0, 11.0, 11.0, 11.0, 11.0, 11.0, 11.0, 11.0, 11.0, 11.0, 11.0, 11.0, 11.0, 11.0, 11.0, 11.0, 11.0, 11.0, 11.0, 11.0, 11.0, 11.0], 'time': ------------------L}
1 - 		{'value': [12.0, 12.0, 12.0, 12.0, 12.0, 12.0, 12.0, 12.0, 12.0, 12.0, 12.0, 12.0, 12.0, 12.0, 12.0, 12.0, 12.0, 12.0, 12.0, 12.0, 12.0, 12.0, 12.0, 12.0, 12.0], 'time': ------------------L}
1 - 		{'value': [13.0, 13.0, 13.0, 13.0, 13.0, 13.0, 13.0, 13.0, 13.0, 13.0, 13.0, 13.0, 13.0, 13.0, 13.0, 13.0, 13.0, 13.0, 13.0, 13.0, 13.0, 13.0, 13.0, 13.0, 13.0], 'time': ------------------L}
1 - 		{'value': [14.0, 14.0, 14.0, 14.0, 14.0, 14.0, 14.0, 14.0, 14.0, 14.0, 14.0, 14.0, 14.0, 14.0, 14.0, 14.0, 14.0, 14.0, 14.0, 14.0, 14.0, 14.0, 14.0, 14.0, 14.0], 'time': ------------------L}
1 - 	MC_TEST_COMPONENT:doubleProp ['3432535']
1 - 		{'value': 0.0, 'time': ------------------L}
1 - 		{'value': 1.0, 'time': ------------------L}
1 - 		{'value': 2.0, 'time': ------------------L}
1 - 		{'value': 3.0, 'time': ------------------L}
1 - 		{'value': 4.0, 'time': ------------------L}
1 - 		{'value': 5.0, 'time': ------------------L}
1 - 		{'value': 6.0, 'time': ------------------L}
1 - 		{'value': 7.0, 'time': ------------------L}
1 - 		{'value': 8.0, 'time': ------------------L}
1 - 		{'value': 9.0, 'time': ------------------L}
1 - 		{'value': 10.0, 'time': ------------------L}
1 - 		{'value': 11.0, 'time': ------------------L}
1 - 		{'value': 12.0, 'time': ------------------L}
1 - 		{'value': 13.0, 'time': ------------------L}
1 - 		{'value': 14.0, 'time': ------------------L}
1 - 	MC_TEST_COMPONENT:longProp []
1 - 		{'value': 50, 'time': ------------------L}
1 - 		{'value': 51, 'time': ------------------L}
1 - 		{'value': 52, 'time': ------------------L}
1 - 		{'value': 53, 'time': ------------------L}
1 - 		{'value': 54, 'time': ------------------L}
1 - 		{'value': 55, 'time': ------------------L}
1 - 		{'value': 56, 'time': ------------------L}
1 - 		{'value': 57, 'time': ------------------L}
1 - 		{'value': 58, 'time': ------------------L}
1 - 		{'value': 59, 'time': ------------------L}
1 - 		{'value': 60, 'time': ------------------L}
1 - 		{'value': 61, 'time': ------------------L}
1 - 		{'value': 62, 'time': ------------------L}
1 - 		{'value': 63, 'time': ------------------L}
1 - 		{'value': 64, 'time': ------------------L}
1 - 		{'value': 65, 'time': ------------------L}
1 - 		{'value': 66, 'time': ------------------L}
1 - 		{'value': 67, 'time': ------------------L}
1 - 		{'value': 68, 'time': ------------------L}
1 - 		{'value': 69, 'time': ------------------L}
1 - 	MC_TEST_COMPONENT:longSeqProp []
1 - 		{'value': [48, 48, 48, 48, 48, 48, 48, 48, 48, 48, 48, 48, 48, 48, 48, 48, 48, 48, 48, 48, 48, 48, 48, 48, 48], 'time': ------------------L}
1 - 		{'value': [49, 49, 49, 49, 49, 49, 49, 49, 49, 49, 49, 49, 49, 49, 49, 49, 49, 49, 49, 49, 49, 49, 49, 49, 49], 'time': ------------------L}
1 - 		{'value': [50, 50, 50, 50, 50, 50, 50, 50, 50, 50, 50, 50, 50, 50, 50, 50, 50, 50, 50, 50, 50, 50, 50, 50, 50], 'time': ------------------L}
1 - 		{'value': [51, 51, 51, 51, 51, 51, 51, 51, 51, 51, 51, 51, 51, 51, 51, 51, 51, 51, 51, 51, 51, 51, 51, 51, 51], 'time': ------------------L}
1 - 		{'value': [52, 52, 52, 52, 52, 52, 52, 52, 52, 52, 52, 52, 52, 52, 52, 52, 52, 52, 52, 52, 52, 52, 52, 52, 52], 'time': ------------------L}
1 - 		{'value': [53, 53, 53, 53, 53, 53, 53, 53, 53, 53, 53, 53, 53, 53, 53, 53, 53, 53, 53, 53, 53, 53, 53, 53, 53], 'time': ------------------L}
1 - 		{'value': [54, 54, 54, 54, 54, 54, 54, 54, 54, 54, 54, 54, 54, 54, 54, 54, 54, 54, 54, 54, 54, 54, 54, 54, 54], 'time': ------------------L}
1 - 		{'value': [55, 55, 55, 55, 55, 55, 55, 55, 55, 55, 55, 55, 55, 55, 55, 55, 55, 55, 55, 55, 55, 55, 55, 55, 55], 'time': ------------------L}
1 - 		{'value': [56, 56, 56, 56, 56, 56, 56, 56, 56, 56, 56, 56, 56, 56, 56, 56, 56, 56, 56, 56, 56, 56, 56, 56, 56], 'time': ------------------L}
1 - 		{'value': [57, 57, 57, 57, 57, 57, 57, 57, 57, 57, 57, 57, 57, 57, 57, 57, 57, 57, 57, 57, 57, 57, 57, 57, 57], 'time': ------------------L}
1 - 		{'value': [58, 58, 58, 58, 58, 58, 58, 58, 58, 58, 58, 58, 58, 58, 58, 58, 58, 58, 58, 58, 58, 58, 58, 58, 58], 'time': ------------------L}
1 - 		{'value': [59, 59, 59, 59, 59, 59, 59, 59, 59, 59, 59, 59, 59, 59, 59, 59, 59, 59, 59, 59, 59, 59, 59, 59, 59], 'time': ------------------L}
1 - 		{'value': [60, 60, 60, 60, 60, 60, 60, 60, 60, 60, 60, 60, 60, 60, 60, 60, 60, 60, 60, 60, 60, 60, 60, 60, 60], 'time': ------------------L}
1 - 		{'value': [61, 61, 61, 61, 61, 61, 61, 61, 61, 61, 61, 61, 61, 61, 61, 61, 61, 61, 61, 61, 61, 61, 61, 61, 61], 'time': ------------------L}
1 - 		{'value': [62, 62, 62, 62, 62, 62, 62, 62, 62, 62, 62, 62, 62, 62, 62, 62, 62, 62, 62, 62, 62, 62, 62, 62, 62], 'time': ------------------L}
1 - 		{'value': [63, 63, 63, 63, 63, 63, 63, 63, 63, 63, 63, 63, 63, 63, 63, 63, 63, 63, 63, 63, 63, 63, 63, 63, 63], 'time': ------------------L}
1 - 		{'value': [64, 64, 64, 64, 64, 64, 64, 64, 64, 64, 64, 64, 64, 64, 64, 64, 64, 64, 64, 64, 64, 64, 64, 64, 64], 'time': ------------------L}
1 - 		{'value': [65, 65, 65, 65, 65, 65, 65, 65, 65, 65, 65, 65, 65, 65, 65, 65, 65, 65, 65, 65, 65, 65, 65, 65, 65], 'time': ------------------L}
1 - 		{'value': [66, 66, 66, 66, 66, 66, 66, 66, 66, 66, 66, 66, 66, 66, 66, 66, 66, 66, 66, 66, 66, 66, 66, 66, 66], 'time': ------------------L}
1 - 		{'value': [67, 67, 67, 67, 67, 67, 67, 67, 67, 67, 67, 67, 67, 67, 67, 67, 67, 67, 67, 67, 67, 67, 67, 67, 67], 'time': ------------------L}
1 - 	MC_TEST_COMPONENT:patternProp []
1 - 		{'value': 50L, 'time': ------------------L}
1 - 		{'value': 51L, 'time': ------------------L}
1 - 		{'value': 52L, 'time': ------------------L}
1 - 		{'value': 53L, 'time': ------------------L}
1 - 		{'value': 54L, 'time': ------------------L}
1 - 		{'value': 55L, 'time': ------------------L}
1 - 		{'value': 56L, 'time': ------------------L}
1 - 		{'value': 57L, 'time': ------------------L}
1 - 		{'value': 58L, 'time': ------------------L}
1 - 		{'value': 59L, 'time': ------------------L}
1 - 		{'value': 60L, 'time': ------------------L}
1 - 		{'value': 61L, 'time': ------------------L}
1 - 		{'value': 62L, 'time': ------------------L}
1 - 		{'value': 63L, 'time': ------------------L}
1 - 		{'value': 64L, 'time': ------------------L}
1 - 		{'value': 65L, 'time': ------------------L}
1 - 		{'value': 66L, 'time': ------------------L}
1 - 		{'value': 67L, 'time': ------------------L}
1 - 		{'value': 68L, 'time': ------------------L}
1 - 		{'value': 69L, 'time': ------------------L}
