1 - Running acsexmplClientTower TOWER1
1 - ----------T--:--:--.--- [GlobalLogger - ] Logging proxy successfully created.
1 - ----------T--:--:--.--- [GlobalLogger - ] Getting COB: TOWER1
1 - ----------T--:--:--.--- [GlobalLogger - ] Got COB: TOWER1
1 - ----------T--:--:--.--- [GlobalLogger - ] Releasing...
1 - All done!
