1 - java version....
1 - Java... (build...)
1 - Java... (build...)
1 - 
1 - ActivatioStatNotification: #active=0, #pri1=0, #pri2=0, #pri3=0, #pri4=0
1 - ReductionStatNotification: #reduced=0, masked=0, @multP=0, @multC=0, @nodeP=0, @nodeC=0
1 - ActivatioStatNotification: #active=0, #pri1=0, #pri2=0, #pri3=0, #pri4=0
1 - ReductionStatNotification: #reduced=0, masked=0, @multP=0, @multC=0, @nodeP=0, @nodeC=0
1 - ActivatioStatNotification: #active=0, #pri1=0, #pri2=0, #pri3=0, #pri4=0
1 - ReductionStatNotification: #reduced=0, masked=0, @multP=0, @multC=0, @nodeP=0, @nodeC=0
1 - ActivatioStatNotification: #active=0, #pri1=0, #pri2=0, #pri3=0, #pri4=0
1 - ReductionStatNotification: #reduced=0, masked=0, @multP=0, @multC=0, @nodeP=0, @nodeC=0
1 - ActivatioStatNotification: #active=0, #pri1=0, #pri2=0, #pri3=0, #pri4=0
1 - ReductionStatNotification: #reduced=0, masked=0, @multP=0, @multC=0, @nodeP=0, @nodeC=0
1 - ActivatioStatNotification: #active=0, #pri1=0, #pri2=0, #pri3=0, #pri4=0
1 - ReductionStatNotification: #reduced=0, masked=0, @multP=0, @multC=0, @nodeP=0, @nodeC=0
1 - ActivatioStatNotification: #active=0, #pri1=0, #pri2=0, #pri3=0, #pri4=0
1 - ReductionStatNotification: #reduced=0, masked=0, @multP=0, @multC=0, @nodeP=0, @nodeC=0
1 - ActivatioStatNotification: #active=0, #pri1=0, #pri2=0, #pri3=0, #pri4=0
1 - ReductionStatNotification: #reduced=0, masked=0, @multP=0, @multC=0, @nodeP=0, @nodeC=0
1 - ActivatioStatNotification: #active=0, #pri1=0, #pri2=0, #pri3=0, #pri4=0
1 - ReductionStatNotification: #reduced=0, masked=0, @multP=0, @multC=0, @nodeP=0, @nodeC=0
1 - ActivatioStatNotification: #active=0, #pri1=0, #pri2=0, #pri3=0, #pri4=0
1 - ReductionStatNotification: #reduced=0, masked=0, @multP=0, @multC=0, @nodeP=0, @nodeC=0
1 - ActivatioStatNotification: #active=0, #pri1=0, #pri2=0, #pri3=0, #pri4=0
1 - ReductionStatNotification: #reduced=0, masked=0, @multP=0, @multC=0, @nodeP=0, @nodeC=0
1 - ActivatioStatNotification: #active=0, #pri1=0, #pri2=0, #pri3=0, #pri4=0
1 - ReductionStatNotification: #reduced=0, masked=0, @multP=0, @multC=0, @nodeP=0, @nodeC=0
1 - ActivatioStatNotification: #active=0, #pri1=0, #pri2=0, #pri3=0, #pri4=0
1 - ReductionStatNotification: #reduced=0, masked=0, @multP=0, @multC=0, @nodeP=0, @nodeC=0
1 - ActivatioStatNotification: #active=0, #pri1=0, #pri2=0, #pri3=0, #pri4=0
1 - ReductionStatNotification: #reduced=0, masked=0, @multP=0, @multC=0, @nodeP=0, @nodeC=0
1 - ActivatioStatNotification: #active=0, #pri1=0, #pri2=0, #pri3=0, #pri4=0
1 - ReductionStatNotification: #reduced=0, masked=0, @multP=0, @multC=0, @nodeP=0, @nodeC=0
1 - ActivatioStatNotification: #active=0, #pri1=0, #pri2=0, #pri3=0, #pri4=0
1 - ReductionStatNotification: #reduced=0, masked=0, @multP=0, @multC=0, @nodeP=0, @nodeC=0
1 - ActivatioStatNotification: #active=0, #pri1=0, #pri2=0, #pri3=0, #pri4=0
1 - ReductionStatNotification: #reduced=0, masked=0, @multP=0, @multC=0, @nodeP=0, @nodeC=0
1 - ActivatioStatNotification: #active=0, #pri1=0, #pri2=0, #pri3=0, #pri4=0
1 - ReductionStatNotification: #reduced=0, masked=0, @multP=0, @multC=0, @nodeP=0, @nodeC=0
1 - ActivatioStatNotification: #active=0, #pri1=0, #pri2=0, #pri3=0, #pri4=0
1 - ReductionStatNotification: #reduced=0, masked=0, @multP=0, @multC=0, @nodeP=0, @nodeC=0
1 - ActivatioStatNotification: #active=0, #pri1=0, #pri2=0, #pri3=0, #pri4=0
1 - ReductionStatNotification: #reduced=0, masked=0, @multP=0, @multC=0, @nodeP=0, @nodeC=0
1 - AlarmListenerName: exception received. Code is Code_1
1 - AlarmListenerName: exception received. Code is Code_2
1 - AlarmListenerName: exception received. Code is Code_3
1 - AlarmListenerName: exception received. Code is Code_4
1 - AlarmListenerName: exception received. Code is Code_5
1 - AlarmListenerName: exception received. Code is Code_6
1 - AlarmListenerName: exception received. Code is Code_7
1 - AlarmListenerName: exception received. Code is Code_8
1 - AlarmListenerName: exception received. Code is Code_9
1 - AlarmListenerName: exception received. Code is Code_10
1 - AlarmListenerName: exception received. Code is Code_11
1 - AlarmListenerName: exception received. Code is Code_12
1 - AlarmListenerName: exception received. Code is Code_13
1 - AlarmListenerName: exception received. Code is Code_14
1 - AlarmListenerName: exception received. Code is Code_15
1 - AlarmListenerName: exception received. Code is Code_16
1 - AlarmListenerName: exception received. Code is Code_17
1 - AlarmListenerName: exception received. Code is Code_18
1 - AlarmListenerName: exception received. Code is Code_19
1 - AlarmListenerName: exception received. Code is Code_20
1 - AlarmListenerName: exception received. Code is Code_21
1 - AlarmListenerName: exception received. Code is Code_22
1 - AlarmListenerName: exception received. Code is Code_23
1 - AlarmListenerName: exception received. Code is Code_24
1 - AlarmListenerName: exception received. Code is Code_25
1 - Unfiltered-listener: alarm received [faultFamily:faultMember:1]
1 - Unfiltered-listener: alarm received [faultFamily:faultMember:2]
1 - Unfiltered-listener: alarm received [faultFamily:faultMember:3]
1 - Unfiltered-listener: alarm received [faultFamily:faultMember:4]
1 - Unfiltered-listener: alarm received [faultFamily:faultMember:5]
1 - Unfiltered-listener: alarm received [faultFamily:faultMember:6]
1 - Unfiltered-listener: alarm received [faultFamily:faultMember:7]
1 - Unfiltered-listener: alarm received [faultFamily:faultMember:8]
1 - Unfiltered-listener: alarm received [faultFamily:faultMember:9]
1 - Unfiltered-listener: alarm received [faultFamily:faultMember:10]
1 - Filtered-listener: alarm received [faultFamily:faultMember:10]
1 - Unfiltered-listener: alarm received [faultFamily:faultMember:11]
1 - Filtered-listener: alarm received [faultFamily:faultMember:11]
1 - Unfiltered-listener: alarm received [faultFamily:faultMember:12]
1 - Filtered-listener: alarm received [faultFamily:faultMember:12]
1 - Unfiltered-listener: alarm received [faultFamily:faultMember:13]
1 - Filtered-listener: alarm received [faultFamily:faultMember:13]
1 - Unfiltered-listener: alarm received [faultFamily:faultMember:14]
1 - Filtered-listener: alarm received [faultFamily:faultMember:14]
1 - Unfiltered-listener: alarm received [faultFamily:faultMember:15]
1 - Filtered-listener: alarm received [faultFamily:faultMember:15]
1 - Unfiltered-listener: alarm received [faultFamily:faultMember:16]
1 - Filtered-listener: alarm received [faultFamily:faultMember:16]
1 - Unfiltered-listener: alarm received [faultFamily:faultMember:17]
1 - Filtered-listener: alarm received [faultFamily:faultMember:17]
1 - Unfiltered-listener: alarm received [faultFamily:faultMember:18]
1 - Filtered-listener: alarm received [faultFamily:faultMember:18]
1 - Unfiltered-listener: alarm received [faultFamily:faultMember:19]
1 - Filtered-listener: alarm received [faultFamily:faultMember:19]
1 - Unfiltered-listener: alarm received [faultFamily:faultMember:20]
1 - Filtered-listener: alarm received [faultFamily:faultMember:20]
1 - Unfiltered-listener: alarm received [faultFamily:faultMember:21]
1 - Filtered-listener: alarm received [faultFamily:faultMember:21]
1 - Unfiltered-listener: alarm received [faultFamily:faultMember:22]
1 - Filtered-listener: alarm received [faultFamily:faultMember:22]
1 - Unfiltered-listener: alarm received [faultFamily:faultMember:23]
1 - Filtered-listener: alarm received [faultFamily:faultMember:23]
1 - Unfiltered-listener: alarm received [faultFamily:faultMember:24]
1 - Filtered-listener: alarm received [faultFamily:faultMember:24]
1 - Unfiltered-listener: alarm received [faultFamily:faultMember:25]
1 - Filtered-listener: alarm received [faultFamily:faultMember:25]
1 - Unfiltered-listener: alarm received [faultFamily:faultMember:26]
1 - Unfiltered-listener: alarm received [faultFamily:faultMember:27]
1 - Unfiltered-listener: alarm received [faultFamily:faultMember:28]
1 - Unfiltered-listener: alarm received [faultFamily:faultMember:29]
1 - Unfiltered-listener: alarm received [faultFamily:faultMember:30]
1 - Unfiltered-listener: alarm received [faultFamily:faultMember:31]
1 - Unfiltered-listener: alarm received [faultFamily:faultMember:32]
1 - Unfiltered-listener: alarm received [faultFamily:faultMember:33]
1 - Unfiltered-listener: alarm received [faultFamily:faultMember:34]
1 - Unfiltered-listener: alarm received [faultFamily:faultMember:35]
1 - Unfiltered-listener: alarm received [faultFamily:faultMember:36]
1 - Unfiltered-listener: alarm received [faultFamily:faultMember:37]
1 - Unfiltered-listener: alarm received [faultFamily:faultMember:38]
1 - Unfiltered-listener: alarm received [faultFamily:faultMember:39]
1 - Unfiltered-listener: alarm received [faultFamily:faultMember:40]
1 - Unfiltered-listener: alarm received [faultFamily:faultMember:41]
1 - Unfiltered-listener: alarm received [faultFamily:faultMember:42]
1 - Unfiltered-listener: alarm received [faultFamily:faultMember:43]
1 - Unfiltered-listener: alarm received [faultFamily:faultMember:44]
1 - Unfiltered-listener: alarm received [faultFamily:faultMember:45]
1 - Unfiltered-listener: alarm received [faultFamily:faultMember:46]
1 - Unfiltered-listener: alarm received [faultFamily:faultMember:47]
1 - Unfiltered-listener: alarm received [faultFamily:faultMember:48]
1 - Unfiltered-listener: alarm received [faultFamily:faultMember:49]
1 - Unfiltered-listener: alarm received [faultFamily:faultMember:50]
1 - 
1 - 
1 - OK (5 tests)
1 - 
