1 - Local channel testchannel created
1 - Event sent.
1 - Receiver LocalReceiver got an event.
1 - local event
1 - Event sent.
1 - Receiver LocalReceiver got an event.
1 - local event
1 - Event sent.
1 - Receiver LocalReceiver got an event.
1 - local event
1 - Event sent.
1 - Receiver LocalReceiver got an event.
1 - local event
1 - Event sent.
1 - Receiver LocalReceiver got an event.
1 - local event
1 - Event sent.
1 - Receiver LocalReceiver got an event.
1 - local event
1 - Event sent.
1 - Receiver LocalReceiver got an event.
1 - local event
