1 - ContainerStatusMsg: Startup begins
1 - ContainerStatusMsg: ORB initialization begins
1 - ContainerStatusMsg: ORB initialization ends
1 - ContainerStatusMsg: Manager access initialization begins
1 - ContainerStatusMsg: Manager access initialization ends
1 - ContainerStatusMsg: Startup ends
1 - ContainerStatusMsg: Automatic component loading begins
1 - ContainerStatusMsg: Automatic component loading ends
1 - ContainerStatusMsg: Ready
1 - ----------T--:--:--.--- INFO [SUPPLIER_CDB_CHANNEL_COMP1] initialize() called...
1 - ----------T--:--:--.--- INFO [SUPPLIER_CDB_CHANNEL_COMP1] Successfully created and configured a notification channel. [ logName='LOG_NC_ChannelCreated_OK' ChannelName='cdb_channel' ChannelId='xxx' Service='NotifyEventChannelFactory' TimeMillis='xxx' ]
1 - Now sending simplesupplier events...
1 - ----------T--:--:--.--- INFO [SUPPLIER_CDB_CHANNEL_COMP1] cleanUp() called...
1 - ----------T--:--:--.--- INFO [SUPPLIER_CDB_CHANNEL_COMP1] A Consumer has disconnected from the 'cdb_channel' channel
