1 -  -- alma.lifecycleTest.TestLifeCycleCompImpl.TestMultipleComponents TESTAUTOPY 50 SIMPLE
1 - <timestamp> INFO [acsStartJava] Starting Java application: alma.lifecycleTest.TestLifeCycleCompImpl.TestMultipleComponents TESTAUTOPY 50 SIMPLE
1 - .<timestamp> INFO [alma.lifecycleTest.TestLifeCycleCompImpl.TestMultipleComponents#testGetGivenComponents] -------------------------------
1 - <timestamp> INFO [alma.lifecycleTest.TestLifeCycleCompImpl.TestMultipleComponents#testGetGivenComponents] ComponentClientTestCase#setUp()
1 - <timestamp> INFO [alma.lifecycleTest.TestLifeCycleCompImpl.TestMultipleComponents#testGetGivenComponents] client 'alma.lifecycleTest.TestLifeCycleCompImpl.TestMultipleComponents' has successfully delivered a component release request for curl=TESTAUTOPY1
1 - <timestamp> INFO [alma.lifecycleTest.TestLifeCycleCompImpl.TestMultipleComponents#testGetGivenComponents] client 'alma.lifecycleTest.TestLifeCycleCompImpl.TestMultipleComponents' has successfully delivered a component release request for curl=TESTAUTOPY40
1 - <timestamp> INFO [alma.lifecycleTest.TestLifeCycleCompImpl.TestMultipleComponents#testGetGivenComponents] client 'alma.lifecycleTest.TestLifeCycleCompImpl.TestMultipleComponents' has successfully delivered a component release request for curl=TESTAUTOPY41
1 - <timestamp> INFO [alma.lifecycleTest.TestLifeCycleCompImpl.TestMultipleComponents#testGetGivenComponents] client 'alma.lifecycleTest.TestLifeCycleCompImpl.TestMultipleComponents' has successfully delivered a component release request for curl=TESTAUTOPY7
1 - <timestamp> INFO [alma.lifecycleTest.TestLifeCycleCompImpl.TestMultipleComponents#testGetGivenComponents] client 'alma.lifecycleTest.TestLifeCycleCompImpl.TestMultipleComponents' has successfully delivered a component release request for curl=TESTAUTOPY44
1 - <timestamp> INFO [alma.lifecycleTest.TestLifeCycleCompImpl.TestMultipleComponents#testGetGivenComponents] client 'alma.lifecycleTest.TestLifeCycleCompImpl.TestMultipleComponents' has successfully delivered a component release request for curl=TESTAUTOPY6
1 - <timestamp> INFO [alma.lifecycleTest.TestLifeCycleCompImpl.TestMultipleComponents#testGetGivenComponents] client 'alma.lifecycleTest.TestLifeCycleCompImpl.TestMultipleComponents' has successfully delivered a component release request for curl=TESTAUTOPY45
1 - <timestamp> INFO [alma.lifecycleTest.TestLifeCycleCompImpl.TestMultipleComponents#testGetGivenComponents] client 'alma.lifecycleTest.TestLifeCycleCompImpl.TestMultipleComponents' has successfully delivered a component release request for curl=TESTAUTOPY9
1 - <timestamp> INFO [alma.lifecycleTest.TestLifeCycleCompImpl.TestMultipleComponents#testGetGivenComponents] client 'alma.lifecycleTest.TestLifeCycleCompImpl.TestMultipleComponents' has successfully delivered a component release request for curl=TESTAUTOPY42
1 - <timestamp> INFO [alma.lifecycleTest.TestLifeCycleCompImpl.TestMultipleComponents#testGetGivenComponents] client 'alma.lifecycleTest.TestLifeCycleCompImpl.TestMultipleComponents' has successfully delivered a component release request for curl=TESTAUTOPY8
1 - <timestamp> INFO [alma.lifecycleTest.TestLifeCycleCompImpl.TestMultipleComponents#testGetGivenComponents] client 'alma.lifecycleTest.TestLifeCycleCompImpl.TestMultipleComponents' has successfully delivered a component release request for curl=TESTAUTOPY43
1 - <timestamp> INFO [alma.lifecycleTest.TestLifeCycleCompImpl.TestMultipleComponents#testGetGivenComponents] client 'alma.lifecycleTest.TestLifeCycleCompImpl.TestMultipleComponents' has successfully delivered a component release request for curl=TESTAUTOPY3
1 - <timestamp> INFO [alma.lifecycleTest.TestLifeCycleCompImpl.TestMultipleComponents#testGetGivenComponents] client 'alma.lifecycleTest.TestLifeCycleCompImpl.TestMultipleComponents' has successfully delivered a component release request for curl=TESTAUTOPY48
1 - <timestamp> INFO [alma.lifecycleTest.TestLifeCycleCompImpl.TestMultipleComponents#testGetGivenComponents] client 'alma.lifecycleTest.TestLifeCycleCompImpl.TestMultipleComponents' has successfully delivered a component release request for curl=TESTAUTOPY2
1 - <timestamp> INFO [alma.lifecycleTest.TestLifeCycleCompImpl.TestMultipleComponents#testGetGivenComponents] client 'alma.lifecycleTest.TestLifeCycleCompImpl.TestMultipleComponents' has successfully delivered a component release request for curl=TESTAUTOPY49
1 - <timestamp> INFO [alma.lifecycleTest.TestLifeCycleCompImpl.TestMultipleComponents#testGetGivenComponents] client 'alma.lifecycleTest.TestLifeCycleCompImpl.TestMultipleComponents' has successfully delivered a component release request for curl=TESTAUTOPY5
1 - <timestamp> INFO [alma.lifecycleTest.TestLifeCycleCompImpl.TestMultipleComponents#testGetGivenComponents] client 'alma.lifecycleTest.TestLifeCycleCompImpl.TestMultipleComponents' has successfully delivered a component release request for curl=TESTAUTOPY46
1 - <timestamp> INFO [alma.lifecycleTest.TestLifeCycleCompImpl.TestMultipleComponents#testGetGivenComponents] client 'alma.lifecycleTest.TestLifeCycleCompImpl.TestMultipleComponents' has successfully delivered a component release request for curl=TESTAUTOPY4
1 - <timestamp> INFO [alma.lifecycleTest.TestLifeCycleCompImpl.TestMultipleComponents#testGetGivenComponents] client 'alma.lifecycleTest.TestLifeCycleCompImpl.TestMultipleComponents' has successfully delivered a component release request for curl=TESTAUTOPY47
1 - <timestamp> INFO [alma.lifecycleTest.TestLifeCycleCompImpl.TestMultipleComponents#testGetGivenComponents] client 'alma.lifecycleTest.TestLifeCycleCompImpl.TestMultipleComponents' has successfully delivered a component release request for curl=TESTAUTOPY50
1 - <timestamp> INFO [alma.lifecycleTest.TestLifeCycleCompImpl.TestMultipleComponents#testGetGivenComponents] client 'alma.lifecycleTest.TestLifeCycleCompImpl.TestMultipleComponents' has successfully delivered a component release request for curl=TESTAUTOPY19
1 - <timestamp> INFO [alma.lifecycleTest.TestLifeCycleCompImpl.TestMultipleComponents#testGetGivenComponents] client 'alma.lifecycleTest.TestLifeCycleCompImpl.TestMultipleComponents' has successfully delivered a component release request for curl=TESTAUTOPY17
1 - <timestamp> INFO [alma.lifecycleTest.TestLifeCycleCompImpl.TestMultipleComponents#testGetGivenComponents] client 'alma.lifecycleTest.TestLifeCycleCompImpl.TestMultipleComponents' has successfully delivered a component release request for curl=TESTAUTOPY18
1 - <timestamp> INFO [alma.lifecycleTest.TestLifeCycleCompImpl.TestMultipleComponents#testGetGivenComponents] client 'alma.lifecycleTest.TestLifeCycleCompImpl.TestMultipleComponents' has successfully delivered a component release request for curl=TESTAUTOPY12
1 - <timestamp> INFO [alma.lifecycleTest.TestLifeCycleCompImpl.TestMultipleComponents#testGetGivenComponents] client 'alma.lifecycleTest.TestLifeCycleCompImpl.TestMultipleComponents' has successfully delivered a component release request for curl=TESTAUTOPY11
1 - <timestamp> INFO [alma.lifecycleTest.TestLifeCycleCompImpl.TestMultipleComponents#testGetGivenComponents] client 'alma.lifecycleTest.TestLifeCycleCompImpl.TestMultipleComponents' has successfully delivered a component release request for curl=TESTAUTOPY10
1 - <timestamp> INFO [alma.lifecycleTest.TestLifeCycleCompImpl.TestMultipleComponents#testGetGivenComponents] client 'alma.lifecycleTest.TestLifeCycleCompImpl.TestMultipleComponents' has successfully delivered a component release request for curl=TESTAUTOPY16
1 - <timestamp> INFO [alma.lifecycleTest.TestLifeCycleCompImpl.TestMultipleComponents#testGetGivenComponents] client 'alma.lifecycleTest.TestLifeCycleCompImpl.TestMultipleComponents' has successfully delivered a component release request for curl=TESTAUTOPY15
1 - <timestamp> INFO [alma.lifecycleTest.TestLifeCycleCompImpl.TestMultipleComponents#testGetGivenComponents] client 'alma.lifecycleTest.TestLifeCycleCompImpl.TestMultipleComponents' has successfully delivered a component release request for curl=TESTAUTOPY14
1 - <timestamp> INFO [alma.lifecycleTest.TestLifeCycleCompImpl.TestMultipleComponents#testGetGivenComponents] client 'alma.lifecycleTest.TestLifeCycleCompImpl.TestMultipleComponents' has successfully delivered a component release request for curl=TESTAUTOPY13
1 - <timestamp> INFO [alma.lifecycleTest.TestLifeCycleCompImpl.TestMultipleComponents#testGetGivenComponents] client 'alma.lifecycleTest.TestLifeCycleCompImpl.TestMultipleComponents' has successfully delivered a component release request for curl=TESTAUTOPY28
1 - <timestamp> INFO [alma.lifecycleTest.TestLifeCycleCompImpl.TestMultipleComponents#testGetGivenComponents] client 'alma.lifecycleTest.TestLifeCycleCompImpl.TestMultipleComponents' has successfully delivered a component release request for curl=TESTAUTOPY29
1 - <timestamp> INFO [alma.lifecycleTest.TestLifeCycleCompImpl.TestMultipleComponents#testGetGivenComponents] client 'alma.lifecycleTest.TestLifeCycleCompImpl.TestMultipleComponents' has successfully delivered a component release request for curl=TESTAUTOPY25
1 - <timestamp> INFO [alma.lifecycleTest.TestLifeCycleCompImpl.TestMultipleComponents#testGetGivenComponents] client 'alma.lifecycleTest.TestLifeCycleCompImpl.TestMultipleComponents' has successfully delivered a component release request for curl=TESTAUTOPY24
1 - <timestamp> INFO [alma.lifecycleTest.TestLifeCycleCompImpl.TestMultipleComponents#testGetGivenComponents] client 'alma.lifecycleTest.TestLifeCycleCompImpl.TestMultipleComponents' has successfully delivered a component release request for curl=TESTAUTOPY27
1 - <timestamp> INFO [alma.lifecycleTest.TestLifeCycleCompImpl.TestMultipleComponents#testGetGivenComponents] client 'alma.lifecycleTest.TestLifeCycleCompImpl.TestMultipleComponents' has successfully delivered a component release request for curl=TESTAUTOPY26
1 - <timestamp> INFO [alma.lifecycleTest.TestLifeCycleCompImpl.TestMultipleComponents#testGetGivenComponents] client 'alma.lifecycleTest.TestLifeCycleCompImpl.TestMultipleComponents' has successfully delivered a component release request for curl=TESTAUTOPY21
1 - <timestamp> INFO [alma.lifecycleTest.TestLifeCycleCompImpl.TestMultipleComponents#testGetGivenComponents] client 'alma.lifecycleTest.TestLifeCycleCompImpl.TestMultipleComponents' has successfully delivered a component release request for curl=TESTAUTOPY20
1 - <timestamp> INFO [alma.lifecycleTest.TestLifeCycleCompImpl.TestMultipleComponents#testGetGivenComponents] client 'alma.lifecycleTest.TestLifeCycleCompImpl.TestMultipleComponents' has successfully delivered a component release request for curl=TESTAUTOPY23
1 - <timestamp> INFO [alma.lifecycleTest.TestLifeCycleCompImpl.TestMultipleComponents#testGetGivenComponents] client 'alma.lifecycleTest.TestLifeCycleCompImpl.TestMultipleComponents' has successfully delivered a component release request for curl=TESTAUTOPY22
1 - <timestamp> INFO [alma.lifecycleTest.TestLifeCycleCompImpl.TestMultipleComponents#testGetGivenComponents] client 'alma.lifecycleTest.TestLifeCycleCompImpl.TestMultipleComponents' has successfully delivered a component release request for curl=TESTAUTOPY39
1 - <timestamp> INFO [alma.lifecycleTest.TestLifeCycleCompImpl.TestMultipleComponents#testGetGivenComponents] client 'alma.lifecycleTest.TestLifeCycleCompImpl.TestMultipleComponents' has successfully delivered a component release request for curl=TESTAUTOPY38
1 - <timestamp> INFO [alma.lifecycleTest.TestLifeCycleCompImpl.TestMultipleComponents#testGetGivenComponents] client 'alma.lifecycleTest.TestLifeCycleCompImpl.TestMultipleComponents' has successfully delivered a component release request for curl=TESTAUTOPY37
1 - <timestamp> INFO [alma.lifecycleTest.TestLifeCycleCompImpl.TestMultipleComponents#testGetGivenComponents] client 'alma.lifecycleTest.TestLifeCycleCompImpl.TestMultipleComponents' has successfully delivered a component release request for curl=TESTAUTOPY36
1 - <timestamp> INFO [alma.lifecycleTest.TestLifeCycleCompImpl.TestMultipleComponents#testGetGivenComponents] client 'alma.lifecycleTest.TestLifeCycleCompImpl.TestMultipleComponents' has successfully delivered a component release request for curl=TESTAUTOPY35
1 - <timestamp> INFO [alma.lifecycleTest.TestLifeCycleCompImpl.TestMultipleComponents#testGetGivenComponents] client 'alma.lifecycleTest.TestLifeCycleCompImpl.TestMultipleComponents' has successfully delivered a component release request for curl=TESTAUTOPY34
1 - <timestamp> INFO [alma.lifecycleTest.TestLifeCycleCompImpl.TestMultipleComponents#testGetGivenComponents] client 'alma.lifecycleTest.TestLifeCycleCompImpl.TestMultipleComponents' has successfully delivered a component release request for curl=TESTAUTOPY33
1 - <timestamp> INFO [alma.lifecycleTest.TestLifeCycleCompImpl.TestMultipleComponents#testGetGivenComponents] client 'alma.lifecycleTest.TestLifeCycleCompImpl.TestMultipleComponents' has successfully delivered a component release request for curl=TESTAUTOPY32
1 - <timestamp> INFO [alma.lifecycleTest.TestLifeCycleCompImpl.TestMultipleComponents#testGetGivenComponents] client 'alma.lifecycleTest.TestLifeCycleCompImpl.TestMultipleComponents' has successfully delivered a component release request for curl=TESTAUTOPY31
1 - <timestamp> INFO [alma.lifecycleTest.TestLifeCycleCompImpl.TestMultipleComponents#testGetGivenComponents] client 'alma.lifecycleTest.TestLifeCycleCompImpl.TestMultipleComponents' has successfully delivered a component release request for curl=TESTAUTOPY30
1 - 
1 - Time: <seconds>
1 - 
1 - OK (1 test)
1 - 
