1 - Starting Container...
1 - Retrieving CDB reference from Manager using bootstrap ORB
1 - Bootstrap ORB parms: maciContainer Container01
1 - 
1 - ManagerReference generated using localhost address: 'corbaloc::---:----/Manager'
1 - 
1 - Resolving reference: 'corbaloc::---:----/Manager'
1 - Manager reference narrowed.
1 - 
1 - 
1 - 
1 - Manager hostname generated using localhost address: '---'
1 - 
1 - ContainerStatusMsg: Startup begins
1 - ContainerStatusMsg: ORB initialization begins
1 - ----------T--:--:--.--- [main - maci::ContainerImpl::initThread] Thread name: 'main'
1 - ----------T--:--:--.--- [Container01-GL - maci::ContainerThreadHook::initThread] ContainerThreadHook initiailized
1 - ----------T--:--:--.--- [Container01 - maci::ContainerImpl::init] Generated CommandLine: maciContainer Container01 -ORBEndpoint iiop://------:----  -ORBDottedDecimalAddresses 1 -ORBInitRef InterfaceRepository=corbaloc::---:----/InterfaceRepository
1 - ----------T--:--:--.--- [Container01 - maci::ContainerImpl::init] Destroy bootstrap ORB
1 - ----------T--:--:--.--- [Container01 - maci::ContainerImpl::initializeCORBA] 
1 - ContainerStatusMsg: ORB initialization ends
1 - ----------T--:--:--.--- [Container01 - maci::ContainerImpl::getManager] 
1 - ----------T--:--:--.--- [Container01 - maci::ContainerImpl::getManager] Resolving manager...
1 - ----------T--:--:--.--- [Container01 - maci::ContainerImpl::resolveManager] 
1 - ----------T--:--:--.--- [Container01-GL - maci::MACIHelper::resolveManager] 
1 - ----------T--:--:--.--- [Container01-GL - maci::MACIHelper::resolveManager] ManagerReference generated using localhost address: 'corbaloc::---:----/Manager'
1 - ----------T--:--:--.--- [Container01-GL - maci::MACIHelper::resolveManager] 
1 - ----------T--:--:--.--- [Container01-GL - maci::MACIHelper::resolveManager] Resolving reference: 'corbaloc::---:----/Manager'
1 - ----------T--:--:--.--- [Container01-GL - maci::MACIHelper::resolveManager] Manager reference narrowed.
1 - ----------T--:--:--.--- [Container01-GL - ] Using ACS alarm system
1 - ----------T--:--:--.--- [Container01 - maci::Container::init] Recovery enabled.
1 - ----------T--:--:--.--- [Container01 - maci::ContainerImpl::init] Using DLL path: .....
1 - ----------T--:--:--.--- [maci::LibraryManager - maci::LibraryManager::setSearchPath] 
1 - ----------T--:--:--.--- [Container-MethodRequestThreadPool - maci::MethodRequestThreadPool::MethodRequestThreadPool] 
1 - ----------T--:--:--.--- [Container01 - maci::ContainerImpl::activateCORBAObject] 
1 - ----------T--:--:--.--- [Container01 - maci::ContainerImpl::init] Container 'Container01' activated.
1 - ----------T--:--:--.--- [Container01-GL - maci::ContainerThreadHook::initThread] ContainerThreadHook initiailized
1 - ----------T--:--:--.--- [Container01-GL - maci::ContainerThreadHook::initThread] ContainerThreadHook initiailized
1 - ----------T--:--:--.--- [Container01-GL - maci::ContainerThreadHook::initThread] ContainerThreadHook initiailized
1 - ----------T--:--:--.--- [Container01-GL - maci::ContainerThreadHook::initThread] ContainerThreadHook initiailized
1 - ----------T--:--:--.--- [Container01-GL - maci::ContainerThreadHook::initThread] ContainerThreadHook initiailized
1 - ----------T--:--:--.--- [Container-MethodRequestThreadPool - maci::MethodRequestThreadPool::svc] 
1 - ----------T--:--:--.--- [Container-MethodRequestThreadPool - maci::MethodRequestThreadPool::svc] 
1 - ----------T--:--:--.--- [Container-MethodRequestThreadPool - maci::MethodRequestThreadPool::svc] 
1 - ----------T--:--:--.--- [Container-MethodRequestThreadPool - maci::MethodRequestThreadPool::svc] 
1 - ----------T--:--:--.--- [Container01 - maci::ContainerImpl::init] Container 'Container01' initialized successfuly
1 - ----------T--:--:--.--- [Container-MethodRequestThreadPool - maci::MethodRequestThreadPool::svc] 
1 - ----------T--:--:--.--- [Container01 - maci::ContainerImpl::init] Connected to the InterfaceRepository.
1 - ----------T--:--:--.--- [Container01 - maci::ContainerImpl::init] Connecting to the Manager...
1 - ContainerStatusMsg: Manager access initialization begins
1 - ----------T--:--:--.--- [Container01 - maci::ContainerImpl::resolveManager] 
1 - ----------T--:--:--.--- [Container01-GL - maci::MACIHelper::resolveManager] 
1 - ----------T--:--:--.--- [Container01-GL - maci::MACIHelper::resolveManager] ManagerReference generated using localhost address: 'corbaloc::---:----/Manager'
1 - ----------T--:--:--.--- [Container01-GL - maci::MACIHelper::resolveManager] 
1 - ----------T--:--:--.--- [Container01-GL - maci::MACIHelper::resolveManager] Resolving reference: 'corbaloc::---:----/Manager'
1 - ----------T--:--:--.--- [Container01-GL - maci::MACIHelper::resolveManager] Manager reference narrowed.
1 - ----------T--:--:--.--- [Container01 - maci::ContainerImpl::init] Connected to the Manager.
1 - ----------T--:--:--.--- [Container01 - maci::ContainerImpl::init] Connecting to the Archiving Channel.
1 - ----------T--:--:--.--- [Container01 - maci::ContainerImpl::init] Connecting to the Centralized Logger...
1 - ----------T--:--:--.--- [Container01 - maci::ContainerImpl::init] Connected to the Centralized Logger.
1 - ----------T--:--:--.--- [Container01 - maci::ContainerImpl::init] Set Naming Context to Logger.
1 - ----------T--:--:--.--- [Container01 - maci::ContainerImpl::init] Logging into the Manager...
1 - ----------T--:--:--.--- [Container01 - maci::ContainerImpl:::authenticate] 
1 - ----------T--:--:--.--- [AlarmsMap - ACS::Thread::Thread] 
1 - ----------T--:--:--.--- [AlarmsMap - ACS::ThreadBase::ThreadBase] 
1 - ----------T--:--:--.--- [AlarmsMap - ACS::ThreadBase::create] 
1 - ----------T--:--:--.--- [AlarmsMap - ACS::ThreadBase::suspend] 
1 - ----------T--:--:--.--- [AlarmsourceImpl - ACS::Thread::Thread] 
1 - ----------T--:--:--.--- [AlarmsourceImpl - ACS::ThreadBase::ThreadBase] 
1 - ----------T--:--:--.--- [AlarmsourceImpl - ACS::ThreadBase::create] 
1 - ----------T--:--:--.--- [AlarmsourceImpl - ACS::ThreadBase::suspend] 
1 - ----------T--:--:--.--- [Container01 - maci::ContainerImpl::getManager] 
1 - ----------T--:--:--.--- [Container01 - maci::ContainerServices::ContainerServices] 
1 - ----------T--:--:--.--- [Container01 - maci::MACIContainerServices::MACIContainerServices] 
1 - ----------T--:--:--.--- [Container01-GL - ACSAlarmSystemInterfaceFactory::createSource()] 
1 - ----------T--:--:--.--- [AlarmsMap - ACS::ThreadBase::resume] 
1 - ----------T--:--:--.--- [Container01 - ContainerImpl::run] Container running...
1 - ----------T--:--:--.--- [Container01 - maci::ContainerImpl::init] Logged into the Manager.
1 - ----------T--:--:--.--- [Container01 - maci::ContainerImpl::run] 
1 - ----------T--:--:--.--- [Container01-GL - ACSAlarmSystemInterfaceFactory::getSourceSingleton()] 
1 - ----------T--:--:--.--- [Container01-GL - maci::ContainerThreadHook::initThread] ContainerThreadHook initiailized
1 - ----------T--:--:--.--- [Container01-GL - maci::ContainerThreadHook::initThread] ContainerThreadHook initiailized
1 - ----------T--:--:--.--- [AlarmsMap - ACS::Thread::commonStart] 
1 - ----------T--:--:--.--- [AlarmsMap - ACS::Thread::run] 
1 - ----------T--:--:--.--- [Container01-GL - maci::ContainerThreadHook::initThread] ContainerThreadHook initiailized
1 - ----------T--:--:--.--- [Container01-GL - maci::ContainerThreadHook::initThread] ContainerThreadHook initiailized
1 - ContainerStatusMsg: Manager access initialization ends
1 - ----------T--:--:--.--- [Container01-GL - maci::ContainerThreadHook::initThread] ContainerThreadHook initiailized
1 - ----------T--:--:--.--- [Container01-GL - maci::ContainerThreadHook::initThread] ContainerThreadHook initiailized
1 - ----------T--:--:--.--- [Container01-GL - maci::ContainerThreadHook::initThread] ContainerThreadHook initiailized
1 - ContainerStatusMsg: Startup ends
1 - ContainerStatusMsg: Automatic component loading begins
1 - ----------T--:--:--.--- [Container01 - maci::ContainerImpl::taggedmessage] Message from manager received. Type: 20. Tag: 1. Message: Startup statistics: 0 components queued to be activated.
1 - ----------T--:--:--.--- [Container01 - maci::ContainerImpl::taggedmessage] Message from manager received. Type: 20. Tag: 2. Message: Startup statistics: 0 of 0 components activated.
1 - ContainerStatusMsg: Automatic component loading ends
1 - ContainerStatusMsg: Ready
2 - ----------T--:--:--.--- [GlobalLogger - ] Logging proxy successfully created.
2 - ----------T--:--:--.--- [GlobalLogger - maci::MACIHelper::resolveManager] 
2 - ----------T--:--:--.--- [GlobalLogger - maci::MACIHelper::resolveManager] ManagerReference generated using localhost address: 'corbaloc::---:----/Manager'
2 - ----------T--:--:--.--- [GlobalLogger - maci::MACIHelper::resolveManager] 
2 - ----------T--:--:--.--- [GlobalLogger - maci::MACIHelper::resolveManager] Resolving reference: 'corbaloc::---:----/Manager'
2 - ----------T--:--:--.--- [GlobalLogger - maci::MACIHelper::resolveManager] Manager reference narrowed.
2 - ----------T--:--:--.--- [GlobalLogger - ] Getting MACI_EXCEPTION_COSTR
2 - ----------T--:--:--.--- [GlobalLogger - ] Getting component: 'curl:///MACI_EXCEPTION_COSTR'. Creating it...
2 - ----------T--:--:--.--- [GlobalLogger - ] Logged in.
1 - ----------T--:--:--.--- [Container-ActivationMethod - maci::ActivationMethod::ActivationMethod] 
1 - ----------T--:--:--.--- [Container-ActivationMethod - maci::ActivationMethod::call] 
1 - ----------T--:--:--.--- [Container-MethodRequestThreadPool - maci::MethodRequestThreadPool::enqueue] 
1 - ----------T--:--:--.--- [Container01 - maci::ContainerImpl::activate_component] 
1 - ----------T--:--:--.--- [Container01 - maci::ContainerImpl::loadDLL] 
1 - ----------T--:--:--.--- [maci::LibraryManager - maci::LibraryManager::ldfind] 
1 - ----------T--:--:--.--- [maci::LibraryManager - maci::LibraryManager::load] 
1 - ----------T--:--:--.--- [maci::LibraryManager - maci::LibraryManager::load] Full path '/----/libmaciDynComp.so'
1 - ----------T--:--:--.--- [maci::LibraryManager - maci::LibraryManager::load] Loading '/----/libmaciDynComp.so'.
1 - ----------T--:--:--.--- [maci::LibraryManager - maci::LibraryManager::load] Request to load 'maciDynComp'.
1 - ----------T--:--:--.--- [maci::LibraryManager - maci::LibraryManager::locateLibrary] 
1 - ----------T--:--:--.--- [maci::LibraryManager - maci::LibraryManager::load] Executing DLLOpen
1 - ----------T--:--:--.--- [AlarmsourceImpl - ACS::Thread::Thread] 
1 - ----------T--:--:--.--- [AlarmsourceImpl - ACS::ThreadBase::ThreadBase] 
1 - ----------T--:--:--.--- [AlarmsourceImpl - ACS::ThreadBase::suspend] 
1 - ----------T--:--:--.--- [Container01 - maci::ContainerImpl::getManager] 
1 - ----------T--:--:--.--- [Container01-GL - maci::ContainerImpl::activate_component] Successfully loaded component code. logName="LOG_CompAct_Loading_OK" TimeMillis="nnn" CompName="MACI_EXCEPTION_COSTR"
1 - ----------T--:--:--.--- [MACI_EXCEPTION_COSTR - maci::ContainerServices::ContainerServices] 
1 - ----------T--:--:--.--- [MACI_EXCEPTION_COSTR - maci::MACIContainerServices::MACIContainerServices] 
1 - ----------T--:--:--.--- [maci::LibraryManager - maci::LibraryManager::getSymbol] 
1 - ----------T--:--:--.--- [maci::LibraryManager - maci::LibraryManager::load] DLLOpen executed.
1 - ----------T--:--:--.--- [maci::LibraryManager - maci::LibraryManager::load] Loaded '/----/libmaciDynComp.so'.
1 - ----------T--:--:--.--- [AlarmsMap - ACS::Thread::Thread] 
1 - ----------T--:--:--.--- [AlarmsMap - ACS::ThreadBase::ThreadBase] 
1 - ----------T--:--:--.--- [AlarmsMap - ACS::ThreadBase::create] 
1 - ----------T--:--:--.--- [AlarmsMap - ACS::ThreadBase::resume] 
1 - ----------T--:--:--.--- [AlarmsMap - ACS::ThreadBase::suspend] 
1 - ----------T--:--:--.--- [AlarmsourceImpl - ACS::ThreadBase::create] 
1 - ----------T--:--:--.--- [Container01-GL - ACSAlarmSystemInterfaceFactory::createSource()] 
1 - ----------T--:--:--.--- [Container01-GL - ACSAlarmSystemInterfaceFactory::getSourceSingleton()] 
1 - ----------T--:--:--.--- [Container01-GL - maci::ContainerThreadHook::initThread] ContainerThreadHook initiailized
1 - ----------T--:--:--.--- [MACI_EXCEPTION_COSTR - MACIContainerServices::getCDB] 
1 - ----------T--:--:--.--- [MACI_EXCEPTION_COSTR - acscomponent::ACSComponentImpl::ACSComponentImpl] 
1 - ----------T--:--:--.--- [AlarmsMap - ACS::Thread::commonStart] 
1 - ----------T--:--:--.--- [AlarmsMap - ACS::Thread::run] 
1 - ----------T--:--:--.--- [Container01-GL - maci::ContainerThreadHook::initThread] ContainerThreadHook initiailized
1 - ----------T--:--:--.--- [AlarmsourceImpl - ACS::ThreadBase::terminate] 
1 - ----------T--:--:--.--- [Container01-GL - ACSComponentImpl::__initialize(): exception in user initialize] Life cycle error (type=28, code=0)
1 - ----------T--:--:--.--- [MACI_EXCEPTION_COSTR - ] MACI_EXCEPTION_COSTR will throw an exception if 1 is executed
1 - ----------T--:--:--.--- [MACI_EXCEPTION_COSTR - ] Throwing an exception in the constructor
1 - ----------T--:--:--.--- [MACI_EXCEPTION_COSTR - acscomponent::ACSComponentImpl::~ACSComponentImpl] 
1 - ----------T--:--:--.--- [MACI_EXCEPTION_COSTR - maci::MACIContainerServices::~MACIContainerServices] 
2 - ----------T--:--:--.--- [GlobalLogger - ACSComponentImpl::__initialize(): exception in user initialize] Life cycle error (type=28, code=0) javaex.class="alma.acs.exceptions.DefaultAcsJException"
1 - ----------T--:--:--.--- [AlarmsourceImpl - ThreadBase::stop] Thread AlarmsourceImpl
1 - ----------T--:--:--.--- [AlarmsMap - ACS::ThreadBase::terminate] 
1 - ----------T--:--:--.--- [AlarmsMap - ThreadBase::stop] Thread AlarmsMap
1 - ----------T--:--:--.--- [Container01-GL - ThreadBase::stop] Thread stopped:AlarmsourceImpl
1 - ----------T--:--:--.--- [AlarmsMap - ACS::Thread::commonStop] 
1 - ----------T--:--:--.--- [AlarmsMap - ACS::Thread::~Thread] 
1 - ----------T--:--:--.--- [AlarmsMap - ACS::ThreadBase::terminate] 
1 - ----------T--:--:--.--- [AlarmsMap - ACS::ThreadBase::terminate] 
1 - ----------T--:--:--.--- [AlarmsMap - ACS::ThreadBase::~ThreadBase] 
1 - ----------T--:--:--.--- [AlarmsourceImpl - ACS::Thread::~Thread] 
1 - ----------T--:--:--.--- [AlarmsourceImpl - ACS::ThreadBase::terminate] 
1 - ----------T--:--:--.--- [AlarmsourceImpl - ACS::ThreadBase::terminate] 
1 - ----------T--:--:--.--- [AlarmsourceImpl - ACS::ThreadBase::~ThreadBase] 
1 - ----------T--:--:--.--- [Container01-GL - ACS::ThreadManagerBase::terminateAll] 
1 - ----------T--:--:--.--- [Container01-GL - ACS::ThreadManagerBase::~ThreadManagerBase] 
1 - ----------T--:--:--.--- [Container01-GL - ThreadBase::stop] Thread stopped:AlarmsMap
1 - ----------T--:--:--.--- [Container01-GL - maci::ContainerImpl::activate_component] Error activating component (type=25, code=9) CURL="MACI_EXCEPTION_COSTR" ComponentType="IDL:alma/MACI_TEST/DynamicTestClass:1.0" ComponentCode="maciDynComp"
1 - ----------T--:--:--.--- [MACI_EXCEPTION_COSTR - maci::ContainerServices::~ContainerServices] 
2 - ----------T--:--:--.--- [GlobalLogger - maci::ContainerImpl::activate_component] Error activating component (type=25, code=9) CURL="MACI_EXCEPTION_COSTR" javaex.class="alma.acs.exceptions.DefaultAcsJException" ComponentCode="maciDynComp" ComponentType="IDL:alma/MACI_TEST/DynamicTestClass:1.0"
1 - ----------T--:--:--.--- [maci::LibraryManager - maci::LibraryManager::unload] 
1 - ----------T--:--:--.--- [maci::LibraryManager - maci::LibraryManager::unload] DLLClose executed
1 - ----------T--:--:--.--- [maci::LibraryManager - maci::LibraryManager::unload] Executing DLLClose
1 - ----------T--:--:--.--- [maci::LibraryManager - maci::LibraryManager::unload] Unloaded '/----/libmaciDynComp.so'.
1 - ----------T--:--:--.--- [maci::LibraryManager - maci::LibraryManager::unload] Unloading '/----/libmaciDynComp.so'
1 - ----------T--:--:--.--- [maci::LibraryManager - maci::LibraryManager::unlock] 
2 - ----------T--:--:--.--- [GlobalLogger - maci::ActivationMethod::call] Error activating component (type=25, code=9) javaex.class="alma.acs.exceptions.DefaultAcsJException"
2 - ----------T--:--:--.--- [GlobalLogger - failed] Error retrieving component (type=25, code=1) javaex.class="alma.maciErrType.wrappers.AcsJCannotGetComponentEx"
2 - ----------T--:--:--.--- [GlobalLogger - internalNoSyncRequestComponent] Error retrieving component (type=25, code=1) javaex.class="alma.maciErrType.wrappers.AcsJCannotGetComponentEx"
2 - ----------T--:--:--.--- [GlobalLogger - getComponent] Error retrieving component (type=25, code=1) CURL="MACI_EXCEPTION_COSTR" javaex.class="alma.maciErrType.wrappers.AcsJCannotGetComponentEx"
2 - ----------T--:--:--.--- [GlobalLogger - ] Error getting MACI_EXCEPTION_COSTR (right behaviour)
2 - ----------T--:--:--.--- [GlobalLogger - maci::SimpleClient::getComponent&lt;&gt;] Error retrieving component (type=25, code=1) CURL="MACI_EXCEPTION_COSTR"
2 - ----------T--:--:--.--- [GlobalLogger - ] Getting MACI_EXCEPTION_INIT
2 - ----------T--:--:--.--- [GlobalLogger - ] Getting component: 'curl:///MACI_EXCEPTION_INIT'. Creating it...
1 - ----------T--:--:--.--- [Container-ActivationMethod - maci::ActivationMethod::ActivationMethod] 
1 - ----------T--:--:--.--- [Container-ActivationMethod - maci::ActivationMethod::call] 
1 - ----------T--:--:--.--- [Container-MethodRequestThreadPool - maci::MethodRequestThreadPool::enqueue] 
1 - ----------T--:--:--.--- [Container01 - maci::ContainerImpl::activate_component] 
1 - ----------T--:--:--.--- [Container01 - maci::ContainerImpl::loadDLL] 
1 - ----------T--:--:--.--- [maci::LibraryManager - maci::LibraryManager::ldfind] 
1 - ----------T--:--:--.--- [maci::LibraryManager - maci::LibraryManager::load] 
1 - ----------T--:--:--.--- [maci::LibraryManager - maci::LibraryManager::load] Full path '/----/libmaciDynComp.so'
1 - ----------T--:--:--.--- [maci::LibraryManager - maci::LibraryManager::load] Loading '/----/libmaciDynComp.so'.
1 - ----------T--:--:--.--- [maci::LibraryManager - maci::LibraryManager::load] Request to load 'maciDynComp'.
1 - ----------T--:--:--.--- [maci::LibraryManager - maci::LibraryManager::locateLibrary] 
1 - ----------T--:--:--.--- [maci::LibraryManager - maci::LibraryManager::load] DLLOpen executed.
1 - ----------T--:--:--.--- [maci::LibraryManager - maci::LibraryManager::load] Executing DLLOpen
1 - ----------T--:--:--.--- [maci::LibraryManager - maci::LibraryManager::load] Loaded '/----/libmaciDynComp.so'.
1 - ----------T--:--:--.--- [AlarmsMap - ACS::Thread::Thread] 
1 - ----------T--:--:--.--- [AlarmsMap - ACS::ThreadBase::ThreadBase] 
1 - ----------T--:--:--.--- [AlarmsMap - ACS::ThreadBase::create] 
1 - ----------T--:--:--.--- [AlarmsMap - ACS::ThreadBase::resume] 
1 - ----------T--:--:--.--- [AlarmsMap - ACS::ThreadBase::suspend] 
1 - ----------T--:--:--.--- [AlarmsourceImpl - ACS::Thread::Thread] 
1 - ----------T--:--:--.--- [AlarmsourceImpl - ACS::ThreadBase::ThreadBase] 
1 - ----------T--:--:--.--- [AlarmsourceImpl - ACS::ThreadBase::create] 
1 - ----------T--:--:--.--- [AlarmsourceImpl - ACS::ThreadBase::suspend] 
1 - ----------T--:--:--.--- [Container01 - maci::ContainerImpl::getManager] 
1 - ----------T--:--:--.--- [Container01-GL - ACSAlarmSystemInterfaceFactory::createSource()] 
1 - ----------T--:--:--.--- [Container01-GL - ACSAlarmSystemInterfaceFactory::getSourceSingleton()] 
1 - ----------T--:--:--.--- [Container01-GL - maci::ContainerImpl::activate_component] Successfully loaded component code. logName="LOG_CompAct_Loading_OK" TimeMillis="nnn" CompName="MACI_EXCEPTION_INIT"
1 - ----------T--:--:--.--- [MACI_EXCEPTION_INIT - MACIContainerServices::getCDB] 
1 - ----------T--:--:--.--- [MACI_EXCEPTION_INIT - acscomponent::ACSComponentImpl::ACSComponentImpl] 
1 - ----------T--:--:--.--- [MACI_EXCEPTION_INIT - maci::ContainerServices::ContainerServices] 
1 - ----------T--:--:--.--- [MACI_EXCEPTION_INIT - maci::MACIContainerServices::MACIContainerServices] 
1 - ----------T--:--:--.--- [maci::LibraryManager - maci::LibraryManager::getSymbol] 
1 - ----------T--:--:--.--- [AlarmsMap - ACS::Thread::commonStart] 
1 - ----------T--:--:--.--- [AlarmsMap - ACS::Thread::run] 
1 - ----------T--:--:--.--- [Container01-GL - maci::ContainerThreadHook::initThread] ContainerThreadHook initiailized
1 - ----------T--:--:--.--- [Container01-GL - maci::ContainerThreadHook::initThread] ContainerThreadHook initiailized
1 - ----------T--:--:--.--- [MACI_EXCEPTION_INIT - ] MACI_EXCEPTION_INIT will throw an exception if 2 is executed
1 - ----------T--:--:--.--- [Container01 - maci::ContainerImpl::activateCORBAObject] 
1 - ----------T--:--:--.--- [Container01-GL - ACSComponentImpl::__initialize] Life cycle error (type=28, code=0)
1 - ----------T--:--:--.--- [Container01-GL - DynamicTestClassImpl::initialize() test exception] Life cycle error (type=28, code=0)
1 - ----------T--:--:--.--- [Container01-GL - ] Switched state of component MACI_EXCEPTION_INIT: NEW -> INITIALIZING
1 - ----------T--:--:--.--- [Container01-GL - maci::ContainerImpl::activate_component] Successfully activated component with Corba. logName="LOG_CompAct_Corba_OK" TimeMillis="nnn" CompName="MACI_EXCEPTION_INIT"
1 - ----------T--:--:--.--- [Container01-GL - maci::ContainerImpl::activate_component] Successfully instantiated component. logName="LOG_CompAct_Instance_OK" TimeMillis="nnn" CompName="MACI_EXCEPTION_INIT"
1 - ----------T--:--:--.--- [MACI_EXCEPTION_INIT - ] Throwing an exception in initialize
1 - ----------T--:--:--.--- [MACI_EXCEPTION_INIT - acscomponent::ACSComponentImpl::__initialize] 
2 - ----------T--:--:--.--- [GlobalLogger - ACSComponentImpl::__initialize] Life cycle error (type=28, code=0) javaex.class="alma.acs.exceptions.DefaultAcsJException"
2 - ----------T--:--:--.--- [GlobalLogger - DynamicTestClassImpl::initialize() test exception] Life cycle error (type=28, code=0) javaex.class="alma.acs.exceptions.DefaultAcsJException"
1 - ----------T--:--:--.--- [AlarmsourceImpl - ACS::ThreadBase::terminate] 
1 - ----------T--:--:--.--- [AlarmsourceImpl - ThreadBase::stop] Thread AlarmsourceImpl
1 - ----------T--:--:--.--- [Container01 - maci::ContainerImpl::deactivateCORBAObject (maci::Handle, PortableServer::Servant)] 
1 - ----------T--:--:--.--- [Container01 - maci::ContainerImpl::etherealizeComponent] 
1 - ----------T--:--:--.--- [Container01 - maci::ContainerImpl::etherealizeComponent] Etherealizing 'MACI_EXCEPTION_INIT'
1 - ----------T--:--:--.--- [Container01-GL - maci::ContainerImpl::activate_component] Error activating component (type=25, code=9) CURL="MACI_EXCEPTION_INIT" ComponentType="IDL:alma/MACI_TEST/DynamicTestClass:1.0" ComponentCode="maciDynComp"
1 - ----------T--:--:--.--- [MACI_EXCEPTION_INIT - acscomponent::ACSComponentImpl::~ACSComponentImpl] 
1 - ----------T--:--:--.--- [MACI_EXCEPTION_INIT - maci::MACIContainerServices::~MACIContainerServices] 
2 - ----------T--:--:--.--- [GlobalLogger - maci::ContainerImpl::activate_component] Error activating component (type=25, code=9) CURL="MACI_EXCEPTION_INIT" javaex.class="alma.acs.exceptions.DefaultAcsJException" ComponentCode="maciDynComp" ComponentType="IDL:alma/MACI_TEST/DynamicTestClass:1.0"
1 - ----------T--:--:--.--- [AlarmsMap - ACS::ThreadBase::terminate] 
1 - ----------T--:--:--.--- [AlarmsMap - ThreadBase::stop] Thread AlarmsMap
1 - ----------T--:--:--.--- [Container01-GL - ThreadBase::stop] Thread stopped:AlarmsourceImpl
1 - ----------T--:--:--.--- [AlarmsMap - ACS::Thread::commonStop] 
1 - ----------T--:--:--.--- [AlarmsMap - ACS::Thread::~Thread] 
1 - ----------T--:--:--.--- [AlarmsMap - ACS::ThreadBase::terminate] 
1 - ----------T--:--:--.--- [AlarmsMap - ACS::ThreadBase::terminate] 
1 - ----------T--:--:--.--- [AlarmsMap - ACS::ThreadBase::~ThreadBase] 
1 - ----------T--:--:--.--- [AlarmsourceImpl - ACS::Thread::~Thread] 
1 - ----------T--:--:--.--- [AlarmsourceImpl - ACS::ThreadBase::terminate] 
1 - ----------T--:--:--.--- [AlarmsourceImpl - ACS::ThreadBase::terminate] 
1 - ----------T--:--:--.--- [AlarmsourceImpl - ACS::ThreadBase::~ThreadBase] 
1 - ----------T--:--:--.--- [Container01-GL - ACS::ThreadManagerBase::terminateAll] 
1 - ----------T--:--:--.--- [Container01-GL - ACS::ThreadManagerBase::~ThreadManagerBase] 
1 - ----------T--:--:--.--- [Container01-GL - ThreadBase::stop] Thread stopped:AlarmsMap
1 - ----------T--:--:--.--- [MACI_EXCEPTION_INIT - maci::ContainerServices::~ContainerServices] 
1 - ----------T--:--:--.--- [maci::LibraryManager - maci::LibraryManager::unload] 
1 - ----------T--:--:--.--- [maci::LibraryManager - maci::LibraryManager::unload] Executing DLLClose
1 - ----------T--:--:--.--- [maci::LibraryManager - maci::LibraryManager::unload] Unloading '/----/libmaciDynComp.so'
1 - ----------T--:--:--.--- [maci::LibraryManager - maci::LibraryManager::unlock] 
1 - ----------T--:--:--.--- [maci::LibraryManager - maci::LibraryManager::unload] DLLClose executed
1 - ----------T--:--:--.--- [maci::LibraryManager - maci::LibraryManager::unload] Unloaded '/----/libmaciDynComp.so'.
2 - ----------T--:--:--.--- [GlobalLogger - maci::ActivationMethod::call] Error activating component (type=25, code=9) javaex.class="alma.acs.exceptions.DefaultAcsJException"
2 - ----------T--:--:--.--- [GlobalLogger - failed] Error retrieving component (type=25, code=1) javaex.class="alma.maciErrType.wrappers.AcsJCannotGetComponentEx"
2 - ----------T--:--:--.--- [GlobalLogger - internalNoSyncRequestComponent] Error retrieving component (type=25, code=1) javaex.class="alma.maciErrType.wrappers.AcsJCannotGetComponentEx"
2 - ----------T--:--:--.--- [GlobalLogger - getComponent] Error retrieving component (type=25, code=1) CURL="MACI_EXCEPTION_INIT" javaex.class="alma.maciErrType.wrappers.AcsJCannotGetComponentEx"
2 - ----------T--:--:--.--- [GlobalLogger - ] Error getting MACI_EXCEPTION_INIT (right behaviour)
2 - ----------T--:--:--.--- [GlobalLogger - maci::SimpleClient::getComponent&lt;&gt;] Error retrieving component (type=25, code=1) CURL="MACI_EXCEPTION_INIT"
2 - ----------T--:--:--.--- [GlobalLogger - ] Getting MACI_EXCEPTION_EXE
2 - ----------T--:--:--.--- [GlobalLogger - ] Getting component: 'curl:///MACI_EXCEPTION_EXE'. Creating it...
1 - ----------T--:--:--.--- [Container-ActivationMethod - maci::ActivationMethod::ActivationMethod] 
1 - ----------T--:--:--.--- [Container-ActivationMethod - maci::ActivationMethod::call] 
1 - ----------T--:--:--.--- [Container-MethodRequestThreadPool - maci::MethodRequestThreadPool::enqueue] 
1 - ----------T--:--:--.--- [Container01 - maci::ContainerImpl::activate_component] 
1 - ----------T--:--:--.--- [Container01 - maci::ContainerImpl::loadDLL] 
1 - ----------T--:--:--.--- [maci::LibraryManager - maci::LibraryManager::ldfind] 
1 - ----------T--:--:--.--- [maci::LibraryManager - maci::LibraryManager::load] 
1 - ----------T--:--:--.--- [maci::LibraryManager - maci::LibraryManager::load] Full path '/----/libmaciDynComp.so'
1 - ----------T--:--:--.--- [maci::LibraryManager - maci::LibraryManager::load] Loading '/----/libmaciDynComp.so'.
1 - ----------T--:--:--.--- [maci::LibraryManager - maci::LibraryManager::load] Request to load 'maciDynComp'.
1 - ----------T--:--:--.--- [maci::LibraryManager - maci::LibraryManager::locateLibrary] 
1 - ----------T--:--:--.--- [maci::LibraryManager - maci::LibraryManager::load] DLLOpen executed.
1 - ----------T--:--:--.--- [maci::LibraryManager - maci::LibraryManager::load] Executing DLLOpen
1 - ----------T--:--:--.--- [maci::LibraryManager - maci::LibraryManager::load] Loaded '/----/libmaciDynComp.so'.
1 - ----------T--:--:--.--- [AlarmsMap - ACS::Thread::Thread] 
1 - ----------T--:--:--.--- [AlarmsMap - ACS::ThreadBase::ThreadBase] 
1 - ----------T--:--:--.--- [AlarmsMap - ACS::ThreadBase::create] 
1 - ----------T--:--:--.--- [AlarmsMap - ACS::ThreadBase::resume] 
1 - ----------T--:--:--.--- [AlarmsMap - ACS::ThreadBase::suspend] 
1 - ----------T--:--:--.--- [AlarmsourceImpl - ACS::Thread::Thread] 
1 - ----------T--:--:--.--- [AlarmsourceImpl - ACS::ThreadBase::ThreadBase] 
1 - ----------T--:--:--.--- [AlarmsourceImpl - ACS::ThreadBase::create] 
1 - ----------T--:--:--.--- [AlarmsourceImpl - ACS::ThreadBase::suspend] 
1 - ----------T--:--:--.--- [Container01 - maci::ContainerImpl::getManager] 
1 - ----------T--:--:--.--- [Container01-GL - ACSAlarmSystemInterfaceFactory::createSource()] 
1 - ----------T--:--:--.--- [Container01-GL - ACSAlarmSystemInterfaceFactory::getSourceSingleton()] 
1 - ----------T--:--:--.--- [Container01-GL - maci::ContainerImpl::activate_component] Successfully loaded component code. logName="LOG_CompAct_Loading_OK" TimeMillis="nnn" CompName="MACI_EXCEPTION_EXE"
1 - ----------T--:--:--.--- [MACI_EXCEPTION_EXE - MACIContainerServices::getCDB] 
1 - ----------T--:--:--.--- [MACI_EXCEPTION_EXE - acscomponent::ACSComponentImpl::ACSComponentImpl] 
1 - ----------T--:--:--.--- [MACI_EXCEPTION_EXE - maci::ContainerServices::ContainerServices] 
1 - ----------T--:--:--.--- [MACI_EXCEPTION_EXE - maci::MACIContainerServices::MACIContainerServices] 
1 - ----------T--:--:--.--- [maci::LibraryManager - maci::LibraryManager::getSymbol] 
1 - ----------T--:--:--.--- [AlarmsMap - ACS::Thread::commonStart] 
1 - ----------T--:--:--.--- [AlarmsMap - ACS::Thread::run] 
1 - ----------T--:--:--.--- [Container01-GL - maci::ContainerThreadHook::initThread] ContainerThreadHook initiailized
1 - ----------T--:--:--.--- [Container01-GL - maci::ContainerThreadHook::initThread] ContainerThreadHook initiailized
1 - ----------T--:--:--.--- [Container01 - maci::ContainerImpl::activateCORBAObject] 
1 - ----------T--:--:--.--- [Container01-GL - maci::ContainerImpl::activate_component] Successfully instantiated component. logName="LOG_CompAct_Instance_OK" TimeMillis="nnn" CompName="MACI_EXCEPTION_EXE"
1 - ----------T--:--:--.--- [MACI_EXCEPTION_EXE - ] MACI_EXCEPTION_EXE will throw an exception if 3 is executed
1 - ----------T--:--:--.--- [Container01-GL - DynamicTestClassImpl::execute() test exception] Life cycle error (type=28, code=0)
1 - ----------T--:--:--.--- [Container01-GL - ] Switched state of component MACI_EXCEPTION_EXE: INITIALIZED -> OPERATIONAL
1 - ----------T--:--:--.--- [Container01-GL - ] Switched state of component MACI_EXCEPTION_EXE: INITIALIZING -> INITIALIZED
1 - ----------T--:--:--.--- [Container01-GL - ] Switched state of component MACI_EXCEPTION_EXE: NEW -> INITIALIZING
1 - ----------T--:--:--.--- [Container01-GL - maci::ContainerImpl::activate_component] Successfully activated component with Corba. logName="LOG_CompAct_Corba_OK" TimeMillis="nnn" CompName="MACI_EXCEPTION_EXE"
1 - ----------T--:--:--.--- [MACI_EXCEPTION_EXE - ] Throwing an exception in execute
1 - ----------T--:--:--.--- [MACI_EXCEPTION_EXE - acscomponent::ACSComponentImpl::__execute] 
1 - ----------T--:--:--.--- [MACI_EXCEPTION_EXE - acscomponent::ACSComponentImpl::__initialize] 
2 - ----------T--:--:--.--- [GlobalLogger - DynamicTestClassImpl::execute() test exception] Life cycle error (type=28, code=0) javaex.class="alma.acs.exceptions.DefaultAcsJException"
1 - ----------T--:--:--.--- [AlarmsourceImpl - ACS::ThreadBase::terminate] 
1 - ----------T--:--:--.--- [AlarmsourceImpl - ThreadBase::stop] Thread AlarmsourceImpl
1 - ----------T--:--:--.--- [Container01 - maci::ContainerImpl::deactivateCORBAObject (maci::Handle, PortableServer::Servant)] 
1 - ----------T--:--:--.--- [Container01 - maci::ContainerImpl::etherealizeComponent] 
1 - ----------T--:--:--.--- [Container01 - maci::ContainerImpl::etherealizeComponent] Etherealizing 'MACI_EXCEPTION_EXE'
1 - ----------T--:--:--.--- [Container01-GL - ACSComponentImpl::__execute] Life cycle error (type=28, code=0)
1 - ----------T--:--:--.--- [Container01-GL - maci::ContainerImpl::activate_component] Error activating component (type=25, code=9) CURL="MACI_EXCEPTION_EXE" ComponentType="IDL:alma/MACI_TEST/DynamicTestClass:1.0" ComponentCode="maciDynComp"
1 - ----------T--:--:--.--- [MACI_EXCEPTION_EXE - acscomponent::ACSComponentImpl::~ACSComponentImpl] 
1 - ----------T--:--:--.--- [MACI_EXCEPTION_EXE - maci::MACIContainerServices::~MACIContainerServices] 
2 - ----------T--:--:--.--- [GlobalLogger - ACSComponentImpl::__execute] Life cycle error (type=28, code=0) javaex.class="alma.acs.exceptions.DefaultAcsJException"
2 - ----------T--:--:--.--- [GlobalLogger - maci::ContainerImpl::activate_component] Error activating component (type=25, code=9) CURL="MACI_EXCEPTION_EXE" javaex.class="alma.acs.exceptions.DefaultAcsJException" ComponentCode="maciDynComp" ComponentType="IDL:alma/MACI_TEST/DynamicTestClass:1.0"
1 - ----------T--:--:--.--- [AlarmsMap - ACS::ThreadBase::terminate] 
1 - ----------T--:--:--.--- [AlarmsMap - ThreadBase::stop] Thread AlarmsMap
1 - ----------T--:--:--.--- [Container01-GL - ThreadBase::stop] Thread stopped:AlarmsourceImpl
1 - ----------T--:--:--.--- [AlarmsMap - ACS::Thread::commonStop] 
1 - ----------T--:--:--.--- [AlarmsMap - ACS::Thread::~Thread] 
1 - ----------T--:--:--.--- [AlarmsMap - ACS::ThreadBase::terminate] 
1 - ----------T--:--:--.--- [AlarmsMap - ACS::ThreadBase::terminate] 
1 - ----------T--:--:--.--- [AlarmsMap - ACS::ThreadBase::~ThreadBase] 
1 - ----------T--:--:--.--- [AlarmsourceImpl - ACS::Thread::~Thread] 
1 - ----------T--:--:--.--- [AlarmsourceImpl - ACS::ThreadBase::terminate] 
1 - ----------T--:--:--.--- [AlarmsourceImpl - ACS::ThreadBase::terminate] 
1 - ----------T--:--:--.--- [AlarmsourceImpl - ACS::ThreadBase::~ThreadBase] 
1 - ----------T--:--:--.--- [Container01-GL - ACS::ThreadManagerBase::terminateAll] 
1 - ----------T--:--:--.--- [Container01-GL - ACS::ThreadManagerBase::~ThreadManagerBase] 
1 - ----------T--:--:--.--- [Container01-GL - ThreadBase::stop] Thread stopped:AlarmsMap
1 - ----------T--:--:--.--- [MACI_EXCEPTION_EXE - maci::ContainerServices::~ContainerServices] 
1 - ----------T--:--:--.--- [maci::LibraryManager - maci::LibraryManager::unload] 
1 - ----------T--:--:--.--- [maci::LibraryManager - maci::LibraryManager::unload] Executing DLLClose
1 - ----------T--:--:--.--- [maci::LibraryManager - maci::LibraryManager::unload] Unloading '/----/libmaciDynComp.so'
1 - ----------T--:--:--.--- [maci::LibraryManager - maci::LibraryManager::unlock] 
1 - ----------T--:--:--.--- [maci::LibraryManager - maci::LibraryManager::unload] DLLClose executed
1 - ----------T--:--:--.--- [maci::LibraryManager - maci::LibraryManager::unload] Unloaded '/----/libmaciDynComp.so'.
2 - ----------T--:--:--.--- [GlobalLogger - maci::ActivationMethod::call] Error activating component (type=25, code=9) javaex.class="alma.acs.exceptions.DefaultAcsJException"
2 - ----------T--:--:--.--- [GlobalLogger - failed] Error retrieving component (type=25, code=1) javaex.class="alma.maciErrType.wrappers.AcsJCannotGetComponentEx"
2 - ----------T--:--:--.--- [GlobalLogger - internalNoSyncRequestComponent] Error retrieving component (type=25, code=1) javaex.class="alma.maciErrType.wrappers.AcsJCannotGetComponentEx"
2 - ----------T--:--:--.--- [GlobalLogger - getComponent] Error retrieving component (type=25, code=1) CURL="MACI_EXCEPTION_EXE" javaex.class="alma.maciErrType.wrappers.AcsJCannotGetComponentEx"
2 - ----------T--:--:--.--- [GlobalLogger - ] Error getting MACI_EXCEPTION_EXE (right behaviour)
2 - ----------T--:--:--.--- [GlobalLogger - maci::SimpleClient::getComponent&lt;&gt;] Error retrieving component (type=25, code=1) CURL="MACI_EXCEPTION_EXE"
2 - ----------T--:--:--.--- [GlobalLogger - ] Getting MACI_EXCEPTION_CLEAN
2 - ----------T--:--:--.--- [GlobalLogger - ] Getting component: 'curl:///MACI_EXCEPTION_CLEAN'. Creating it...
1 - ----------T--:--:--.--- [Container-ActivationMethod - maci::ActivationMethod::ActivationMethod] 
1 - ----------T--:--:--.--- [Container-MethodRequestThreadPool - maci::MethodRequestThreadPool::enqueue] 
1 - ----------T--:--:--.--- [Container-ActivationMethod - maci::ActivationMethod::call] 
1 - ----------T--:--:--.--- [Container01 - maci::ContainerImpl::activate_component] 
1 - ----------T--:--:--.--- [Container01 - maci::ContainerImpl::loadDLL] 
1 - ----------T--:--:--.--- [maci::LibraryManager - maci::LibraryManager::ldfind] 
1 - ----------T--:--:--.--- [maci::LibraryManager - maci::LibraryManager::load] 
1 - ----------T--:--:--.--- [maci::LibraryManager - maci::LibraryManager::load] Full path '/----/libmaciDynComp.so'
1 - ----------T--:--:--.--- [maci::LibraryManager - maci::LibraryManager::load] Loading '/----/libmaciDynComp.so'.
1 - ----------T--:--:--.--- [maci::LibraryManager - maci::LibraryManager::load] Request to load 'maciDynComp'.
1 - ----------T--:--:--.--- [maci::LibraryManager - maci::LibraryManager::locateLibrary] 
1 - ----------T--:--:--.--- [maci::LibraryManager - maci::LibraryManager::load] Executing DLLOpen
1 - ----------T--:--:--.--- [AlarmsourceImpl - ACS::Thread::Thread] 
1 - ----------T--:--:--.--- [AlarmsourceImpl - ACS::ThreadBase::ThreadBase] 
1 - ----------T--:--:--.--- [AlarmsourceImpl - ACS::ThreadBase::create] 
1 - ----------T--:--:--.--- [AlarmsourceImpl - ACS::ThreadBase::suspend] 
1 - ----------T--:--:--.--- [Container01 - maci::ContainerImpl::getManager] 
1 - ----------T--:--:--.--- [Container01-GL - maci::ContainerImpl::activate_component] Successfully loaded component code. logName="LOG_CompAct_Loading_OK" TimeMillis="nnn" CompName="MACI_EXCEPTION_CLEAN"
1 - ----------T--:--:--.--- [MACI_EXCEPTION_CLEAN - maci::ContainerServices::ContainerServices] 
1 - ----------T--:--:--.--- [MACI_EXCEPTION_CLEAN - maci::MACIContainerServices::MACIContainerServices] 
1 - ----------T--:--:--.--- [maci::LibraryManager - maci::LibraryManager::getSymbol] 
1 - ----------T--:--:--.--- [maci::LibraryManager - maci::LibraryManager::load] DLLOpen executed.
1 - ----------T--:--:--.--- [maci::LibraryManager - maci::LibraryManager::load] Loaded '/----/libmaciDynComp.so'.
1 - ----------T--:--:--.--- [AlarmsMap - ACS::Thread::Thread] 
1 - ----------T--:--:--.--- [AlarmsMap - ACS::ThreadBase::ThreadBase] 
1 - ----------T--:--:--.--- [AlarmsMap - ACS::ThreadBase::create] 
1 - ----------T--:--:--.--- [AlarmsMap - ACS::ThreadBase::resume] 
1 - ----------T--:--:--.--- [AlarmsMap - ACS::ThreadBase::suspend] 
1 - ----------T--:--:--.--- [Container01-GL - ACSAlarmSystemInterfaceFactory::createSource()] 
1 - ----------T--:--:--.--- [Container01-GL - ACSAlarmSystemInterfaceFactory::getSourceSingleton()] 
1 - ----------T--:--:--.--- [Container01-GL - maci::ContainerThreadHook::initThread] ContainerThreadHook initiailized
1 - ----------T--:--:--.--- [Container01-GL - maci::ContainerThreadHook::initThread] ContainerThreadHook initiailized
1 - ----------T--:--:--.--- [MACI_EXCEPTION_CLEAN - MACIContainerServices::getCDB] 
1 - ----------T--:--:--.--- [MACI_EXCEPTION_CLEAN - acscomponent::ACSComponentImpl::ACSComponentImpl] 
1 - ----------T--:--:--.--- [AlarmsMap - ACS::Thread::commonStart] 
1 - ----------T--:--:--.--- [AlarmsMap - ACS::Thread::run] 
1 - ----------T--:--:--.--- [MACI_EXCEPTION_CLEAN - ] MACI_EXCEPTION_CLEAN will throw an exception if 4 is executed
1 - ----------T--:--:--.--- [Container01 - maci::ContainerImpl::activateCORBAObject] 
1 - ----------T--:--:--.--- [Container01-GL - ] Switched state of component MACI_EXCEPTION_CLEAN: NEW -> INITIALIZING
1 - ----------T--:--:--.--- [Container01-GL - maci::ContainerImpl::activate_component] Successfully activated component with Corba. logName="LOG_CompAct_Corba_OK" TimeMillis="nnn" CompName="MACI_EXCEPTION_CLEAN"
1 - ----------T--:--:--.--- [Container01-GL - maci::ContainerImpl::activate_component] Successfully instantiated component. logName="LOG_CompAct_Instance_OK" TimeMillis="nnn" CompName="MACI_EXCEPTION_CLEAN"
1 - ----------T--:--:--.--- [Container01-GL - ] Switched state of component MACI_EXCEPTION_CLEAN: INITIALIZED -> OPERATIONAL
1 - ----------T--:--:--.--- [Container01-GL - ] Switched state of component MACI_EXCEPTION_CLEAN: INITIALIZING -> INITIALIZED
1 - ----------T--:--:--.--- [Container01-GL - maci::ContainerImpl::activate_component] Successfully initialized component. logName="LOG_CompAct_Init_OK" TimeMillis="nnn" CompName="MACI_EXCEPTION_CLEAN"
1 - ----------T--:--:--.--- [MACI_EXCEPTION_CLEAN - acscomponent::ACSComponentImpl::__execute] 
1 - ----------T--:--:--.--- [MACI_EXCEPTION_CLEAN - acscomponent::ACSComponentImpl::__initialize] 
1 - ----------T--:--:--.--- [Container01 - maci::ContainerImpl::activate_component] Component 'MACI_EXCEPTION_CLEAN' activated.
2 - ----------T--:--:--.--- [GlobalLogger - ] Releasing MACI_EXCEPTION_CLEAN
2 - ----------T--:--:--.--- [GlobalLogger - ] Releasing component: 'MACI_EXCEPTION_CLEAN'.
1 - ----------T--:--:--.--- [Container01 - maci::ContainerImpl::deactivate_component] 
1 - ----------T--:--:--.--- [Container01 - maci::ContainerImpl::deactivate_component] Component 'MACI_EXCEPTION_CLEAN': calling cleanUp Lifecycle .
1 - ----------T--:--:--.--- [Container01 - maci::ContainerImpl::deactivate_component] Deactivating component with handle XXXXXX (MACI_EXCEPTION_CLEAN of type IDL:alma/MACI_TEST/DynamicTestClass:1.0)
1 - ----------T--:--:--.--- [Container01-GL - ] Switched state of component MACI_EXCEPTION_CLEAN: OPERATIONAL -> DESTROYING
1 - ----------T--:--:--.--- [MACI_EXCEPTION_CLEAN - ] Throwing an exception in cleanUp
1 - ----------T--:--:--.--- [MACI_EXCEPTION_CLEAN - acscomponent::ACSComponentImpl::__cleanUp] 
1 - ----------T--:--:--.--- [Container01 - ] maci::ContainerImpl::deactivate_component: got an exception executing MACI_EXCEPTION_CLEAN
1 - ----------T--:--:--.--- [Container01 - maci::ContainerImpl::deactivateCORBAObject] 
1 - ----------T--:--:--.--- [Container01 - maci::ContainerImpl::deactivate_component] Component 'MACI_EXCEPTION_CLEAN' reference set to nil.
1 - ----------T--:--:--.--- [Container01 - maci::ContainerImpl::etherealizeComponent] 
1 - ----------T--:--:--.--- [Container01-GL - ACSComponentImpl::__cleanUp] Life cycle error (type=28, code=0)
1 - ----------T--:--:--.--- [Container01-GL - DynamicTestClassImpl::cleanUp() test exception] Life cycle error (type=28, code=0)
1 - ----------T--:--:--.--- [Container01-GL - ] Switched state of component MACI_EXCEPTION_CLEAN: DESTROYING -> DEFUNCT
1 - ----------T--:--:--.--- [AlarmsourceImpl - ACS::ThreadBase::terminate] 
1 - ----------T--:--:--.--- [AlarmsourceImpl - ThreadBase::stop] Thread AlarmsourceImpl
1 - ----------T--:--:--.--- [Container01 - maci::ContainerImpl::etherealizeComponent] Etherealizing 'MACI_EXCEPTION_CLEAN'
1 - ----------T--:--:--.--- [MACI_EXCEPTION_CLEAN - acscomponent::ACSComponentImpl::~ACSComponentImpl] 
1 - ----------T--:--:--.--- [MACI_EXCEPTION_CLEAN - maci::MACIContainerServices::~MACIContainerServices] 
1 - ----------T--:--:--.--- [AlarmsMap - ACS::ThreadBase::terminate] 
1 - ----------T--:--:--.--- [AlarmsMap - ThreadBase::stop] Thread AlarmsMap
1 - ----------T--:--:--.--- [Container01-GL - ThreadBase::stop] Thread stopped:AlarmsourceImpl
1 - ----------T--:--:--.--- [AlarmsMap - ACS::Thread::commonStop] 
1 - ----------T--:--:--.--- [AlarmsMap - ACS::Thread::~Thread] 
1 - ----------T--:--:--.--- [AlarmsMap - ACS::ThreadBase::terminate] 
1 - ----------T--:--:--.--- [AlarmsMap - ACS::ThreadBase::terminate] 
1 - ----------T--:--:--.--- [AlarmsMap - ACS::ThreadBase::~ThreadBase] 
1 - ----------T--:--:--.--- [AlarmsourceImpl - ACS::Thread::~Thread] 
1 - ----------T--:--:--.--- [AlarmsourceImpl - ACS::ThreadBase::terminate] 
1 - ----------T--:--:--.--- [AlarmsourceImpl - ACS::ThreadBase::terminate] 
1 - ----------T--:--:--.--- [AlarmsourceImpl - ACS::ThreadBase::~ThreadBase] 
1 - ----------T--:--:--.--- [Container01 - maci::ContainerImpl::etherealizeComponent] Component 'MACI_EXCEPTION_CLEAN' etherealized.
1 - ----------T--:--:--.--- [Container01-GL - ACS::ThreadManagerBase::terminateAll] 
1 - ----------T--:--:--.--- [Container01-GL - ACS::ThreadManagerBase::~ThreadManagerBase] 
1 - ----------T--:--:--.--- [Container01-GL - ThreadBase::stop] Thread stopped:AlarmsMap
1 - ----------T--:--:--.--- [MACI_EXCEPTION_CLEAN - maci::ContainerServices::~ContainerServices] 
1 - ----------T--:--:--.--- [maci::LibraryManager - maci::LibraryManager::unload] 
1 - ----------T--:--:--.--- [maci::LibraryManager - maci::LibraryManager::unload] Unloading '/----/libmaciDynComp.so'
1 - ----------T--:--:--.--- [maci::LibraryManager - maci::LibraryManager::unlock] 
1 - ----------T--:--:--.--- [Container01 - maci::ContainerImpl::deactivate_component] Component 'MACI_EXCEPTION_CLEAN' deactivated.
1 - ----------T--:--:--.--- [maci::LibraryManager - maci::LibraryManager::unload] DLLClose executed
1 - ----------T--:--:--.--- [maci::LibraryManager - maci::LibraryManager::unload] Executing DLLClose
1 - ----------T--:--:--.--- [maci::LibraryManager - maci::LibraryManager::unload] Unloaded '/----/libmaciDynComp.so'.
2 - ----------T--:--:--.--- [GlobalLogger - ] Getting MACI_EXCEPTION_ABORT
2 - ----------T--:--:--.--- [GlobalLogger - ] Getting component: 'curl:///MACI_EXCEPTION_ABORT'. Creating it...
1 - ----------T--:--:--.--- [Container-ActivationMethod - maci::ActivationMethod::ActivationMethod] 
1 - ----------T--:--:--.--- [Container-ActivationMethod - maci::ActivationMethod::call] 
1 - ----------T--:--:--.--- [Container-MethodRequestThreadPool - maci::MethodRequestThreadPool::enqueue] 
1 - ----------T--:--:--.--- [Container01 - maci::ContainerImpl::activate_component] 
1 - ----------T--:--:--.--- [Container01 - maci::ContainerImpl::loadDLL] 
1 - ----------T--:--:--.--- [maci::LibraryManager - maci::LibraryManager::ldfind] 
1 - ----------T--:--:--.--- [maci::LibraryManager - maci::LibraryManager::load] 
1 - ----------T--:--:--.--- [maci::LibraryManager - maci::LibraryManager::load] Full path '/----/libmaciDynComp.so'
1 - ----------T--:--:--.--- [maci::LibraryManager - maci::LibraryManager::load] Loading '/----/libmaciDynComp.so'.
1 - ----------T--:--:--.--- [maci::LibraryManager - maci::LibraryManager::load] Request to load 'maciDynComp'.
1 - ----------T--:--:--.--- [maci::LibraryManager - maci::LibraryManager::locateLibrary] 
1 - ----------T--:--:--.--- [maci::LibraryManager - maci::LibraryManager::load] DLLOpen executed.
1 - ----------T--:--:--.--- [maci::LibraryManager - maci::LibraryManager::load] Executing DLLOpen
1 - ----------T--:--:--.--- [AlarmsMap - ACS::Thread::Thread] 
1 - ----------T--:--:--.--- [AlarmsMap - ACS::ThreadBase::ThreadBase] 
1 - ----------T--:--:--.--- [AlarmsMap - ACS::ThreadBase::create] 
1 - ----------T--:--:--.--- [AlarmsMap - ACS::ThreadBase::suspend] 
1 - ----------T--:--:--.--- [AlarmsourceImpl - ACS::Thread::Thread] 
1 - ----------T--:--:--.--- [AlarmsourceImpl - ACS::ThreadBase::ThreadBase] 
1 - ----------T--:--:--.--- [AlarmsourceImpl - ACS::ThreadBase::create] 
1 - ----------T--:--:--.--- [AlarmsourceImpl - ACS::ThreadBase::suspend] 
1 - ----------T--:--:--.--- [Container01 - maci::ContainerImpl::getManager] 
1 - ----------T--:--:--.--- [Container01-GL - ACSAlarmSystemInterfaceFactory::createSource()] 
1 - ----------T--:--:--.--- [Container01-GL - maci::ContainerImpl::activate_component] Successfully loaded component code. logName="LOG_CompAct_Loading_OK" TimeMillis="nnn" CompName="MACI_EXCEPTION_ABORT"
1 - ----------T--:--:--.--- [MACI_EXCEPTION_ABORT - maci::ContainerServices::ContainerServices] 
1 - ----------T--:--:--.--- [MACI_EXCEPTION_ABORT - maci::MACIContainerServices::MACIContainerServices] 
1 - ----------T--:--:--.--- [maci::LibraryManager - maci::LibraryManager::getSymbol] 
1 - ----------T--:--:--.--- [maci::LibraryManager - maci::LibraryManager::load] Loaded '/----/libmaciDynComp.so'.
1 - ----------T--:--:--.--- [AlarmsMap - ACS::Thread::commonStart] 
1 - ----------T--:--:--.--- [AlarmsMap - ACS::Thread::run] 
1 - ----------T--:--:--.--- [AlarmsMap - ACS::ThreadBase::resume] 
1 - ----------T--:--:--.--- [Container01-GL - ACSAlarmSystemInterfaceFactory::getSourceSingleton()] 
1 - ----------T--:--:--.--- [Container01-GL - maci::ContainerThreadHook::initThread] ContainerThreadHook initiailized
1 - ----------T--:--:--.--- [Container01-GL - maci::ContainerThreadHook::initThread] ContainerThreadHook initiailized
1 - ----------T--:--:--.--- [MACI_EXCEPTION_ABORT - MACIContainerServices::getCDB] 
1 - ----------T--:--:--.--- [MACI_EXCEPTION_ABORT - acscomponent::ACSComponentImpl::ACSComponentImpl] 
1 - ----------T--:--:--.--- [Container01 - maci::ContainerImpl::activateCORBAObject] 
1 - ----------T--:--:--.--- [Container01-GL - ] Switched state of component MACI_EXCEPTION_ABORT: NEW -> INITIALIZING
1 - ----------T--:--:--.--- [Container01-GL - maci::ContainerImpl::activate_component] Successfully activated component with Corba. logName="LOG_CompAct_Corba_OK" TimeMillis="nnn" CompName="MACI_EXCEPTION_ABORT"
1 - ----------T--:--:--.--- [Container01-GL - maci::ContainerImpl::activate_component] Successfully instantiated component. logName="LOG_CompAct_Instance_OK" TimeMillis="nnn" CompName="MACI_EXCEPTION_ABORT"
1 - ----------T--:--:--.--- [MACI_EXCEPTION_ABORT - ] MACI_EXCEPTION_ABORT will throw an exception if 5 is executed
1 - ----------T--:--:--.--- [Container01-GL - ] Switched state of component MACI_EXCEPTION_ABORT: INITIALIZED -> OPERATIONAL
1 - ----------T--:--:--.--- [Container01-GL - ] Switched state of component MACI_EXCEPTION_ABORT: INITIALIZING -> INITIALIZED
1 - ----------T--:--:--.--- [Container01-GL - maci::ContainerImpl::activate_component] Successfully initialized component. logName="LOG_CompAct_Init_OK" TimeMillis="nnn" CompName="MACI_EXCEPTION_ABORT"
1 - ----------T--:--:--.--- [MACI_EXCEPTION_ABORT - acscomponent::ACSComponentImpl::__execute] 
1 - ----------T--:--:--.--- [MACI_EXCEPTION_ABORT - acscomponent::ACSComponentImpl::__initialize] 
1 - ----------T--:--:--.--- [Container01 - maci::ContainerImpl::activate_component] Component 'MACI_EXCEPTION_ABORT' activated.
2 - ----------T--:--:--.--- [GlobalLogger - ] Releasing component: 'MACI_EXCEPTION_ABORT'.
1 - ----------T--:--:--.--- [Container01 - maci::ContainerImpl::deactivate_component] 
1 - ----------T--:--:--.--- [Container01 - maci::ContainerImpl::deactivate_component] Component 'MACI_EXCEPTION_ABORT': calling cleanUp Lifecycle .
1 - ----------T--:--:--.--- [Container01 - maci::ContainerImpl::deactivate_component] Deactivating component with handle XXXXXX (MACI_EXCEPTION_ABORT of type IDL:alma/MACI_TEST/DynamicTestClass:1.0)
1 - ----------T--:--:--.--- [Container01-GL - ACS::ThreadManagerBase::stopAll] 
1 - ----------T--:--:--.--- [Container01-GL - ] Switched state of component MACI_EXCEPTION_ABORT: DESTROYING -> DEFUNCT
1 - ----------T--:--:--.--- [Container01-GL - ] Switched state of component MACI_EXCEPTION_ABORT: OPERATIONAL -> DESTROYING
1 - ----------T--:--:--.--- [MACI_EXCEPTION_ABORT - acscomponent::ACSComponentImpl::__cleanUp] 
1 - ----------T--:--:--.--- [AlarmsourceImpl - ACS::ThreadBase::terminate] 
1 - ----------T--:--:--.--- [AlarmsourceImpl - ThreadBase::stop] Thread AlarmsourceImpl
1 - ----------T--:--:--.--- [Container01 - maci::ContainerImpl::deactivateCORBAObject] 
1 - ----------T--:--:--.--- [Container01 - maci::ContainerImpl::deactivate_component] Component 'MACI_EXCEPTION_ABORT' reference set to nil.
1 - ----------T--:--:--.--- [Container01 - maci::ContainerImpl::etherealizeComponent] 
1 - ----------T--:--:--.--- [Container01 - maci::ContainerImpl::etherealizeComponent] Etherealizing 'MACI_EXCEPTION_ABORT'
1 - ----------T--:--:--.--- [MACI_EXCEPTION_ABORT - acscomponent::ACSComponentImpl::~ACSComponentImpl] 
1 - ----------T--:--:--.--- [MACI_EXCEPTION_ABORT - maci::MACIContainerServices::~MACIContainerServices] 
1 - ----------T--:--:--.--- [AlarmsMap - ACS::ThreadBase::terminate] 
1 - ----------T--:--:--.--- [AlarmsMap - ThreadBase::stop] Thread AlarmsMap
1 - ----------T--:--:--.--- [Container01-GL - ThreadBase::stop] Thread stopped:AlarmsourceImpl
1 - ----------T--:--:--.--- [AlarmsMap - ACS::Thread::commonStop] 
1 - ----------T--:--:--.--- [AlarmsMap - ACS::Thread::~Thread] 
1 - ----------T--:--:--.--- [AlarmsMap - ACS::ThreadBase::terminate] 
1 - ----------T--:--:--.--- [AlarmsMap - ACS::ThreadBase::terminate] 
1 - ----------T--:--:--.--- [AlarmsMap - ACS::ThreadBase::~ThreadBase] 
1 - ----------T--:--:--.--- [AlarmsourceImpl - ACS::Thread::~Thread] 
1 - ----------T--:--:--.--- [AlarmsourceImpl - ACS::ThreadBase::terminate] 
1 - ----------T--:--:--.--- [AlarmsourceImpl - ACS::ThreadBase::terminate] 
1 - ----------T--:--:--.--- [AlarmsourceImpl - ACS::ThreadBase::~ThreadBase] 
1 - ----------T--:--:--.--- [Container01 - maci::ContainerImpl::etherealizeComponent] Component 'MACI_EXCEPTION_ABORT' etherealized.
1 - ----------T--:--:--.--- [Container01-GL - ACS::ThreadManagerBase::terminateAll] 
1 - ----------T--:--:--.--- [Container01-GL - ACS::ThreadManagerBase::~ThreadManagerBase] 
1 - ----------T--:--:--.--- [Container01-GL - ThreadBase::stop] Thread stopped:AlarmsMap
1 - ----------T--:--:--.--- [MACI_EXCEPTION_ABORT - maci::ContainerServices::~ContainerServices] 
1 - ----------T--:--:--.--- [maci::LibraryManager - maci::LibraryManager::unload] 
1 - ----------T--:--:--.--- [maci::LibraryManager - maci::LibraryManager::unload] Unloading '/----/libmaciDynComp.so'
1 - ----------T--:--:--.--- [maci::LibraryManager - maci::LibraryManager::unlock] 
1 - ----------T--:--:--.--- [Container01 - maci::ContainerImpl::deactivate_component] Component 'MACI_EXCEPTION_ABORT' deactivated.
1 - ----------T--:--:--.--- [maci::LibraryManager - maci::LibraryManager::unload] DLLClose executed
1 - ----------T--:--:--.--- [maci::LibraryManager - maci::LibraryManager::unload] Executing DLLClose
1 - ----------T--:--:--.--- [maci::LibraryManager - maci::LibraryManager::unload] Unloaded '/----/libmaciDynComp.so'.
2 - ----------T--:--:--.--- [GlobalLogger - ] Logging out...
2 - ----------T--:--:--.--- [GlobalLogger - ] Destroying CORBA...
2 - ----------T--:--:--.--- [GlobalLogger - ] Client destroyed.
