

!!!FAILURES!!!
Test Results:
Run:  4   Failures: 4   Errors: 0


1) test: ExampleTestCase::example (F) line: 61 cppunitExampleTestFailures.cpp
double equality assertion failed
- Expected: 1
- Actual  : 1.1
- Delta   : 0.05


2) test: ExampleTestCase::anotherExample (F) line: 71 cppunitExampleTestFailures.cpp
assertion failed
- Expression: 1 == 2


3) test: ExampleTestCase::testAdd (F) line: 85 cppunitExampleTestFailures.cpp
assertion failed
- Expression: result == 6.0


4) test: ExampleTestCase::testEquals (F) line: 104 cppunitExampleTestFailures.cpp
equality assertion failed
- Expected: 12
- Actual  : 13


