Application time: 0.8943710 seconds
{Heap before GC invocations=0 (full 0):
 def new generation   total 14784K, used 13184K [0xa9fb0000, 0xaafb0000, 0xaafb0000)
  eden space 13184K, 100% used [0xa9fb0000, 0xaac90000, 0xaac90000)
  from space 1600K,   0% used [0xaac90000, 0xaac90000, 0xaae20000)
  to   space 1600K,   0% used [0xaae20000, 0xaae20000, 0xaafb0000)
 concurrent mark-sweep generation total 49152K, used 0K [0xaafb0000, 0xadfb0000, 0xaffb0000)
 concurrent-mark-sweep perm gen total 16384K, used 7981K [0xaffb0000, 0xb0fb0000, 0xb3fb0000)
0.965: [GC 0.966: [DefNew
Desired survivor size 819200 bytes, new threshold 1 (max 4)
- age   1:    1007288 bytes,    1007288 total
: 13184K->983K(14784K), 0.0132780 secs] 13184K->983K(63936K), 0.0133580 secs] [Times: user=0.01 sys=0.01, real=0.02 secs] 
Heap after GC invocations=1 (full 0):
 def new generation   total 14784K, used 983K [0xa9fb0000, 0xaafb0000, 0xaafb0000)
  eden space 13184K,   0% used [0xa9fb0000, 0xa9fb0000, 0xaac90000)
  from space 1600K,  61% used [0xaae20000, 0xaaf15eb8, 0xaafb0000)
  to   space 1600K,   0% used [0xaac90000, 0xaac90000, 0xaae20000)
 concurrent mark-sweep generation total 49152K, used 0K [0xaafb0000, 0xadfb0000, 0xaffb0000)
 concurrent-mark-sweep perm gen total 16384K, used 7981K [0xaffb0000, 0xb0fb0000, 0xb3fb0000)
}
Total time for which application threads were stopped: 0.0136730 seconds
Application time: 0.2477330 seconds
1.227: [GC [1 CMS-initial-mark: 0K(49152K)] 6935K(63936K), 0.0061310 secs] [Times: user=0.00 sys=0.00, real=0.00 secs] 
Total time for which application threads were stopped: 0.0064400 seconds
1.233: [CMS-concurrent-mark-start]
1.252: [CMS-concurrent-mark: 0.018/0.018 secs] [Times: user=0.02 sys=0.00, real=0.02 secs] 
1.252: [CMS-concurrent-preclean-start]
1.257: [CMS-concurrent-preclean: 0.005/0.006 secs] [Times: user=0.01 sys=0.00, real=0.01 secs] 
1.257: [CMS-concurrent-abortable-preclean-start]
Application time: 3.8433250 seconds
Total time for which application threads were stopped: 0.0030380 seconds
 CMS: abort preclean due to time 6.288: [CMS-concurrent-abortable-preclean: 0.067/5.030 secs] [Times: user=0.03 sys=0.03, real=5.03 secs] 
Application time: 1.2085490 seconds
6.288: [GC[YG occupancy: 7993 K (14784 K)]6.288: [Rescan (non-parallel) 6.288: [grey object rescan, 0.0001180 secs]6.288: [root rescan, 0.0046650 secs], 0.0048620 secs]6.293: [weak refs processing, 0.0000720 secs] [1 CMS-remark: 0K(49152K)] 7993K(63936K), 0.0050170 secs] [Times: user=0.00 sys=0.00, real=0.00 secs] 
Total time for which application threads were stopped: 0.0052440 seconds
6.293: [CMS-concurrent-sweep-start]
6.293: [CMS-concurrent-sweep: 0.000/0.000 secs] [Times: user=0.00 sys=0.00, real=0.00 secs] 
6.294: [CMS-concurrent-reset-start]
6.300: [CMS-concurrent-reset: 0.007/0.007 secs] [Times: user=0.00 sys=0.01, real=0.01 secs] 
Application time: 1.9315930 seconds
Total time for which application threads were stopped: 0.0001570 seconds
Application time: 0.0002100 seconds
Total time for which application threads were stopped: 0.0000630 seconds
Application time: 0.0000440 seconds
Total time for which application threads were stopped: 0.0000570 seconds
Application time: 0.0000450 seconds
Total time for which application threads were stopped: 0.0000570 seconds
Application time: 0.0486090 seconds
Total time for which application threads were stopped: 0.0001090 seconds
Application time: 0.0000390 seconds
Total time for which application threads were stopped: 0.0000600 seconds
Application time: 0.0005890 seconds
Total time for which application threads were stopped: 0.0000680 seconds
Application time: 0.0000660 seconds
Total time for which application threads were stopped: 0.0000600 seconds
Application time: 0.1133520 seconds
Total time for which application threads were stopped: 0.0001610 seconds
Application time: 0.0534070 seconds
Total time for which application threads were stopped: 0.0001620 seconds
Application time: 0.0210330 seconds
Total time for which application threads were stopped: 0.0001180 seconds
Application time: 0.0060150 seconds
Total time for which application threads were stopped: 0.0002010 seconds
Application time: 0.0218160 seconds
Total time for which application threads were stopped: 0.0001340 seconds
Application time: 0.0000390 seconds
Total time for which application threads were stopped: 0.0000780 seconds
Application time: 0.0000670 seconds
Total time for which application threads were stopped: 0.0001420 seconds
Application time: 0.0000630 seconds
Total time for which application threads were stopped: 0.0000920 seconds
Application time: 0.0109340 seconds
Total time for which application threads were stopped: 0.0001250 seconds
Application time: 0.0014250 seconds
Total time for which application threads were stopped: 0.0001580 seconds
Application time: 0.0000560 seconds
Total time for which application threads were stopped: 0.0001020 seconds
Application time: 0.0000630 seconds
Total time for which application threads were stopped: 0.0000740 seconds
Application time: 0.0004490 seconds
Total time for which application threads were stopped: 0.0001700 seconds
Application time: 0.0001560 seconds
Total time for which application threads were stopped: 0.0000590 seconds
Application time: 0.0122130 seconds
Total time for which application threads were stopped: 0.0000870 seconds
Application time: 0.0000390 seconds
Total time for which application threads were stopped: 0.0001350 seconds
Application time: 0.0000670 seconds
Total time for which application threads were stopped: 0.0000620 seconds
Application time: 0.0000620 seconds
Total time for which application threads were stopped: 0.0000610 seconds
Application time: 0.0232380 seconds
Total time for which application threads were stopped: 0.0000950 seconds
Application time: 0.0000400 seconds
Total time for which application threads were stopped: 0.0000630 seconds
Application time: 0.0000710 seconds
Total time for which application threads were stopped: 0.0000630 seconds
Application time: 0.0000730 seconds
Total time for which application threads were stopped: 0.0000620 seconds
Application time: 0.0207580 seconds
Total time for which application threads were stopped: 0.0000940 seconds
Application time: 0.0087200 seconds
Total time for which application threads were stopped: 0.0001140 seconds
Application time: 0.0000400 seconds
Total time for which application threads were stopped: 0.0000640 seconds
Application time: 0.0000730 seconds
Total time for which application threads were stopped: 0.0000640 seconds
Application time: 0.0000720 seconds
Total time for which application threads were stopped: 0.0000710 seconds
Application time: 0.0053140 seconds
Total time for which application threads were stopped: 0.0001210 seconds
Application time: 0.0010310 seconds
Total time for which application threads were stopped: 0.0000660 seconds
Application time: 0.0213480 seconds
Total time for which application threads were stopped: 0.0000940 seconds
Application time: 0.0000400 seconds
Total time for which application threads were stopped: 0.0000570 seconds
Application time: 0.0005080 seconds
Total time for which application threads were stopped: 0.0000620 seconds
Application time: 2.4151610 seconds
Total time for which application threads were stopped: 0.0001640 seconds
Application time: 0.0010940 seconds
Total time for which application threads were stopped: 0.0000740 seconds
Application time: 0.0065460 seconds
Total time for which application threads were stopped: 0.0000860 seconds
Application time: 0.0000370 seconds
Total time for which application threads were stopped: 0.0000600 seconds
Application time: 0.0005980 seconds
Total time for which application threads were stopped: 0.0000690 seconds
Application time: 0.0000640 seconds
Total time for which application threads were stopped: 0.0000610 seconds
Application time: 0.0180390 seconds
Total time for which application threads were stopped: 0.0000970 seconds
Application time: 0.0069330 seconds
Total time for which application threads were stopped: 0.0000940 seconds
Application time: 0.1595550 seconds
Total time for which application threads were stopped: 0.0000940 seconds
Application time: 0.0000280 seconds
Total time for which application threads were stopped: 0.0000450 seconds
Application time: 0.0000590 seconds
Total time for which application threads were stopped: 0.0000440 seconds
Application time: 0.0001030 seconds
Total time for which application threads were stopped: 0.0001280 seconds
Application time: 2.3267420 seconds
Total time for which application threads were stopped: 0.0001750 seconds
Application time: 0.0062920 seconds
Total time for which application threads were stopped: 0.0000740 seconds
Application time: 0.0005730 seconds
Total time for which application threads were stopped: 0.0000580 seconds
Application time: 0.0000530 seconds
Total time for which application threads were stopped: 0.0000470 seconds
Application time: 0.0818180 seconds
Total time for which application threads were stopped: 0.0001080 seconds
Application time: 0.2701770 seconds
Total time for which application threads were stopped: 0.0001070 seconds
Application time: 0.0001710 seconds
Total time for which application threads were stopped: 0.0000510 seconds
Application time: 4.7483430 seconds
Total time for which application threads were stopped: 0.0001930 seconds
Application time: 0.0066080 seconds
Total time for which application threads were stopped: 0.0000840 seconds
Application time: 0.0006200 seconds
Total time for which application threads were stopped: 0.0000570 seconds
Application time: 0.0000530 seconds
Total time for which application threads were stopped: 0.0000470 seconds
Application time: 0.0024690 seconds
{Heap before GC invocations=1 (full 1):
 def new generation   total 14784K, used 14167K [0xa9fb0000, 0xaafb0000, 0xaafb0000)
  eden space 13184K, 100% used [0xa9fb0000, 0xaac90000, 0xaac90000)
  from space 1600K,  61% used [0xaae20000, 0xaaf15eb8, 0xaafb0000)
  to   space 1600K,   0% used [0xaac90000, 0xaac90000, 0xaae20000)
 concurrent mark-sweep generation total 49152K, used 0K [0xaafb0000, 0xadfb0000, 0xaffb0000)
 concurrent-mark-sweep perm gen total 16384K, used 10284K [0xaffb0000, 0xb0fb0000, 0xb3fb0000)
18.656: [GC 18.656: [DefNew
Desired survivor size 819200 bytes, new threshold 4 (max 4)
- age   1:     565104 bytes,     565104 total
: 14167K->551K(14784K), 0.0141680 secs] 14167K->1374K(63936K) icms_dc=5 , 0.0142660 secs] [Times: user=0.00 sys=0.02, real=0.02 secs] 
Heap after GC invocations=2 (full 1):
 def new generation   total 14784K, used 551K [0xa9fb0000, 0xaafb0000, 0xaafb0000)
  eden space 13184K,   0% used [0xa9fb0000, 0xa9fb0000, 0xaac90000)
  from space 1600K,  34% used [0xaac90000, 0xaad19f70, 0xaae20000)
  to   space 1600K,   0% used [0xaae20000, 0xaae20000, 0xaafb0000)
 concurrent mark-sweep generation total 49152K, used 822K [0xaafb0000, 0xadfb0000, 0xaffb0000)
 concurrent-mark-sweep perm gen total 16384K, used 10284K [0xaffb0000, 0xb0fb0000, 0xb3fb0000)
}
Total time for which application threads were stopped: 0.0145080 seconds
Application time: 0.0016750 seconds
Total time for which application threads were stopped: 0.0000740 seconds
Application time: 0.0000510 seconds
Total time for which application threads were stopped: 0.0000440 seconds
Application time: 0.0000310 seconds
Total time for which application threads were stopped: 0.0000430 seconds
Application time: 0.0000300 seconds
Total time for which application threads were stopped: 0.0000430 seconds
Application time: 0.0000290 seconds
Total time for which application threads were stopped: 0.0000440 seconds
Application time: 0.0000300 seconds
Total time for which application threads were stopped: 0.0000420 seconds
Application time: 0.0000290 seconds
Total time for which application threads were stopped: 0.0000430 seconds
Application time: 0.0000300 seconds
Total time for which application threads were stopped: 0.0000430 seconds
Application time: 0.0000290 seconds
Total time for which application threads were stopped: 0.0000430 seconds
Application time: 0.0000290 seconds
Total time for which application threads were stopped: 0.0000420 seconds
Application time: 0.0000310 seconds
Total time for which application threads were stopped: 0.0000440 seconds
Application time: 0.0000680 seconds
Total time for which application threads were stopped: 0.0000440 seconds
Application time: 0.0000290 seconds
Total time for which application threads were stopped: 0.0000430 seconds
Application time: 0.0000300 seconds
Total time for which application threads were stopped: 0.0000430 seconds
Application time: 0.0000290 seconds
Total time for which application threads were stopped: 0.0000430 seconds
Application time: 0.0000300 seconds
Total time for which application threads were stopped: 0.0000420 seconds
Application time: 0.0000290 seconds
Total time for which application threads were stopped: 0.0000440 seconds
Application time: 0.0000300 seconds
Total time for which application threads were stopped: 0.0000430 seconds
Application time: 0.0000300 seconds
Total time for which application threads were stopped: 0.0000420 seconds
Application time: 0.0000280 seconds
Total time for which application threads were stopped: 0.0001280 seconds
Application time: 0.0000350 seconds
Total time for which application threads were stopped: 0.0000460 seconds
Application time: 0.0003950 seconds
Total time for which application threads were stopped: 0.0000510 seconds
Application time: 0.0000780 seconds
Total time for which application threads were stopped: 0.0000470 seconds
Application time: 0.0000210 seconds
Total time for which application threads were stopped: 0.0000450 seconds
Application time: 0.0003320 seconds
Total time for which application threads were stopped: 0.0000520 seconds
Application time: 0.0001160 seconds
Total time for which application threads were stopped: 0.0000480 seconds
Application time: 0.0116040 seconds
Total time for which application threads were stopped: 0.0000750 seconds
Application time: 0.0004070 seconds
Total time for which application threads were stopped: 0.0000500 seconds
Application time: 0.0002930 seconds
Total time for which application threads were stopped: 0.0000490 seconds
Application time: 0.0000220 seconds
Total time for which application threads were stopped: 0.0000460 seconds
Application time: 0.0003130 seconds
Total time for which application threads were stopped: 0.0000500 seconds
Application time: 0.0002850 seconds
Total time for which application threads were stopped: 0.0000480 seconds
Application time: 0.0000220 seconds
Total time for which application threads were stopped: 0.0000470 seconds
Application time: 0.0002840 seconds
Total time for which application threads were stopped: 0.0000490 seconds
Application time: 0.0003050 seconds
Total time for which application threads were stopped: 0.0000500 seconds
Application time: 0.0000220 seconds
Total time for which application threads were stopped: 0.0000460 seconds
Application time: 0.0002770 seconds
Total time for which application threads were stopped: 0.0000490 seconds
Application time: 0.0003020 seconds
Total time for which application threads were stopped: 0.0000610 seconds
Application time: 0.0000220 seconds
Total time for which application threads were stopped: 0.0000430 seconds
Application time: 0.0002820 seconds
Total time for which application threads were stopped: 0.0000460 seconds
Application time: 0.0002790 seconds
Total time for which application threads were stopped: 0.0000460 seconds
Application time: 0.0003480 seconds
Total time for which application threads were stopped: 0.0000460 seconds
Application time: 0.1226010 seconds
Total time for which application threads were stopped: 0.0001020 seconds
Application time: 0.0000710 seconds
Total time for which application threads were stopped: 0.0000850 seconds
Application time: 0.0000730 seconds
Total time for which application threads were stopped: 0.0000610 seconds
Application time: 0.0721460 seconds
Total time for which application threads were stopped: 0.0000890 seconds
Application time: 0.0000660 seconds
Total time for which application threads were stopped: 0.0000460 seconds
Application time: 0.0018850 seconds
Total time for which application threads were stopped: 0.0000740 seconds
Application time: 11.1785050 seconds
Total time for which application threads were stopped: 0.0001370 seconds
Application time: 0.0320210 seconds
Total time for which application threads were stopped: 0.0000760 seconds
Application time: 0.0000670 seconds
Total time for which application threads were stopped: 0.0000450 seconds
Application time: 0.0102640 seconds
Total time for which application threads were stopped: 0.0001650 seconds
Application time: 0.0049180 seconds
Total time for which application threads were stopped: 0.0002330 seconds
Application time: 0.0004070 seconds
Total time for which application threads were stopped: 0.0000600 seconds
Application time: 0.0033670 seconds
Total time for which application threads were stopped: 0.0001850 seconds
Application time: 0.0001070 seconds
Total time for which application threads were stopped: 0.0000590 seconds
Application time: 0.0000890 seconds
Total time for which application threads were stopped: 0.0000580 seconds
Application time: 0.0006670 seconds
Total time for which application threads were stopped: 0.0000660 seconds
Application time: 0.0133590 seconds
Total time for which application threads were stopped: 0.0000880 seconds
Application time: 0.0109080 seconds
Total time for which application threads were stopped: 0.0002700 seconds
Application time: 0.0319400 seconds
30.177: [GC [1 CMS-initial-mark: 822K(49152K)] 4407K(63936K), 0.0043830 secs] [Times: user=0.00 sys=0.00, real=0.00 secs] 
Total time for which application threads were stopped: 0.0045730 seconds
30.182: [CMS-concurrent-mark-start]
30.202: [CMS-concurrent-mark: 0.020/0.020 secs] [Times: user=0.02 sys=0.00, real=0.02 secs] 
30.202: [CMS-concurrent-preclean-start]
30.204: [CMS-concurrent-preclean: 0.001/0.002 secs] [Times: user=0.00 sys=0.00, real=0.00 secs] 
30.204: [CMS-concurrent-abortable-preclean-start]
30.204: [CMS-concurrent-abortable-preclean: 0.000/0.000 secs] [Times: user=0.00 sys=0.00, real=0.00 secs] 
Application time: 0.0221390 seconds
30.204: [GC[YG occupancy: 3585 K (14784 K)]30.204: [Rescan (non-parallel) 30.204: [grey object rescan, 0.0001190 secs]30.204: [root rescan, 0.0033310 secs], 0.0035030 secs]30.207: [weak refs processing, 0.0000840 secs] [1 CMS-remark: 822K(49152K)] 4407K(63936K), 0.0036860 secs] [Times: user=0.01 sys=0.00, real=0.01 secs] 
Total time for which application threads were stopped: 0.0038350 seconds
30.208: [CMS-concurrent-sweep-start]
30.209: [CMS-concurrent-sweep: 0.001/0.001 secs] [Times: user=0.00 sys=0.00, real=0.00 secs] 
30.209: [CMS-concurrent-reset-start]
30.213: [CMS-concurrent-reset: 0.005/0.005 secs] [Times: user=0.00 sys=0.00, real=0.00 secs] 
Heap
 def new generation   total 14784K, used 3585K [0xa9fb0000, 0xaafb0000, 0xaafb0000)
  eden space 13184K,  23% used [0xa9fb0000, 0xaa2a64d0, 0xaac90000)
  from space 1600K,  34% used [0xaac90000, 0xaad19f70, 0xaae20000)
  to   space 1600K,   0% used [0xaae20000, 0xaae20000, 0xaafb0000)
 concurrent mark-sweep generation total 49152K, used 819K [0xaafb0000, 0xadfb0000, 0xaffb0000)
 concurrent-mark-sweep perm gen total 17192K, used 10313K [0xaffb0000, 0xb107a000, 0xb3fb0000)
Application time: 0.0060470 seconds
