Reference file tat21.ref generated
Reference file tat22.ref generated
Reference file generated.
Executing tat21
Executing tat22
Reference file tat21.ref generated
Reference file tat22.ref generated
Reference file generated.
Executing tat21
Executing tat22
Reference file tat21.ref generated
Reference file generated.
Executing tat21
Reference file tat21.ref generated
Reference file tat22.ref generated
Reference file generated.
Executing tat21
Executing tat22
TEST tat21 PASSED.
TEST tat22 PASSED.
PASSED.
TEST tat21 PASSED.
PASSED.
TEST tat22 PASSED.
PASSED.
TEST tat21 PASSED.
TEST tat22 PASSED.
PASSED.
