Application time: 0.6024130 seconds
Total time for which application threads were stopped: 0.0001560 seconds
Application time: 0.0534370 seconds
{Heap before GC invocations=0 (full 0):
 def new generation   total 14784K, used 11257K [0x90270000, 0x91270000, 0x91270000)
  eden space 13184K,  85% used [0x90270000, 0x90d6e6f0, 0x90f50000)
  from space 1600K,   0% used [0x90f50000, 0x90f50000, 0x910e0000)
  to   space 1600K,   0% used [0x910e0000, 0x910e0000, 0x91270000)
 concurrent mark-sweep generation total 49152K, used 0K [0x91270000, 0x94270000, 0xb0270000)
 concurrent-mark-sweep perm gen total 16384K, used 5366K [0xb0270000, 0xb1270000, 0xb4270000)
1.016: [Full GC (System) 1.016: [CMS: 0K->742K(49152K), 0.0610250 secs] 11257K->742K(63936K), [CMS Perm : 5366K->5360K(16384K)], 0.0611320 secs] [Times: user=0.02 sys=0.04, real=0.06 secs] 
Heap after GC invocations=1 (full 1):
 def new generation   total 14784K, used 0K [0x90270000, 0x91270000, 0x91270000)
  eden space 13184K,   0% used [0x90270000, 0x90270000, 0x90f50000)
  from space 1600K,   0% used [0x90f50000, 0x90f50000, 0x910e0000)
  to   space 1600K,   0% used [0x910e0000, 0x910e0000, 0x91270000)
 concurrent mark-sweep generation total 49152K, used 742K [0x91270000, 0x94270000, 0xb0270000)
 concurrent-mark-sweep perm gen total 16384K, used 5360K [0xb0270000, 0xb1270000, 0xb4270000)
}
Total time for which application threads were stopped: 0.1812370 seconds
Application time: 0.0000920 seconds
1.077: [GC [1 CMS-initial-mark: 742K(49152K)] 742K(63936K), 0.0002380 secs] [Times: user=0.00 sys=0.00, real=0.00 secs] 
Total time for which application threads were stopped: 0.0004270 seconds
1.077: [CMS-concurrent-mark-start]
Application time: 0.0768160 seconds
{Heap before GC invocations=1 (full 2):
 def new generation   total 14784K, used 753K [0x90270000, 0x91270000, 0x91270000)
  eden space 13184K,   5% used [0x90270000, 0x9032c6f0, 0x90f50000)
  from space 1600K,   0% used [0x90f50000, 0x90f50000, 0x910e0000)
  to   space 1600K,   0% used [0x910e0000, 0x910e0000, 0x91270000)
 concurrent mark-sweep generation total 49152K, used 742K [0x91270000, 0x94270000, 0xb0270000)
 concurrent-mark-sweep perm gen total 16384K, used 5784K [0xb0270000, 0xb1270000, 0xb4270000)
1.154: [Full GC (System) 1.154: [CMS1.175: [CMS-concurrent-mark: 0.020/0.097 secs] [Times: user=0.07 sys=0.02, real=0.09 secs] 
 (concurrent mode interrupted): 742K->932K(49152K), 0.0486760 secs] 1496K->932K(63936K), [CMS Perm : 5784K->5781K(16384K)], 0.0487900 secs] [Times: user=0.04 sys=0.01, real=0.05 secs] 
Heap after GC invocations=2 (full 3):
 def new generation   total 14784K, used 0K [0x90270000, 0x91270000, 0x91270000)
  eden space 13184K,   0% used [0x90270000, 0x90270000, 0x90f50000)
  from space 1600K,   0% used [0x90f50000, 0x90f50000, 0x910e0000)
  to   space 1600K,   0% used [0x910e0000, 0x910e0000, 0x91270000)
 concurrent mark-sweep generation total 49152K, used 932K [0x91270000, 0x94270000, 0xb0270000)
 concurrent-mark-sweep perm gen total 16384K, used 5781K [0xb0270000, 0xb1270000, 0xb4270000)
}
Total time for which application threads were stopped: 0.0490750 seconds
Application time: 0.3256200 seconds
{Heap before GC invocations=2 (full 3):
 def new generation   total 14784K, used 1899K [0x90270000, 0x91270000, 0x91270000)
  eden space 13184K,  14% used [0x90270000, 0x9044acd0, 0x90f50000)
  from space 1600K,   0% used [0x90f50000, 0x90f50000, 0x910e0000)
  to   space 1600K,   0% used [0x910e0000, 0x910e0000, 0x91270000)
 concurrent mark-sweep generation total 49152K, used 932K [0x91270000, 0x94270000, 0xb0270000)
 concurrent-mark-sweep perm gen total 16384K, used 7205K [0xb0270000, 0xb1270000, 0xb4270000)
1.529: [Full GC (System) 1.529: [CMS: 932K->1284K(49152K), 0.0355430 secs] 2831K->1284K(63936K), [CMS Perm : 7205K->7200K(16384K)], 0.0356550 secs] [Times: user=0.03 sys=0.00, real=0.03 secs] 
Heap after GC invocations=3 (full 4):
 def new generation   total 14784K, used 0K [0x90270000, 0x91270000, 0x91270000)
  eden space 13184K,   0% used [0x90270000, 0x90270000, 0x90f50000)
  from space 1600K,   0% used [0x90f50000, 0x90f50000, 0x910e0000)
  to   space 1600K,   0% used [0x910e0000, 0x910e0000, 0x91270000)
 concurrent mark-sweep generation total 49152K, used 1284K [0x91270000, 0x94270000, 0xb0270000)
 concurrent-mark-sweep perm gen total 16384K, used 7200K [0xb0270000, 0xb1270000, 0xb4270000)
}
Total time for which application threads were stopped: 0.0359560 seconds
Application time: 0.0000780 seconds
1.565: [GC [1 CMS-initial-mark: 1284K(49152K)] 1284K(63936K), 0.0003510 secs] [Times: user=0.00 sys=0.01, real=0.01 secs] 
Total time for which application threads were stopped: 0.0006370 seconds
1.566: [CMS-concurrent-mark-start]
Application time: 0.0099770 seconds
{Heap before GC invocations=3 (full 5):
 def new generation   total 14784K, used 131K [0x90270000, 0x91270000, 0x91270000)
  eden space 13184K,   1% used [0x90270000, 0x90290f68, 0x90f50000)
  from space 1600K,   0% used [0x90f50000, 0x90f50000, 0x910e0000)
  to   space 1600K,   0% used [0x910e0000, 0x910e0000, 0x91270000)
 concurrent mark-sweep generation total 49152K, used 1284K [0x91270000, 0x94270000, 0xb0270000)
 concurrent-mark-sweep perm gen total 16384K, used 7200K [0xb0270000, 0xb1270000, 0xb4270000)
1.576: [Full GC (System) 1.576: [CMS1.598: [CMS-concurrent-mark: 0.023/0.033 secs] [Times: user=0.02 sys=0.00, real=0.03 secs] 
 (concurrent mode interrupted): 1284K->1268K(49152K), 0.0561180 secs] 1415K->1268K(63936K), [CMS Perm : 7200K->7200K(16384K)], 0.0562480 secs] [Times: user=0.05 sys=0.00, real=0.05 secs] 
Heap after GC invocations=4 (full 6):
 def new generation   total 14784K, used 0K [0x90270000, 0x91270000, 0x91270000)
  eden space 13184K,   0% used [0x90270000, 0x90270000, 0x90f50000)
  from space 1600K,   0% used [0x90f50000, 0x90f50000, 0x910e0000)
  to   space 1600K,   0% used [0x910e0000, 0x910e0000, 0x91270000)
 concurrent mark-sweep generation total 49152K, used 1268K [0x91270000, 0x94270000, 0xb0270000)
 concurrent-mark-sweep perm gen total 16384K, used 7200K [0xb0270000, 0xb1270000, 0xb4270000)
}
Total time for which application threads were stopped: 0.0565490 seconds
Application time: 0.1081580 seconds
{Heap before GC invocations=4 (full 6):
 def new generation   total 14784K, used 396K [0x90270000, 0x91270000, 0x91270000)
  eden space 13184K,   3% used [0x90270000, 0x902d3250, 0x90f50000)
  from space 1600K,   0% used [0x90f50000, 0x90f50000, 0x910e0000)
  to   space 1600K,   0% used [0x910e0000, 0x910e0000, 0x91270000)
 concurrent mark-sweep generation total 49152K, used 1268K [0x91270000, 0x94270000, 0xb0270000)
 concurrent-mark-sweep perm gen total 16384K, used 7221K [0xb0270000, 0xb1270000, 0xb4270000)
1.740: [Full GC (System) 1.740: [CMS: 1268K->1350K(49152K), 0.0333200 secs] 1665K->1350K(63936K), [CMS Perm : 7221K->7220K(16384K)], 0.0334200 secs] [Times: user=0.02 sys=0.01, real=0.03 secs] 
Heap after GC invocations=5 (full 7):
 def new generation   total 14784K, used 0K [0x90270000, 0x91270000, 0x91270000)
  eden space 13184K,   0% used [0x90270000, 0x90270000, 0x90f50000)
  from space 1600K,   0% used [0x90f50000, 0x90f50000, 0x910e0000)
  to   space 1600K,   0% used [0x910e0000, 0x910e0000, 0x91270000)
 concurrent mark-sweep generation total 49152K, used 1350K [0x91270000, 0x94270000, 0xb0270000)
 concurrent-mark-sweep perm gen total 16384K, used 7220K [0xb0270000, 0xb1270000, 0xb4270000)
}
Total time for which application threads were stopped: 0.0337090 seconds
Application time: 0.0001470 seconds
1.775: [GC [1 CMS-initial-mark: 1350K(49152K)] 1350K(63936K), 0.0002830 secs] [Times: user=0.00 sys=0.00, real=0.00 secs] 
Total time for which application threads were stopped: 0.0006590 seconds
1.775: [CMS-concurrent-mark-start]
Application time: 0.0003650 seconds
{Heap before GC invocations=5 (full 8):
 def new generation   total 14784K, used 131K [0x90270000, 0x91270000, 0x91270000)
  eden space 13184K,   1% used [0x90270000, 0x90290f68, 0x90f50000)
  from space 1600K,   0% used [0x90f50000, 0x90f50000, 0x910e0000)
  to   space 1600K,   0% used [0x910e0000, 0x910e0000, 0x91270000)
 concurrent mark-sweep generation total 49152K, used 1350K [0x91270000, 0x94270000, 0xb0270000)
 concurrent-mark-sweep perm gen total 16384K, used 7220K [0xb0270000, 0xb1270000, 0xb4270000)
1.775: [Full GC (System) 1.775: [CMS1.798: [CMS-concurrent-mark: 0.023/0.023 secs] [Times: user=0.02 sys=0.01, real=0.03 secs] 
 (concurrent mode interrupted): 1350K->1349K(49152K), 0.0561890 secs] 1482K->1349K(63936K), [CMS Perm : 7220K->7220K(16384K)], 0.0562770 secs] [Times: user=0.05 sys=0.01, real=0.06 secs] 
Heap after GC invocations=6 (full 9):
 def new generation   total 14784K, used 0K [0x90270000, 0x91270000, 0x91270000)
  eden space 13184K,   0% used [0x90270000, 0x90270000, 0x90f50000)
  from space 1600K,   0% used [0x90f50000, 0x90f50000, 0x910e0000)
  to   space 1600K,   0% used [0x910e0000, 0x910e0000, 0x91270000)
 concurrent mark-sweep generation total 49152K, used 1349K [0x91270000, 0x94270000, 0xb0270000)
 concurrent-mark-sweep perm gen total 16384K, used 7220K [0xb0270000, 0xb1270000, 0xb4270000)
}
Total time for which application threads were stopped: 0.0565300 seconds
Application time: 0.1015790 seconds
{Heap before GC invocations=6 (full 9):
 def new generation   total 14784K, used 396K [0x90270000, 0x91270000, 0x91270000)
  eden space 13184K,   3% used [0x90270000, 0x902d3278, 0x90f50000)
  from space 1600K,   0% used [0x90f50000, 0x90f50000, 0x910e0000)
  to   space 1600K,   0% used [0x910e0000, 0x910e0000, 0x91270000)
 concurrent mark-sweep generation total 49152K, used 1349K [0x91270000, 0x94270000, 0xb0270000)
 concurrent-mark-sweep perm gen total 16384K, used 7230K [0xb0270000, 0xb1270000, 0xb4270000)
1.933: [Full GC (System) 1.934: [CMS: 1349K->1327K(49152K), 0.0336910 secs] 1746K->1327K(63936K), [CMS Perm : 7230K->7229K(16384K)], 0.0337840 secs] [Times: user=0.04 sys=0.00, real=0.04 secs] 
Heap after GC invocations=7 (full 10):
 def new generation   total 14784K, used 0K [0x90270000, 0x91270000, 0x91270000)
  eden space 13184K,   0% used [0x90270000, 0x90270000, 0x90f50000)
  from space 1600K,   0% used [0x90f50000, 0x90f50000, 0x910e0000)
  to   space 1600K,   0% used [0x910e0000, 0x910e0000, 0x91270000)
 concurrent mark-sweep generation total 49152K, used 1327K [0x91270000, 0x94270000, 0xb0270000)
 concurrent-mark-sweep perm gen total 16384K, used 7229K [0xb0270000, 0xb1270000, 0xb4270000)
}
Total time for which application threads were stopped: 0.0340390 seconds
Application time: 0.0001420 seconds
1.968: [GC [1 CMS-initial-mark: 1327K(49152K)] 1327K(63936K), 0.0002870 secs] [Times: user=0.00 sys=0.00, real=0.00 secs] 
Total time for which application threads were stopped: 0.0005170 seconds
1.968: [CMS-concurrent-mark-start]
Application time: 0.0003330 seconds
{Heap before GC invocations=7 (full 11):
 def new generation   total 14784K, used 131K [0x90270000, 0x91270000, 0x91270000)
  eden space 13184K,   1% used [0x90270000, 0x90290f68, 0x90f50000)
  from space 1600K,   0% used [0x90f50000, 0x90f50000, 0x910e0000)
  to   space 1600K,   0% used [0x910e0000, 0x910e0000, 0x91270000)
 concurrent mark-sweep generation total 49152K, used 1327K [0x91270000, 0x94270000, 0xb0270000)
 concurrent-mark-sweep perm gen total 16384K, used 7229K [0xb0270000, 0xb1270000, 0xb4270000)
1.968: [Full GC (System) 1.969: [CMS1.992: [CMS-concurrent-mark: 0.023/0.023 secs] [Times: user=0.02 sys=0.00, real=0.02 secs] 
 (concurrent mode interrupted): 1327K->1327K(49152K), 0.0578610 secs] 1459K->1327K(63936K), [CMS Perm : 7229K->7229K(16384K)], 0.0579470 secs] [Times: user=0.05 sys=0.00, real=0.06 secs] 
Heap after GC invocations=8 (full 12):
 def new generation   total 14784K, used 0K [0x90270000, 0x91270000, 0x91270000)
  eden space 13184K,   0% used [0x90270000, 0x90270000, 0x90f50000)
  from space 1600K,   0% used [0x90f50000, 0x90f50000, 0x910e0000)
  to   space 1600K,   0% used [0x910e0000, 0x910e0000, 0x91270000)
 concurrent mark-sweep generation total 49152K, used 1327K [0x91270000, 0x94270000, 0xb0270000)
 concurrent-mark-sweep perm gen total 16384K, used 7229K [0xb0270000, 0xb1270000, 0xb4270000)
}
Total time for which application threads were stopped: 0.0581400 seconds
Application time: 0.0892200 seconds
{Heap before GC invocations=8 (full 12):
 def new generation   total 14784K, used 396K [0x90270000, 0x91270000, 0x91270000)
  eden space 13184K,   3% used [0x90270000, 0x902d3250, 0x90f50000)
  from space 1600K,   0% used [0x90f50000, 0x90f50000, 0x910e0000)
  to   space 1600K,   0% used [0x910e0000, 0x910e0000, 0x91270000)
 concurrent mark-sweep generation total 49152K, used 1327K [0x91270000, 0x94270000, 0xb0270000)
 concurrent-mark-sweep perm gen total 16384K, used 7231K [0xb0270000, 0xb1270000, 0xb4270000)
2.116: [Full GC (System) 2.116: [CMS: 1327K->1329K(49152K), 0.0326570 secs] 1724K->1329K(63936K), [CMS Perm : 7231K->7230K(16384K)], 0.0327470 secs] [Times: user=0.03 sys=0.00, real=0.03 secs] 
Heap after GC invocations=9 (full 13):
 def new generation   total 14784K, used 0K [0x90270000, 0x91270000, 0x91270000)
  eden space 13184K,   0% used [0x90270000, 0x90270000, 0x90f50000)
  from space 1600K,   0% used [0x90f50000, 0x90f50000, 0x910e0000)
  to   space 1600K,   0% used [0x910e0000, 0x910e0000, 0x91270000)
 concurrent mark-sweep generation total 49152K, used 1329K [0x91270000, 0x94270000, 0xb0270000)
 concurrent-mark-sweep perm gen total 16384K, used 7230K [0xb0270000, 0xb1270000, 0xb4270000)
}
Total time for which application threads were stopped: 0.0330400 seconds
Application time: 0.0004040 seconds
2.149: [GC [1 CMS-initial-mark: 1329K(49152K)] 1329K(63936K), 0.0002890 secs] [Times: user=0.00 sys=0.00, real=0.00 secs] 
Total time for which application threads were stopped: 0.0005500 seconds
2.150: [CMS-concurrent-mark-start]
Application time: 0.0003580 seconds
{Heap before GC invocations=9 (full 14):
 def new generation   total 14784K, used 131K [0x90270000, 0x91270000, 0x91270000)
  eden space 13184K,   1% used [0x90270000, 0x90290f68, 0x90f50000)
  from space 1600K,   0% used [0x90f50000, 0x90f50000, 0x910e0000)
  to   space 1600K,   0% used [0x910e0000, 0x910e0000, 0x91270000)
 concurrent mark-sweep generation total 49152K, used 1329K [0x91270000, 0x94270000, 0xb0270000)
 concurrent-mark-sweep perm gen total 16384K, used 7230K [0xb0270000, 0xb1270000, 0xb4270000)
2.150: [Full GC (System) 2.150: [CMS2.173: [CMS-concurrent-mark: 0.023/0.023 secs] [Times: user=0.02 sys=0.00, real=0.02 secs] 
 (concurrent mode interrupted): 1329K->1329K(49152K), 0.0553670 secs] 1461K->1329K(63936K), [CMS Perm : 7230K->7230K(16384K)], 0.0554520 secs] [Times: user=0.05 sys=0.01, real=0.06 secs] 
Heap after GC invocations=10 (full 15):
 def new generation   total 14784K, used 0K [0x90270000, 0x91270000, 0x91270000)
  eden space 13184K,   0% used [0x90270000, 0x90270000, 0x90f50000)
  from space 1600K,   0% used [0x90f50000, 0x90f50000, 0x910e0000)
  to   space 1600K,   0% used [0x910e0000, 0x910e0000, 0x91270000)
 concurrent mark-sweep generation total 49152K, used 1329K [0x91270000, 0x94270000, 0xb0270000)
 concurrent-mark-sweep perm gen total 16384K, used 7230K [0xb0270000, 0xb1270000, 0xb4270000)
}
Total time for which application threads were stopped: 0.0556250 seconds
Application time: 3.1108860 seconds
Total time for which application threads were stopped: 0.0003390 seconds
Application time: 6.0721600 seconds
Total time for which application threads were stopped: 0.0001100 seconds
Application time: 0.0000750 seconds
Total time for which application threads were stopped: 0.0000610 seconds
Application time: 0.0000370 seconds
Total time for which application threads were stopped: 0.0000590 seconds
Application time: 0.0000950 seconds
Total time for which application threads were stopped: 0.0000590 seconds
Application time: 0.0000430 seconds
Total time for which application threads were stopped: 0.0000570 seconds
Application time: 0.0124660 seconds
{Heap before GC invocations=10 (full 15):
 def new generation   total 14784K, used 797K [0x90270000, 0x91270000, 0x91270000)
  eden space 13184K,   6% used [0x90270000, 0x90337640, 0x90f50000)
  from space 1600K,   0% used [0x90f50000, 0x90f50000, 0x910e0000)
  to   space 1600K,   0% used [0x910e0000, 0x910e0000, 0x91270000)
 concurrent mark-sweep generation total 49152K, used 1329K [0x91270000, 0x94270000, 0xb0270000)
 concurrent-mark-sweep perm gen total 16384K, used 7293K [0xb0270000, 0xb1270000, 0xb4270000)
11.402: [Full GC (System) 11.402: [CMS: 1329K->1346K(49152K), 0.0371190 secs] 2126K->1346K(63936K), [CMS Perm : 7293K->7292K(16384K)], 0.0372080 secs] [Times: user=0.03 sys=0.01, real=0.04 secs] 
Heap after GC invocations=11 (full 16):
 def new generation   total 14784K, used 0K [0x90270000, 0x91270000, 0x91270000)
  eden space 13184K,   0% used [0x90270000, 0x90270000, 0x90f50000)
  from space 1600K,   0% used [0x90f50000, 0x90f50000, 0x910e0000)
  to   space 1600K,   0% used [0x910e0000, 0x910e0000, 0x91270000)
 concurrent mark-sweep generation total 49152K, used 1346K [0x91270000, 0x94270000, 0xb0270000)
 concurrent-mark-sweep perm gen total 16384K, used 7292K [0xb0270000, 0xb1270000, 0xb4270000)
}
Total time for which application threads were stopped: 0.0374510 seconds
Application time: 0.0002580 seconds
11.440: [GC [1 CMS-initial-mark: 1346K(49152K)] 1346K(63936K), 0.0003160 secs] [Times: user=0.00 sys=0.00, real=0.00 secs] 
Total time for which application threads were stopped: 0.0004730 seconds
11.441: [CMS-concurrent-mark-start]
Application time: 0.0000910 seconds
Total time for which application threads were stopped: 0.0000480 seconds
Application time: 0.0000460 seconds
Total time for which application threads were stopped: 0.0000440 seconds
Application time: 0.0004160 seconds
{Heap before GC invocations=11 (full 17):
 def new generation   total 14784K, used 263K [0x90270000, 0x91270000, 0x91270000)
  eden space 13184K,   2% used [0x90270000, 0x902b1ec0, 0x90f50000)
  from space 1600K,   0% used [0x90f50000, 0x90f50000, 0x910e0000)
  to   space 1600K,   0% used [0x910e0000, 0x910e0000, 0x91270000)
 concurrent mark-sweep generation total 49152K, used 1346K [0x91270000, 0x94270000, 0xb0270000)
 concurrent-mark-sweep perm gen total 16384K, used 7292K [0xb0270000, 0xb1270000, 0xb4270000)
11.441: [Full GC (System) 11.441: [CMS11.464: [CMS-concurrent-mark: 0.023/0.024 secs] [Times: user=0.02 sys=0.00, real=0.02 secs] 
 (concurrent mode interrupted): 1346K->1346K(49152K), 0.0574910 secs] 1610K->1346K(63936K), [CMS Perm : 7292K->7292K(16384K)], 0.0575800 secs] [Times: user=0.06 sys=0.00, real=0.06 secs] 
Heap after GC invocations=12 (full 18):
 def new generation   total 14784K, used 0K [0x90270000, 0x91270000, 0x91270000)
  eden space 13184K,   0% used [0x90270000, 0x90270000, 0x90f50000)
  from space 1600K,   0% used [0x90f50000, 0x90f50000, 0x910e0000)
  to   space 1600K,   0% used [0x910e0000, 0x910e0000, 0x91270000)
 concurrent mark-sweep generation total 49152K, used 1346K [0x91270000, 0x94270000, 0xb0270000)
 concurrent-mark-sweep perm gen total 16384K, used 7292K [0xb0270000, 0xb1270000, 0xb4270000)
}
Total time for which application threads were stopped: 0.0577680 seconds
Application time: 2.3632010 seconds
Total time for which application threads were stopped: 0.0001180 seconds
Application time: 0.0015960 seconds
Total time for which application threads were stopped: 0.0000790 seconds
Application time: 0.0000400 seconds
Total time for which application threads were stopped: 0.0000790 seconds
Application time: 0.4385320 seconds
Total time for which application threads were stopped: 0.0002350 seconds
Application time: 0.1042990 seconds
{Heap before GC invocations=12 (full 18):
 def new generation   total 14784K, used 1597K [0x90270000, 0x91270000, 0x91270000)
  eden space 13184K,  12% used [0x90270000, 0x903ff638, 0x90f50000)
  from space 1600K,   0% used [0x90f50000, 0x90f50000, 0x910e0000)
  to   space 1600K,   0% used [0x910e0000, 0x910e0000, 0x91270000)
 concurrent mark-sweep generation total 49152K, used 1346K [0x91270000, 0x94270000, 0xb0270000)
 concurrent-mark-sweep perm gen total 16384K, used 7400K [0xb0270000, 0xb1270000, 0xb4270000)
14.407: [Full GC (System) 14.408: [CMS: 1346K->1411K(49152K), 0.0592560 secs] 2944K->1411K(63936K), [CMS Perm : 7400K->7398K(16384K)], 0.0593570 secs] [Times: user=0.01 sys=0.05, real=0.06 secs] 
Heap after GC invocations=13 (full 19):
 def new generation   total 14784K, used 0K [0x90270000, 0x91270000, 0x91270000)
  eden space 13184K,   0% used [0x90270000, 0x90270000, 0x90f50000)
  from space 1600K,   0% used [0x90f50000, 0x90f50000, 0x910e0000)
  to   space 1600K,   0% used [0x910e0000, 0x910e0000, 0x91270000)
 concurrent mark-sweep generation total 49152K, used 1411K [0x91270000, 0x94270000, 0xb0270000)
 concurrent-mark-sweep perm gen total 16384K, used 7398K [0xb0270000, 0xb1270000, 0xb4270000)
}
Total time for which application threads were stopped: 0.0596830 seconds
Application time: 0.0005100 seconds
14.467: [GC [1 CMS-initial-mark: 1411K(49152K)] 1675K(63936K), 0.0005030 secs] [Times: user=0.00 sys=0.00, real=0.00 secs] 
Total time for which application threads were stopped: 0.0006210 seconds
14.468: [CMS-concurrent-mark-start]
Application time: 0.0001090 seconds
Total time for which application threads were stopped: 0.0000500 seconds
Application time: 0.0000540 seconds
Total time for which application threads were stopped: 0.0000460 seconds
Application time: 0.0000310 seconds
Total time for which application threads were stopped: 0.0000440 seconds
Application time: 0.0000510 seconds
Total time for which application threads were stopped: 0.0000450 seconds
Application time: 0.0000300 seconds
Total time for which application threads were stopped: 0.0000440 seconds
Application time: 0.0000550 seconds
Total time for which application threads were stopped: 0.0000470 seconds
Application time: 0.0000390 seconds
Total time for which application threads were stopped: 0.0001640 seconds
Application time: 0.0000770 seconds
Total time for which application threads were stopped: 0.0000490 seconds
Application time: 0.0000350 seconds
Total time for which application threads were stopped: 0.0000470 seconds
Application time: 0.0000550 seconds
Total time for which application threads were stopped: 0.0000470 seconds
Application time: 0.0000320 seconds
Total time for which application threads were stopped: 0.0001150 seconds
Application time: 0.0002000 seconds
{Heap before GC invocations=13 (full 20):
 def new generation   total 14784K, used 263K [0x90270000, 0x91270000, 0x91270000)
  eden space 13184K,   2% used [0x90270000, 0x902b1ec0, 0x90f50000)
  from space 1600K,   0% used [0x90f50000, 0x90f50000, 0x910e0000)
  to   space 1600K,   0% used [0x910e0000, 0x910e0000, 0x91270000)
 concurrent mark-sweep generation total 49152K, used 1411K [0x91270000, 0x94270000, 0xb0270000)
 concurrent-mark-sweep perm gen total 16384K, used 7398K [0xb0270000, 0xb1270000, 0xb4270000)
14.470: [Full GC (System) 14.470: [CMS14.493: [CMS-concurrent-mark: 0.023/0.025 secs] [Times: user=0.02 sys=0.00, real=0.02 secs] 
 (concurrent mode interrupted): 1411K->1405K(49152K), 0.0589240 secs] 1675K->1405K(63936K), [CMS Perm : 7398K->7398K(16384K)], 0.0590140 secs] [Times: user=0.06 sys=0.00, real=0.06 secs] 
Heap after GC invocations=14 (full 21):
 def new generation   total 14784K, used 0K [0x90270000, 0x91270000, 0x91270000)
  eden space 13184K,   0% used [0x90270000, 0x90270000, 0x90f50000)
  from space 1600K,   0% used [0x90f50000, 0x90f50000, 0x910e0000)
  to   space 1600K,   0% used [0x910e0000, 0x910e0000, 0x91270000)
 concurrent mark-sweep generation total 49152K, used 1405K [0x91270000, 0x94270000, 0xb0270000)
 concurrent-mark-sweep perm gen total 16384K, used 7398K [0xb0270000, 0xb1270000, 0xb4270000)
}
Total time for which application threads were stopped: 0.0591980 seconds
Application time: 1.7182390 seconds
{Heap before GC invocations=14 (full 21):
 def new generation   total 14784K, used 530K [0x90270000, 0x91270000, 0x91270000)
  eden space 13184K,   4% used [0x90270000, 0x902f4a68, 0x90f50000)
  from space 1600K,   0% used [0x90f50000, 0x90f50000, 0x910e0000)
  to   space 1600K,   0% used [0x910e0000, 0x910e0000, 0x91270000)
 concurrent mark-sweep generation total 49152K, used 1405K [0x91270000, 0x94270000, 0xb0270000)
 concurrent-mark-sweep perm gen total 16384K, used 7399K [0xb0270000, 0xb1270000, 0xb4270000)
16.247: [Full GC (System) 16.247: [CMS: 1405K->1406K(49152K), 0.0368460 secs] 1936K->1406K(63936K), [CMS Perm : 7399K->7398K(16384K)], 0.0369400 secs] [Times: user=0.03 sys=0.00, real=0.03 secs] 
Heap after GC invocations=15 (full 22):
 def new generation   total 14784K, used 0K [0x90270000, 0x91270000, 0x91270000)
  eden space 13184K,   0% used [0x90270000, 0x90270000, 0x90f50000)
  from space 1600K,   0% used [0x90f50000, 0x90f50000, 0x910e0000)
  to   space 1600K,   0% used [0x910e0000, 0x910e0000, 0x91270000)
 concurrent mark-sweep generation total 49152K, used 1406K [0x91270000, 0x94270000, 0xb0270000)
 concurrent-mark-sweep perm gen total 16384K, used 7398K [0xb0270000, 0xb1270000, 0xb4270000)
}
Total time for which application threads were stopped: 0.0372250 seconds
Application time: 0.0000790 seconds
16.285: [GC [1 CMS-initial-mark: 1406K(49152K)] 1406K(63936K), 0.0002930 secs] [Times: user=0.00 sys=0.00, real=0.00 secs] 
Total time for which application threads were stopped: 0.0004320 seconds
16.285: [CMS-concurrent-mark-start]
Application time: 0.0000990 seconds
Total time for which application threads were stopped: 0.0000490 seconds
Application time: 0.0000460 seconds
Total time for which application threads were stopped: 0.0000660 seconds
Application time: 0.0000340 seconds
Total time for which application threads were stopped: 0.0000430 seconds
Application time: 0.0000350 seconds
Total time for which application threads were stopped: 0.0000420 seconds
Application time: 0.0000290 seconds
Total time for which application threads were stopped: 0.0000430 seconds
Application time: 0.0004930 seconds
{Heap before GC invocations=15 (full 23):
 def new generation   total 14784K, used 263K [0x90270000, 0x91270000, 0x91270000)
  eden space 13184K,   2% used [0x90270000, 0x902b1ec0, 0x90f50000)
  from space 1600K,   0% used [0x90f50000, 0x90f50000, 0x910e0000)
  to   space 1600K,   0% used [0x910e0000, 0x910e0000, 0x91270000)
 concurrent mark-sweep generation total 49152K, used 1406K [0x91270000, 0x94270000, 0xb0270000)
 concurrent-mark-sweep perm gen total 16384K, used 7398K [0xb0270000, 0xb1270000, 0xb4270000)
16.286: [Full GC (System) 16.286: [CMS16.309: [CMS-concurrent-mark: 0.023/0.024 secs] [Times: user=0.02 sys=0.00, real=0.03 secs] 
 (concurrent mode interrupted): 1406K->1405K(49152K), 0.0593710 secs] 1669K->1405K(63936K), [CMS Perm : 7398K->7398K(16384K)], 0.0594600 secs] [Times: user=0.05 sys=0.00, real=0.05 secs] 
Heap after GC invocations=16 (full 24):
 def new generation   total 14784K, used 0K [0x90270000, 0x91270000, 0x91270000)
  eden space 13184K,   0% used [0x90270000, 0x90270000, 0x90f50000)
  from space 1600K,   0% used [0x90f50000, 0x90f50000, 0x910e0000)
  to   space 1600K,   0% used [0x910e0000, 0x910e0000, 0x91270000)
 concurrent mark-sweep generation total 49152K, used 1405K [0x91270000, 0x94270000, 0xb0270000)
 concurrent-mark-sweep perm gen total 16384K, used 7398K [0xb0270000, 0xb1270000, 0xb4270000)
}
Total time for which application threads were stopped: 0.0597070 seconds
Application time: 6.2726190 seconds
Total time for which application threads were stopped: 0.0001530 seconds
Application time: 0.0012650 seconds
Total time for which application threads were stopped: 0.0000760 seconds
Application time: 0.0000270 seconds
Total time for which application threads were stopped: 0.0000460 seconds
Application time: 0.0509450 seconds
{Heap before GC invocations=16 (full 24):
 def new generation   total 14784K, used 2383K [0x90270000, 0x91270000, 0x91270000)
  eden space 13184K,  18% used [0x90270000, 0x904c3de8, 0x90f50000)
  from space 1600K,   0% used [0x90f50000, 0x90f50000, 0x910e0000)
  to   space 1600K,   0% used [0x910e0000, 0x910e0000, 0x91270000)
 concurrent mark-sweep generation total 49152K, used 1405K [0x91270000, 0x94270000, 0xb0270000)
 concurrent-mark-sweep perm gen total 16384K, used 7461K [0xb0270000, 0xb1270000, 0xb4270000)
22.671: [Full GC (System) 22.671: [CMS: 1405K->1866K(49152K), 0.0385950 secs] 3788K->1866K(63936K), [CMS Perm : 7461K->7459K(16384K)], 0.0387030 secs] [Times: user=0.04 sys=0.00, real=0.04 secs] 
Heap after GC invocations=17 (full 25):
 def new generation   total 14784K, used 0K [0x90270000, 0x91270000, 0x91270000)
  eden space 13184K,   0% used [0x90270000, 0x90270000, 0x90f50000)
  from space 1600K,   0% used [0x90f50000, 0x90f50000, 0x910e0000)
  to   space 1600K,   0% used [0x910e0000, 0x910e0000, 0x91270000)
 concurrent mark-sweep generation total 49152K, used 1866K [0x91270000, 0x94270000, 0xb0270000)
 concurrent-mark-sweep perm gen total 16384K, used 7459K [0xb0270000, 0xb1270000, 0xb4270000)
}
Total time for which application threads were stopped: 0.0389640 seconds
Application time: 0.0005030 seconds
22.711: [GC [1 CMS-initial-mark: 1866K(49152K)] 2130K(63936K), 0.0003360 secs] [Times: user=0.00 sys=0.00, real=0.00 secs] 
Total time for which application threads were stopped: 0.0006590 seconds
22.711: [CMS-concurrent-mark-start]
Application time: 0.0000690 seconds
Total time for which application threads were stopped: 0.0000660 seconds
Application time: 0.0000550 seconds
Total time for which application threads were stopped: 0.0000490 seconds
Application time: 0.0000320 seconds
Total time for which application threads were stopped: 0.0000430 seconds
Application time: 0.0000610 seconds
Total time for which application threads were stopped: 0.0000480 seconds
Application time: 0.0000360 seconds
Total time for which application threads were stopped: 0.0000430 seconds
Application time: 0.0000530 seconds
Total time for which application threads were stopped: 0.0000480 seconds
Application time: 0.0000330 seconds
Total time for which application threads were stopped: 0.0000430 seconds
Application time: 0.0000530 seconds
Total time for which application threads were stopped: 0.0000500 seconds
Application time: 0.0000330 seconds
Total time for which application threads were stopped: 0.0000850 seconds
Application time: 0.0002130 seconds
{Heap before GC invocations=17 (full 26):
 def new generation   total 14784K, used 263K [0x90270000, 0x91270000, 0x91270000)
  eden space 13184K,   2% used [0x90270000, 0x902b1ec0, 0x90f50000)
  from space 1600K,   0% used [0x90f50000, 0x90f50000, 0x910e0000)
  to   space 1600K,   0% used [0x910e0000, 0x910e0000, 0x91270000)
 concurrent mark-sweep generation total 49152K, used 1866K [0x91270000, 0x94270000, 0xb0270000)
 concurrent-mark-sweep perm gen total 16384K, used 7459K [0xb0270000, 0xb1270000, 0xb4270000)
22.712: [Full GC (System) 22.712: [CMS22.737: [CMS-concurrent-mark: 0.025/0.026 secs] [Times: user=0.03 sys=0.00, real=0.03 secs] 
 (concurrent mode interrupted): 1866K->1863K(49152K), 0.0614190 secs] 2130K->1863K(63936K), [CMS Perm : 7459K->7459K(16384K)], 0.0615160 secs] [Times: user=0.05 sys=0.01, real=0.06 secs] 
Heap after GC invocations=18 (full 27):
 def new generation   total 14784K, used 0K [0x90270000, 0x91270000, 0x91270000)
  eden space 13184K,   0% used [0x90270000, 0x90270000, 0x90f50000)
  from space 1600K,   0% used [0x90f50000, 0x90f50000, 0x910e0000)
  to   space 1600K,   0% used [0x910e0000, 0x910e0000, 0x91270000)
 concurrent mark-sweep generation total 49152K, used 1863K [0x91270000, 0x94270000, 0xb0270000)
 concurrent-mark-sweep perm gen total 16384K, used 7459K [0xb0270000, 0xb1270000, 0xb4270000)
}
Total time for which application threads were stopped: 0.0617130 seconds
Application time: 0.0824100 seconds
Total time for which application threads were stopped: 0.0000870 seconds
Application time: 8.4995260 seconds
{Heap before GC invocations=18 (full 27):
 def new generation   total 14784K, used 395K [0x90270000, 0x91270000, 0x91270000)
  eden space 13184K,   3% used [0x90270000, 0x902d2e48, 0x90f50000)
  from space 1600K,   0% used [0x90f50000, 0x90f50000, 0x910e0000)
  to   space 1600K,   0% used [0x910e0000, 0x910e0000, 0x91270000)
 concurrent mark-sweep generation total 49152K, used 1863K [0x91270000, 0x94270000, 0xb0270000)
 concurrent-mark-sweep perm gen total 16384K, used 7464K [0xb0270000, 0xb1270000, 0xb4270000)
31.356: [Full GC (System) 31.356: [CMS: 1863K->1858K(49152K), 0.0421170 secs] 2259K->1858K(63936K), [CMS Perm : 7464K->7462K(16384K)], 0.0422300 secs] [Times: user=0.04 sys=0.00, real=0.04 secs] 
Heap after GC invocations=19 (full 28):
 def new generation   total 14784K, used 0K [0x90270000, 0x91270000, 0x91270000)
  eden space 13184K,   0% used [0x90270000, 0x90270000, 0x90f50000)
  from space 1600K,   0% used [0x90f50000, 0x90f50000, 0x910e0000)
  to   space 1600K,   0% used [0x910e0000, 0x910e0000, 0x91270000)
 concurrent mark-sweep generation total 49152K, used 1858K [0x91270000, 0x94270000, 0xb0270000)
 concurrent-mark-sweep perm gen total 16384K, used 7462K [0xb0270000, 0xb1270000, 0xb4270000)
}
Total time for which application threads were stopped: 0.0426480 seconds
Application time: 0.0000890 seconds
31.399: [GC [1 CMS-initial-mark: 1858K(49152K)] 1858K(63936K), 0.0003940 secs] [Times: user=0.00 sys=0.00, real=0.00 secs] 
Total time for which application threads were stopped: 0.0005520 seconds
31.399: [CMS-concurrent-mark-start]
31.426: [CMS-concurrent-mark: 0.026/0.026 secs] [Times: user=0.02 sys=0.00, real=0.02 secs] 
31.426: [CMS-concurrent-preclean-start]
31.428: [CMS-concurrent-preclean: 0.000/0.003 secs] [Times: user=0.00 sys=0.01, real=0.01 secs] 
Application time: 0.0293630 seconds
31.429: [GC[YG occupancy: 263 K (14784 K)]31.429: [Rescan (non-parallel) 31.429: [grey object rescan, 0.0001280 secs]31.429: [root rescan, 0.0003520 secs], 0.0005130 secs]31.429: [weak refs processing, 0.0000050 secs] [1 CMS-remark: 1858K(49152K)] 2122K(63936K), 0.0005670 secs] [Times: user=0.00 sys=0.00, real=0.00 secs] 
Total time for which application threads were stopped: 0.0007220 seconds
31.429: [CMS-concurrent-sweep-start]
31.431: [CMS-concurrent-sweep: 0.001/0.001 secs] [Times: user=0.00 sys=0.00, real=0.00 secs] 
31.431: [CMS-concurrent-reset-start]
31.438: [CMS-concurrent-reset: 0.008/0.008 secs] [Times: user=0.01 sys=0.00, real=0.01 secs] 
Application time: 0.0091110 seconds
{Heap before GC invocations=19 (full 29):
 def new generation   total 14784K, used 263K [0x90270000, 0x91270000, 0x91270000)
  eden space 13184K,   2% used [0x90270000, 0x902b1ec0, 0x90f50000)
  from space 1600K,   0% used [0x90f50000, 0x90f50000, 0x910e0000)
  to   space 1600K,   0% used [0x910e0000, 0x910e0000, 0x91270000)
 concurrent mark-sweep generation total 49152K, used 1857K [0x91270000, 0x94270000, 0xb0270000)
 concurrent-mark-sweep perm gen total 16384K, used 7462K [0xb0270000, 0xb1270000, 0xb4270000)
31.439: [Full GC (System) 31.439: [CMS: 1857K->1858K(49152K), 0.0369460 secs] 2121K->1858K(63936K), [CMS Perm : 7462K->7462K(16384K)], 0.0370400 secs] [Times: user=0.03 sys=0.00, real=0.03 secs] 
Heap after GC invocations=20 (full 30):
 def new generation   total 14784K, used 0K [0x90270000, 0x91270000, 0x91270000)
  eden space 13184K,   0% used [0x90270000, 0x90270000, 0x90f50000)
  from space 1600K,   0% used [0x90f50000, 0x90f50000, 0x910e0000)
  to   space 1600K,   0% used [0x910e0000, 0x910e0000, 0x91270000)
 concurrent mark-sweep generation total 49152K, used 1858K [0x91270000, 0x94270000, 0xb0270000)
 concurrent-mark-sweep perm gen total 16384K, used 7462K [0xb0270000, 0xb1270000, 0xb4270000)
}
Total time for which application threads were stopped: 0.0373990 seconds
Application time: 0.0000780 seconds
31.476: [GC [1 CMS-initial-mark: 1858K(49152K)] 1858K(63936K), 0.0004350 secs] [Times: user=0.00 sys=0.00, real=0.00 secs] 
Total time for which application threads were stopped: 0.0005580 seconds
31.477: [CMS-concurrent-mark-start]
Application time: 7.1139310 seconds
Total time for which application threads were stopped: 0.0001000 seconds
Application time: 5.8907650 seconds
Total time for which application threads were stopped: 0.0001020 seconds
Application time: 0.0022310 seconds
Total time for which application threads were stopped: 0.0000650 seconds
Application time: 0.0000280 seconds
Total time for which application threads were stopped: 0.0000450 seconds
Application time: 0.0070750 seconds
Total time for which application threads were stopped: 0.0006550 seconds
Application time: 0.0001070 seconds
Total time for which application threads were stopped: 0.0000580 seconds
Application time: 0.0000350 seconds
Total time for which application threads were stopped: 0.0000550 seconds
Application time: 0.0011180 seconds
Total time for which application threads were stopped: 0.0000690 seconds
Application time: 0.0002260 seconds
Total time for which application threads were stopped: 0.0000590 seconds
44.521: [CMS-concurrent-mark: 0.025/13.044 secs] [Times: user=0.02 sys=0.00, real=13.02 secs] 
44.521: [CMS-concurrent-preclean-start]
44.522: [CMS-concurrent-preclean: 0.001/0.001 secs] [Times: user=0.00 sys=0.00, real=0.00 secs] 
Application time: 0.0288140 seconds
44.522: [GC[YG occupancy: 1963 K (14784 K)]44.522: [Rescan (non-parallel) 44.522: [grey object rescan, 0.0001180 secs]44.523: [root rescan, 0.0005630 secs], 0.0007270 secs]44.523: [weak refs processing, 0.0000140 secs] [1 CMS-remark: 1858K(49152K)] 3821K(63936K), 0.0007960 secs] [Times: user=0.00 sys=0.00, real=0.00 secs] 
Total time for which application threads were stopped: 0.0010530 seconds
44.523: [CMS-concurrent-sweep-start]
44.525: [CMS-concurrent-sweep: 0.001/0.001 secs] [Times: user=0.00 sys=0.00, real=0.00 secs] 
44.525: [CMS-concurrent-reset-start]
44.533: [CMS-concurrent-reset: 0.008/0.008 secs] [Times: user=0.01 sys=0.00, real=0.01 secs] 
Heap
 def new generation   total 14784K, used 2227K [0x90270000, 0x91270000, 0x91270000)
  eden space 13184K,  16% used [0x90270000, 0x9049cdd0, 0x90f50000)
  from space 1600K,   0% used [0x90f50000, 0x90f50000, 0x910e0000)
  to   space 1600K,   0% used [0x910e0000, 0x910e0000, 0x91270000)
 concurrent mark-sweep generation total 49152K, used 1833K [0x91270000, 0x94270000, 0xb0270000)
 concurrent-mark-sweep perm gen total 16384K, used 7481K [0xb0270000, 0xb1270000, 0xb4270000)
Application time: 0.0097070 seconds
