Application time: 0.8878520 seconds
{Heap before GC invocations=0 (full 0):
 def new generation   total 14784K, used 13184K [0xa9ff0000, 0xaaff0000, 0xaaff0000)
  eden space 13184K, 100% used [0xa9ff0000, 0xaacd0000, 0xaacd0000)
  from space 1600K,   0% used [0xaacd0000, 0xaacd0000, 0xaae60000)
  to   space 1600K,   0% used [0xaae60000, 0xaae60000, 0xaaff0000)
 concurrent mark-sweep generation total 49152K, used 0K [0xaaff0000, 0xadff0000, 0xafff0000)
 concurrent-mark-sweep perm gen total 16384K, used 7980K [0xafff0000, 0xb0ff0000, 0xb3ff0000)
0.960: [GC 0.960: [DefNew
Desired survivor size 819200 bytes, new threshold 1 (max 4)
- age   1:     986304 bytes,     986304 total
: 13184K->963K(14784K), 0.0131900 secs] 13184K->963K(63936K), 0.0132810 secs] [Times: user=0.01 sys=0.00, real=0.01 secs] 
Heap after GC invocations=1 (full 0):
 def new generation   total 14784K, used 963K [0xa9ff0000, 0xaaff0000, 0xaaff0000)
  eden space 13184K,   0% used [0xa9ff0000, 0xa9ff0000, 0xaacd0000)
  from space 1600K,  60% used [0xaae60000, 0xaaf50cc0, 0xaaff0000)
  to   space 1600K,   0% used [0xaacd0000, 0xaacd0000, 0xaae60000)
 concurrent mark-sweep generation total 49152K, used 0K [0xaaff0000, 0xadff0000, 0xafff0000)
 concurrent-mark-sweep perm gen total 16384K, used 7980K [0xafff0000, 0xb0ff0000, 0xb3ff0000)
}
Total time for which application threads were stopped: 0.0136420 seconds
Application time: 0.4485590 seconds
1.422: [GC [1 CMS-initial-mark: 0K(49152K)] 6967K(63936K), 0.0068330 secs] [Times: user=0.01 sys=0.00, real=0.01 secs] 
Total time for which application threads were stopped: 0.0072130 seconds
1.429: [CMS-concurrent-mark-start]
1.447: [CMS-concurrent-mark: 0.018/0.018 secs] [Times: user=0.02 sys=0.00, real=0.02 secs] 
1.447: [CMS-concurrent-preclean-start]
1.453: [CMS-concurrent-preclean: 0.005/0.006 secs] [Times: user=0.00 sys=0.00, real=0.00 secs] 
1.453: [CMS-concurrent-abortable-preclean-start]
Application time: 2.8475960 seconds
Total time for which application threads were stopped: 0.0004640 seconds
Application time: 0.7789410 seconds
Total time for which application threads were stopped: 0.0027480 seconds
Application time: 1.8121310 seconds
Total time for which application threads were stopped: 0.0002040 seconds
Application time: 0.0072690 seconds
Total time for which application threads were stopped: 0.0001610 seconds
Application time: 0.0000380 seconds
Total time for which application threads were stopped: 0.0001470 seconds
Application time: 0.0007030 seconds
Total time for which application threads were stopped: 0.0000950 seconds
Application time: 0.0000660 seconds
Total time for which application threads were stopped: 0.0001330 seconds
Application time: 0.0226980 seconds
Total time for which application threads were stopped: 0.0001690 seconds
Application time: 0.0070260 seconds
Total time for which application threads were stopped: 0.0001290 seconds
Application time: 0.1637440 seconds
Total time for which application threads were stopped: 0.0001550 seconds
Application time: 2.3523970 seconds
Total time for which application threads were stopped: 0.0002560 seconds
Application time: 0.0011470 seconds
Total time for which application threads were stopped: 0.0001150 seconds
Application time: 0.0065000 seconds
Total time for which application threads were stopped: 0.0001540 seconds
Application time: 0.0000280 seconds
Total time for which application threads were stopped: 0.0000480 seconds
Application time: 0.0007040 seconds
Total time for which application threads were stopped: 0.0000630 seconds
Application time: 0.0000570 seconds
Total time for which application threads were stopped: 0.0000670 seconds
Application time: 0.0129790 seconds
Total time for which application threads were stopped: 0.0000970 seconds
Application time: 0.0062570 seconds
Total time for which application threads were stopped: 0.0000970 seconds
Application time: 0.2508200 seconds
Total time for which application threads were stopped: 0.0000950 seconds
Application time: 0.0000280 seconds
Total time for which application threads were stopped: 0.0000460 seconds
Application time: 0.0002040 seconds
Total time for which application threads were stopped: 0.0000460 seconds
Application time: 4.7553860 seconds
Total time for which application threads were stopped: 0.0002290 seconds
Application time: 0.0058250 seconds
Total time for which application threads were stopped: 0.0000880 seconds
Application time: 0.0000730 seconds
Total time for which application threads were stopped: 0.0001270 seconds
Application time: 0.0075810 seconds
Total time for which application threads were stopped: 0.0000830 seconds
Application time: 0.0000300 seconds
Total time for which application threads were stopped: 0.0000480 seconds
Application time: 0.0008420 seconds
Total time for which application threads were stopped: 0.0000620 seconds
Application time: 0.0000580 seconds
Total time for which application threads were stopped: 0.0000480 seconds
Application time: 0.0041000 seconds
{Heap before GC invocations=1 (full 1):
 def new generation   total 14784K, used 14147K [0xa9ff0000, 0xaaff0000, 0xaaff0000)
  eden space 13184K, 100% used [0xa9ff0000, 0xaacd0000, 0xaacd0000)
  from space 1600K,  60% used [0xaae60000, 0xaaf50cc0, 0xaaff0000)
  to   space 1600K,   0% used [0xaacd0000, 0xaacd0000, 0xaae60000)
 concurrent mark-sweep generation total 49152K, used 0K [0xaaff0000, 0xadff0000, 0xafff0000)
 concurrent-mark-sweep perm gen total 16384K, used 10284K [0xafff0000, 0xb0ff0000, 0xb3ff0000)
14.481: [GC 14.481: [DefNew
Desired survivor size 819200 bytes, new threshold 4 (max 4)
- age   1:     564504 bytes,     564504 total
: 14147K->551K(14784K), 0.0146630 secs] 14147K->1358K(63936K), 0.0147610 secs] [Times: user=0.00 sys=0.01, real=0.01 secs] 
Heap after GC invocations=2 (full 1):
 def new generation   total 14784K, used 551K [0xa9ff0000, 0xaaff0000, 0xaaff0000)
  eden space 13184K,   0% used [0xa9ff0000, 0xa9ff0000, 0xaacd0000)
  from space 1600K,  34% used [0xaacd0000, 0xaad59d18, 0xaae60000)
  to   space 1600K,   0% used [0xaae60000, 0xaae60000, 0xaaff0000)
 concurrent mark-sweep generation total 49152K, used 806K [0xaaff0000, 0xadff0000, 0xafff0000)
 concurrent-mark-sweep perm gen total 16384K, used 10284K [0xafff0000, 0xb0ff0000, 0xb3ff0000)
}
Total time for which application threads were stopped: 0.0151000 seconds
Application time: 0.0006050 seconds
Total time for which application threads were stopped: 0.0000720 seconds
Application time: 0.0000480 seconds
Total time for which application threads were stopped: 0.0000460 seconds
Application time: 0.0000310 seconds
Total time for which application threads were stopped: 0.0000440 seconds
Application time: 0.0000300 seconds
Total time for which application threads were stopped: 0.0000440 seconds
Application time: 0.0000300 seconds
Total time for which application threads were stopped: 0.0000450 seconds
Application time: 0.0000300 seconds
Total time for which application threads were stopped: 0.0000440 seconds
Application time: 0.0000290 seconds
Total time for which application threads were stopped: 0.0000440 seconds
Application time: 0.0000300 seconds
Total time for which application threads were stopped: 0.0000430 seconds
Application time: 0.0000290 seconds
Total time for which application threads were stopped: 0.0000430 seconds
Application time: 0.0000300 seconds
Total time for which application threads were stopped: 0.0000590 seconds
Application time: 0.0000290 seconds
Total time for which application threads were stopped: 0.0000440 seconds
Application time: 0.0000300 seconds
Total time for which application threads were stopped: 0.0000440 seconds
Application time: 0.0000310 seconds
Total time for which application threads were stopped: 0.0000450 seconds
Application time: 0.0000570 seconds
Total time for which application threads were stopped: 0.0000450 seconds
Application time: 0.0000290 seconds
Total time for which application threads were stopped: 0.0000440 seconds
Application time: 0.0000310 seconds
Total time for which application threads were stopped: 0.0000440 seconds
Application time: 0.0000290 seconds
Total time for which application threads were stopped: 0.0000440 seconds
Application time: 0.0000300 seconds
Total time for which application threads were stopped: 0.0000450 seconds
Application time: 0.0000290 seconds
Total time for which application threads were stopped: 0.0000440 seconds
Application time: 0.0000300 seconds
Total time for which application threads were stopped: 0.0001300 seconds
Application time: 0.0000580 seconds
Total time for which application threads were stopped: 0.0000480 seconds
Application time: 0.0004540 seconds
Total time for which application threads were stopped: 0.0000550 seconds
Application time: 0.0000810 seconds
Total time for which application threads were stopped: 0.0000480 seconds
Application time: 0.0003510 seconds
Total time for which application threads were stopped: 0.0000520 seconds
Application time: 0.0390440 seconds
Total time for which application threads were stopped: 0.0001070 seconds
Application time: 0.0454560 seconds
Total time for which application threads were stopped: 0.0001030 seconds
Application time: 0.0000390 seconds
Total time for which application threads were stopped: 0.0000850 seconds
Application time: 0.0000560 seconds
Total time for which application threads were stopped: 0.0000630 seconds
Application time: 0.0000630 seconds
Total time for which application threads were stopped: 0.0000630 seconds
Application time: 0.0726270 seconds
Total time for which application threads were stopped: 0.0001110 seconds
Application time: 0.0000640 seconds
Total time for which application threads were stopped: 0.0000460 seconds
Application time: 10.7207590 seconds
Total time for which application threads were stopped: 0.0002650 seconds
Application time: 0.0087650 seconds
Total time for which application threads were stopped: 0.0000770 seconds
Application time: 0.0332420 seconds
Total time for which application threads were stopped: 0.0000870 seconds
Application time: 0.0000270 seconds
Total time for which application threads were stopped: 0.0000450 seconds
Application time: 0.0000690 seconds
Total time for which application threads were stopped: 0.0000440 seconds
Application time: 0.0084220 seconds
Total time for which application threads were stopped: 0.0003010 seconds
Application time: 0.0090300 seconds
Total time for which application threads were stopped: 0.0002430 seconds
Application time: 0.0008490 seconds
Total time for which application threads were stopped: 0.0000660 seconds
Application time: 0.0042690 seconds
Total time for which application threads were stopped: 0.0002290 seconds
Application time: 0.0009040 seconds
Total time for which application threads were stopped: 0.0001650 seconds
 CMS: abort preclean due to time 25.483: [CMS-concurrent-abortable-preclean: 0.048/24.030 secs] [Times: user=0.08 sys=0.33, real=24.01 secs] 
Application time: 0.0379070 seconds
25.484: [GC[YG occupancy: 3587 K (14784 K)]25.484: [Rescan (non-parallel) 25.484: [grey object rescan, 0.0001200 secs]25.484: [root rescan, 0.0039150 secs], 0.0040920 secs]25.488: [weak refs processing, 0.0000770 secs] [1 CMS-remark: 806K(49152K)] 4393K(63936K), 0.0042930 secs] [Times: user=0.00 sys=0.01, real=0.01 secs] 
Total time for which application threads were stopped: 0.0045390 seconds
25.488: [CMS-concurrent-sweep-start]
25.489: [CMS-concurrent-sweep: 0.001/0.001 secs] [Times: user=0.00 sys=0.00, real=0.00 secs] 
25.489: [CMS-concurrent-reset-start]
25.496: [CMS-concurrent-reset: 0.007/0.007 secs] [Times: user=0.00 sys=0.00, real=0.00 secs] 
Heap
 def new generation   total 14784K, used 3587K [0xa9ff0000, 0xaaff0000, 0xaaff0000)
  eden space 13184K,  23% used [0xa9ff0000, 0xaa2e6f88, 0xaacd0000)
  from space 1600K,  34% used [0xaacd0000, 0xaad59d18, 0xaae60000)
  to   space 1600K,   0% used [0xaae60000, 0xaae60000, 0xaaff0000)
 concurrent mark-sweep generation total 49152K, used 806K [0xaaff0000, 0xadff0000, 0xafff0000)
 concurrent-mark-sweep perm gen total 17192K, used 10313K [0xafff0000, 0xb10ba000, 0xb3ff0000)
Application time: 0.0085300 seconds
