1 - MOUNT1 actual azimuth:  0.0
1 - Available components:  ['ACSEVENTADMIN', 'ADMINISTRATIVE_ARCHIVE', 'ARCHIVE_DATABASE', 'CLOCK1', 'FRIDGE1', 'HELLOWORLD1', 'IDENTIFIER_ARCHIVE', 'LAMP1', 'MOUNT1', 'OPERATIONAL_ARCHIVE', 'PYBACI1', 'PYBACI2', 'RELOADCOMP1', 'RELOADCOMP2', 'TESTCOMPONENT', 'TESTCOMPONENT1', 'TESTCOMPONENT2', 'TESTCOMPONENT3', 'TESTCOMPONENT4', 'TESTCOMPONENT5', 'TEST_PS_1', 'TEST_QOS_COMPONENT', 'TIMER1']
1 - ----------T--:--:--.--- Python Client disconnect - Shutdown called for client
1 - The end __oOo__
