1 - MOUNT1 actual azimuth:  0.0
1 - Available components:  [<maci.ComponentInfo instance at 0xXXXX>, <maci.ComponentInfo instance at 0xXXXX>, <maci.ComponentInfo instance at 0xXXXX>, <maci.ComponentInfo instance at 0xXXXX>, <maci.ComponentInfo instance at 0xXXXX>, <maci.ComponentInfo instance at 0xXXXX>, <maci.ComponentInfo instance at 0xXXXX>, <maci.ComponentInfo instance at 0xXXXX>, <maci.ComponentInfo instance at 0xXXXX>, <maci.ComponentInfo instance at 0xXXXX>, <maci.ComponentInfo instance at 0xXXXX>, <maci.ComponentInfo instance at 0xXXXX>, <maci.ComponentInfo instance at 0xXXXX>, <maci.ComponentInfo instance at 0xXXXX>, <maci.ComponentInfo instance at 0xXXXX>, <maci.ComponentInfo instance at 0xXXXX>, <maci.ComponentInfo instance at 0xXXXX>, <maci.ComponentInfo instance at 0xXXXX>, <maci.ComponentInfo instance at 0xXXXX>, <maci.ComponentInfo instance at 0xXXXX>, <maci.ComponentInfo instance at 0xXXXX>]
1 - ----------T--:--:--.--- Python Client disconnect - Shutdown called for client
1 - The end __oOo__
