1 -   File "BaseClient.py", line xxx, in disconnect
1 -     getManager().logout(self.token.h)
1 -   File "mock.py", line xxx, in __call__
1 -     self.side_effect()
1 -   File "test_Acspy_Clients_BaseClient.py", line xxx, in raiser
1 -     raise Exception()
1 - Exception
1 -   File "BaseClient.py", line xxx, in disconnect
1 -     getManager().logout(self.token.h)
1 - AttributeError: 'int' object has no attribute 'h'
1 -   File "BaseClient.py", line xxx, in __init__
1 -     self.token = getManager().login(self.getMyCorbaRef())
1 -   File "mock.py", line xxx, in __call__
1 -     self.side_effect()
1 -   File "test_Acspy_Clients_BaseClient.py", line xxx, in raiser
1 -     raise Exception()
1 - Exception
1 -   File "Container.py", line xxx, in activate_component
1 -     temp[PYCLASS] = temp[TYPE].split(':')[1].split('/').pop() #get class name
1 - IndexError: list index out of range
1 -   File "Container.py", line xxx, in activate_component
1 -     temp[PYREF].__init__()
1 - AttributeError: MockClass instance has no attribute '__init__'
1 -   File "Container.py", line xxx, in activate_component
1 -     temp[POA].activate_object_with_id(temp[NAME], temp[PYREF])
1 -   File "mock.py", line xxx, in __call__
1 -     self.side_effect()
1 -   File "test_Acspy_Container.py", line xxx, in raiser
1 -     raise Exception("Boom!")
1 - Exception: Boom!
1 -   File "Container.py", line xxx, in activate_component
1 -     temp[PYREF].execute()
1 -   File "test_Acspy_Container.py", line xxx, in execute
1 -     raise Acspy.Container.ComponentLifecycleException('Boom!')
1 - ComponentLifecycleException: ('B', 'o', 'o', 'm', '!')
1 -   File "Container.py", line xxx, in activate_component
1 -     temp[PYREF].execute()
1 -   File "test_Acspy_Container.py", line xxx, in execute
1 -     raise Exception('Boom!')
1 - Exception: Boom!
1 -   File "Container.py", line xxx, in activate_component
1 -     temp[PYREF].initialize()
1 -   File "test_Acspy_Container.py", line xxx, in initialize
1 -     raise Acspy.Container.ComponentLifecycleException('Boom!')
1 - ComponentLifecycleException: ('B', 'o', 'o', 'm', '!')
1 -   File "Container.py", line xxx, in activate_component
1 -     temp[PYREF].initialize()
1 -   File "test_Acspy_Container.py", line xxx, in initialize
1 -     raise Exception('Boom!')
1 - Exception: Boom!
1 -   File "Container.py", line xxx, in activate_component
1 -     temp[POAOFFSHOOT] = temp[POA].create_POA("OffShootPOA", ACSCorba.getPOAManager(), self.offShootPolicies)
1 -   File "mock.py", line xxx, in __call__
1 -     self.side_effect()
1 -   File "test_Acspy_Container.py", line xxx, in raiser
1 -     raise Exception('Boom!')
1 - Exception: Boom!
1 -   File "Container.py", line xxx, in activate_component
1 -     temp[POA] = self.createPOAForComponent(name)  #POA for this component
1 -   File "mock.py", line xxx, in __call__
1 -     self.side_effect()
1 -   File "test_Acspy_Container.py", line xxx, in raiser
1 -     raise Exception('Boom!')
1 - Exception: Boom!
1 -   File "Container.py", line xxx, in deactivate_components
1 -     reload(comp_entry[COMPMODULE])
1 - ImportError: reload(): module MockClass not in sys.modules
1 -   File "Container.py", line xxx, in deactivate_components
1 -     comp_entry[PYREF].cleanUp()
1 - AttributeError: MockClass instance has no attribute 'cleanUp'
1 -   File "Container.py", line xxx, in deactivate_components
1 -     comp_entry = self.components[self.compHandles[handle]]
1 - KeyError: 1
1 -   File "BaseClient.py", line xxx, in __init__
1 -     self.token = getManager().login(self.getMyCorbaRef())
1 -   File "Container.py", line xxx, in getMyCorbaRef
1 -     raise CORBAProblemExImpl()
1 - CORBAProblemExImpl: ACSErrTypeCommonImpl.CORBAProblemExImpl(errorTrace=Acspy.Common.ErrorTrace.ErrorTrace(file='/diska/home/almamgr/ACS/CommonSoftware/acspy/lib/python/site-packages/Acspy/Container.py', lineNum=1040, routine='getMyCorbaRef', host=xxxx, previousError=[]))
1 -   File "Container.py", line xxx, in getMyCorbaRef
1 -     self.corbaRef = self.containerPOA.servant_to_reference(self)
1 -   File "mock.py", line xxx, in __call__
1 -     self.side_effect()
1 -   File "test_Acspy_Container.py", line xxx, in raiser
1 -     raise Exception()
1 - Exception
1 -   File "BaseClient.py", line xxx, in __init__
1 -     self.token = getManager().login(self.getMyCorbaRef())
1 -   File "Container.py", line xxx, in getMyCorbaRef
1 -     raise CORBAProblemExImpl()
1 - CORBAProblemExImpl: ACSErrTypeCommonImpl.CORBAProblemExImpl(errorTrace=Acspy.Common.ErrorTrace.ErrorTrace(file='/diska/home/almamgr/ACS/CommonSoftware/acspy/lib/python/site-packages/Acspy/Container.py', lineNum=1034, routine='getMyCorbaRef', host=xxxx, previousError=[]))
1 -   File "Container.py", line xxx, in getCDBInfo
1 -     execfile(temp_package)
1 - IOError: [Errno 2] No such file or directory: 'bin/package1'
1 -   File "Container.py", line xxx, in activateOffShoot
1 -     comp[POAOFFSHOOT].activate_object(os_corba_ref)
1 - KeyError: 'POAOFFSHOOT'
1 -   File "ContainerServices.py", line xxx, in __importComponentStubs
1 -     [comp_class]) #import it
1 - ImportError: No module named MockUnknown
1 -   File "ContainerServices.py", line xxx, in __narrowComponentReference
1 -     narrowed_ref = corba_obj._narrow(comp_class)
1 -   File "mock.py", line xxx, in __call__
1 -     self.side_effect()
1 -   File "test_Acspy_Servants_ContainerServices.py", line xxx, in raiser
1 -     raise Exception("Boom!")
1 - Exception: Boom!
1 -   File "ACSCorba.py", line xxx, in getClient
1 -     SINGLETON_CLIENT = _Client()
1 -   File "mock.py", line xxx, in __call__
1 -     self.side_effect()
1 -   File "test_Acspy_Util_ACSCorba.py", line xxx, in raiser
1 -     raise Exception("Boom!")
1 - Exception: Boom!
1 -   File "ACSCorba.py", line xxx, in getManager
1 -     MGR_REF = getORB().string_to_object(getManagerCorbaloc())
1 -   File "mock.py", line xxx, in __call__
1 -     self.side_effect()
1 -   File "test_Acspy_Util_ACSCorba.py", line xxx, in raiser
1 -     raise Exception("Boom!")
1 - Exception: Boom!
1 -   File "ACSCorba.py", line xxx, in getManager
1 -     if MGR_REF!=None and (not CORBA.is_nil(MGR_REF)):
1 -   File "./omniORB/CORBA.py", line 1128, in is_nil
1 - BAD_PARAM: CORBA.BAD_PARAM(omniORB.BAD_PARAM_WrongPythonType, CORBA.COMPLETED_NO)
1 -   File "ACSCorba.py", line xxx, in getORB
1 -     ORB = CORBA.ORB_init(argv)
1 -   File "mock.py", line xxx, in __call__
1 -     self.side_effect()
1 -   File "test_Acspy_Util_ACSCorba.py", line xxx, in raiser
1 -     raise Exception("Boom!")
1 - Exception: Boom!
1 -   File "ACSCorba.py", line xxx, in getPOAManager
1 -     POA_MANAGER = getPOARoot()._get_the_POAManager()
1 -   File "mock.py", line xxx, in __call__
1 -     self.side_effect()
1 -   File "test_Acspy_Util_ACSCorba.py", line xxx, in raiser
1 -     raise Exception("Boom!")
1 - Exception: Boom!
1 -   File "ACSCorba.py", line xxx, in getPOARoot
1 -     POA_ROOT = getORB().resolve_initial_references("RootPOA")
1 -   File "mock.py", line xxx, in __call__
1 -     self.side_effect()
1 -   File "test_Acspy_Util_ACSCorba.py", line xxx, in raiser
1 -     raise Exception("Boom!")
1 - Exception: Boom!
1 - ......................
1 - ----------------------------------------------------------------------
1 - Ran xx tests in x.xxxs
1 - 
1 - OK
