1 - ----------T--:--:--.--- DELOUSE [alma.acs.logging.config.LogConfig] Logging configuration has been initialized, but not from CDB settings.
1 - Disconnected
1 - ----------T--:--:--.--- DELOUSE [alma.acs.logging.config.LogConfig] Logging configuration has been initialized, but not from CDB settings.
1 - Disconnected
1 - ----------T--:--:--.--- DELOUSE [alma.acs.logging.config.LogConfig] Logging configuration has been initialized, but not from CDB settings.
1 - Disconnected
1 - Flushing
1 - Disconnected
1 - 
1 - 
1 - OK (3 tests)
1 - 
