1 -  --noDirectory -- alma.acs.logclient.LogListener
1 - Connection disconnected
1 - Connecting
1 - object is activated
1 - Connection established
1 - RAW log: <Info TimeStamp="xxx" File="alma.acs.loggingtstest.testLTSClient"  Line="69" Routine="main" Host="xxx" Process="LoggerName: testLTSClient" SourceObject="testLTSClient" Thread="main" LogId="7" Audience="Curious people"><![CDATA[Simple Log]]><Data Name="logName"><![CDATA[simpleLog]]></Data></Info>
1 - Log received: --- LogEntry ---
1 - TimeStamp: xxx
1 - Entry Type: Info
1 - Source Object: testLTSClient
1 - File: alma.acs.loggingtstest.testLTSClient
1 - Line: 69
1 - Routine: main
1 - Host: xxx
1 - Process: xxxLoggerName: testLTSClient
1 - Thread: main
1 - Log ID: 7
1 - Log Message: Simple Log
1 - Audience: Curious people
1 - Datas: 
1 - 	logName : simpleLog
1 - RAW log: <Warning TimeStamp="xxx" File="alma.acs.loggingtstest.testLTSClient"  Line="74" Routine="main" Host="xxx" Process="LoggerName: testLTSClient" SourceObject="testLTSClient" Thread="main" StackId="unknown" StackLevel="0" LogId="8" Audience="People with too much time on their hands"><![CDATA[Complex Log]]><Data Name="logName"><![CDATA[complexLog]]></Data><Data Name="someStringMember"><![CDATA[test string]]></Data><Data Name="someLongMember"><![CDATA[42]]></Data><Data Name="someDoubleMember"><![CDATA[3.14159]]></Data></Warning>
1 - Log received: --- LogEntry ---
1 - TimeStamp: xxx
1 - Entry Type: Warning
1 - Source Object: testLTSClient
1 - File: alma.acs.loggingtstest.testLTSClient
1 - Line: 74
1 - Routine: main
1 - Host: xxx
1 - Process: xxxLoggerName: testLTSClient
1 - Thread: main
1 - Log ID: 8
1 - Stack ID: unknown
1 - Stack Level: 0
1 - Log Message: Complex Log
1 - Audience: People with too much time on their hands
1 - Datas: 
1 - 	logName : complexLog	someStringMember : test string	someLongMember : 42	someDoubleMember : 3.14159
