2 - Manager Application initialized
3 - INFO - Stopping all ACS processes using 'ACS_INSTANCE=9'
2 - INFO - Manager is up and running
3 - INFO - Shutting down containers...
3 - INFO - Stopping Manager
3 - Max timeout exceeded!
3 - INFO - acsStopManager: done.
3 - INFO - Stopping the ORB Services and CDB using 'ACS_INSTANCE=9'
3 - INFO - Stopping the CDB
3 - INFO - Stopping the CORBA Naming Service
3 - INFO - Stopping the CORBA Notification Service
3 - INFO - Stopping the CORBA Logging Notification Service
3 - INFO - Stopping the CORBA Archive Notification Service
3 - INFO - Stopping the CORBA Logging Service
3 - INFO - Stopping the CORBA Interface Repository
3 - INFO - Stopping the ACS Logging Service
3 - INFO - Killing any rogue ACS processes...
3 - INFO - Freeing $ACSDATA/tmp/ACS_INSTANCE.9
1 - INFO - Starting CORBA Services
1 - INFO -     Orb options:  -ORBDottedDecimalAddresses 1
1 - INFO - Starting Interface Repository
1 - INFO - Starting Naming Service
1 - INFO - Starting ACS Configuration Database
1 - INFO - Starting Notify Service
1 - JDAL is ready and waiting
1 - INFO - Starting Logging Notify Service
1 - INFO - Starting Archive Notify Service
1 - INFO - Starting Logging Service
1 - INFO - Starting ACS Log service
1 - INFO - For this ACS session, please do an 'export ACS_INSTANCE=9' on all terminals running ACS clients.
1 - INFO - The acsStartORBSRVC script has now completed!
1 - INFO - Loading of IDL interfaces in Interface Repository completed OK
