1 - --checkBasePort----------------------------------------------------------
1 - Good
1 - Good
1 - Good
1 - Good
1 - Good
1 - Good
1 - -------------------------------------------------------------------------
1 - Good
1 - Good
1 - Good
1 - --createInstanceDirectory------------------------------------------------
1 - Good
1 - Good
1 - Good
1 - Good
1 - Good
1 - -------------------------------------------------------------------------
