1 -  -- alma.lifecycleTest.TestLifeCycleCompImpl.TestMultipleComponents TESTCPPSIMPLE 50 SIMPLE
1 - <timestamp> INFO [acsStartJava] Starting Java application: alma.lifecycleTest.TestLifeCycleCompImpl.TestMultipleComponents TESTCPPSIMPLE 50 SIMPLE
1 - .<timestamp> INFO [alma.lifecycleTest.TestLifeCycleCompImpl.TestMultipleComponents#testGetGivenComponents] -------------------------------
1 - <timestamp> INFO [alma.lifecycleTest.TestLifeCycleCompImpl.TestMultipleComponents#testGetGivenComponents] ComponentClientTestCase#setUp()
1 - <timestamp> INFO [alma.lifecycleTest.TestLifeCycleCompImpl.TestMultipleComponents#testGetGivenComponents] client 'alma.lifecycleTest.TestLifeCycleCompImpl.TestMultipleComponents' has successfully delivered a component release request for curl=TESTCPPSIMPLE18
1 - <timestamp> INFO [alma.lifecycleTest.TestLifeCycleCompImpl.TestMultipleComponents#testGetGivenComponents] client 'alma.lifecycleTest.TestLifeCycleCompImpl.TestMultipleComponents' has successfully delivered a component release request for curl=TESTCPPSIMPLE19
1 - <timestamp> INFO [alma.lifecycleTest.TestLifeCycleCompImpl.TestMultipleComponents#testGetGivenComponents] client 'alma.lifecycleTest.TestLifeCycleCompImpl.TestMultipleComponents' has successfully delivered a component release request for curl=TESTCPPSIMPLE16
1 - <timestamp> INFO [alma.lifecycleTest.TestLifeCycleCompImpl.TestMultipleComponents#testGetGivenComponents] client 'alma.lifecycleTest.TestLifeCycleCompImpl.TestMultipleComponents' has successfully delivered a component release request for curl=TESTCPPSIMPLE17
1 - <timestamp> INFO [alma.lifecycleTest.TestLifeCycleCompImpl.TestMultipleComponents#testGetGivenComponents] client 'alma.lifecycleTest.TestLifeCycleCompImpl.TestMultipleComponents' has successfully delivered a component release request for curl=TESTCPPSIMPLE10
1 - <timestamp> INFO [alma.lifecycleTest.TestLifeCycleCompImpl.TestMultipleComponents#testGetGivenComponents] client 'alma.lifecycleTest.TestLifeCycleCompImpl.TestMultipleComponents' has successfully delivered a component release request for curl=TESTCPPSIMPLE11
1 - <timestamp> INFO [alma.lifecycleTest.TestLifeCycleCompImpl.TestMultipleComponents#testGetGivenComponents] client 'alma.lifecycleTest.TestLifeCycleCompImpl.TestMultipleComponents' has successfully delivered a component release request for curl=TESTCPPSIMPLE14
1 - <timestamp> INFO [alma.lifecycleTest.TestLifeCycleCompImpl.TestMultipleComponents#testGetGivenComponents] client 'alma.lifecycleTest.TestLifeCycleCompImpl.TestMultipleComponents' has successfully delivered a component release request for curl=TESTCPPSIMPLE15
1 - <timestamp> INFO [alma.lifecycleTest.TestLifeCycleCompImpl.TestMultipleComponents#testGetGivenComponents] client 'alma.lifecycleTest.TestLifeCycleCompImpl.TestMultipleComponents' has successfully delivered a component release request for curl=TESTCPPSIMPLE12
1 - <timestamp> INFO [alma.lifecycleTest.TestLifeCycleCompImpl.TestMultipleComponents#testGetGivenComponents] client 'alma.lifecycleTest.TestLifeCycleCompImpl.TestMultipleComponents' has successfully delivered a component release request for curl=TESTCPPSIMPLE13
1 - <timestamp> INFO [alma.lifecycleTest.TestLifeCycleCompImpl.TestMultipleComponents#testGetGivenComponents] client 'alma.lifecycleTest.TestLifeCycleCompImpl.TestMultipleComponents' has successfully delivered a component release request for curl=TESTCPPSIMPLE27
1 - <timestamp> INFO [alma.lifecycleTest.TestLifeCycleCompImpl.TestMultipleComponents#testGetGivenComponents] client 'alma.lifecycleTest.TestLifeCycleCompImpl.TestMultipleComponents' has successfully delivered a component release request for curl=TESTCPPSIMPLE28
1 - <timestamp> INFO [alma.lifecycleTest.TestLifeCycleCompImpl.TestMultipleComponents#testGetGivenComponents] client 'alma.lifecycleTest.TestLifeCycleCompImpl.TestMultipleComponents' has successfully delivered a component release request for curl=TESTCPPSIMPLE29
1 - <timestamp> INFO [alma.lifecycleTest.TestLifeCycleCompImpl.TestMultipleComponents#testGetGivenComponents] client 'alma.lifecycleTest.TestLifeCycleCompImpl.TestMultipleComponents' has successfully delivered a component release request for curl=TESTCPPSIMPLE20
1 - <timestamp> INFO [alma.lifecycleTest.TestLifeCycleCompImpl.TestMultipleComponents#testGetGivenComponents] client 'alma.lifecycleTest.TestLifeCycleCompImpl.TestMultipleComponents' has successfully delivered a component release request for curl=TESTCPPSIMPLE21
1 - <timestamp> INFO [alma.lifecycleTest.TestLifeCycleCompImpl.TestMultipleComponents#testGetGivenComponents] client 'alma.lifecycleTest.TestLifeCycleCompImpl.TestMultipleComponents' has successfully delivered a component release request for curl=TESTCPPSIMPLE22
1 - <timestamp> INFO [alma.lifecycleTest.TestLifeCycleCompImpl.TestMultipleComponents#testGetGivenComponents] client 'alma.lifecycleTest.TestLifeCycleCompImpl.TestMultipleComponents' has successfully delivered a component release request for curl=TESTCPPSIMPLE23
1 - <timestamp> INFO [alma.lifecycleTest.TestLifeCycleCompImpl.TestMultipleComponents#testGetGivenComponents] client 'alma.lifecycleTest.TestLifeCycleCompImpl.TestMultipleComponents' has successfully delivered a component release request for curl=TESTCPPSIMPLE24
1 - <timestamp> INFO [alma.lifecycleTest.TestLifeCycleCompImpl.TestMultipleComponents#testGetGivenComponents] client 'alma.lifecycleTest.TestLifeCycleCompImpl.TestMultipleComponents' has successfully delivered a component release request for curl=TESTCPPSIMPLE25
1 - <timestamp> INFO [alma.lifecycleTest.TestLifeCycleCompImpl.TestMultipleComponents#testGetGivenComponents] client 'alma.lifecycleTest.TestLifeCycleCompImpl.TestMultipleComponents' has successfully delivered a component release request for curl=TESTCPPSIMPLE26
1 - <timestamp> INFO [alma.lifecycleTest.TestLifeCycleCompImpl.TestMultipleComponents#testGetGivenComponents] client 'alma.lifecycleTest.TestLifeCycleCompImpl.TestMultipleComponents' has successfully delivered a component release request for curl=TESTCPPSIMPLE9
1 - <timestamp> INFO [alma.lifecycleTest.TestLifeCycleCompImpl.TestMultipleComponents#testGetGivenComponents] client 'alma.lifecycleTest.TestLifeCycleCompImpl.TestMultipleComponents' has successfully delivered a component release request for curl=TESTCPPSIMPLE40
1 - <timestamp> INFO [alma.lifecycleTest.TestLifeCycleCompImpl.TestMultipleComponents#testGetGivenComponents] client 'alma.lifecycleTest.TestLifeCycleCompImpl.TestMultipleComponents' has successfully delivered a component release request for curl=TESTCPPSIMPLE7
1 - <timestamp> INFO [alma.lifecycleTest.TestLifeCycleCompImpl.TestMultipleComponents#testGetGivenComponents] client 'alma.lifecycleTest.TestLifeCycleCompImpl.TestMultipleComponents' has successfully delivered a component release request for curl=TESTCPPSIMPLE8
1 - <timestamp> INFO [alma.lifecycleTest.TestLifeCycleCompImpl.TestMultipleComponents#testGetGivenComponents] client 'alma.lifecycleTest.TestLifeCycleCompImpl.TestMultipleComponents' has successfully delivered a component release request for curl=TESTCPPSIMPLE5
1 - <timestamp> INFO [alma.lifecycleTest.TestLifeCycleCompImpl.TestMultipleComponents#testGetGivenComponents] client 'alma.lifecycleTest.TestLifeCycleCompImpl.TestMultipleComponents' has successfully delivered a component release request for curl=TESTCPPSIMPLE6
1 - <timestamp> INFO [alma.lifecycleTest.TestLifeCycleCompImpl.TestMultipleComponents#testGetGivenComponents] client 'alma.lifecycleTest.TestLifeCycleCompImpl.TestMultipleComponents' has successfully delivered a component release request for curl=TESTCPPSIMPLE3
1 - <timestamp> INFO [alma.lifecycleTest.TestLifeCycleCompImpl.TestMultipleComponents#testGetGivenComponents] client 'alma.lifecycleTest.TestLifeCycleCompImpl.TestMultipleComponents' has successfully delivered a component release request for curl=TESTCPPSIMPLE4
1 - <timestamp> INFO [alma.lifecycleTest.TestLifeCycleCompImpl.TestMultipleComponents#testGetGivenComponents] client 'alma.lifecycleTest.TestLifeCycleCompImpl.TestMultipleComponents' has successfully delivered a component release request for curl=TESTCPPSIMPLE38
1 - <timestamp> INFO [alma.lifecycleTest.TestLifeCycleCompImpl.TestMultipleComponents#testGetGivenComponents] client 'alma.lifecycleTest.TestLifeCycleCompImpl.TestMultipleComponents' has successfully delivered a component release request for curl=TESTCPPSIMPLE39
1 - <timestamp> INFO [alma.lifecycleTest.TestLifeCycleCompImpl.TestMultipleComponents#testGetGivenComponents] client 'alma.lifecycleTest.TestLifeCycleCompImpl.TestMultipleComponents' has successfully delivered a component release request for curl=TESTCPPSIMPLE2
1 - <timestamp> INFO [alma.lifecycleTest.TestLifeCycleCompImpl.TestMultipleComponents#testGetGivenComponents] client 'alma.lifecycleTest.TestLifeCycleCompImpl.TestMultipleComponents' has successfully delivered a component release request for curl=TESTCPPSIMPLE36
1 - <timestamp> INFO [alma.lifecycleTest.TestLifeCycleCompImpl.TestMultipleComponents#testGetGivenComponents] client 'alma.lifecycleTest.TestLifeCycleCompImpl.TestMultipleComponents' has successfully delivered a component release request for curl=TESTCPPSIMPLE1
1 - <timestamp> INFO [alma.lifecycleTest.TestLifeCycleCompImpl.TestMultipleComponents#testGetGivenComponents] client 'alma.lifecycleTest.TestLifeCycleCompImpl.TestMultipleComponents' has successfully delivered a component release request for curl=TESTCPPSIMPLE37
1 - <timestamp> INFO [alma.lifecycleTest.TestLifeCycleCompImpl.TestMultipleComponents#testGetGivenComponents] client 'alma.lifecycleTest.TestLifeCycleCompImpl.TestMultipleComponents' has successfully delivered a component release request for curl=TESTCPPSIMPLE34
1 - <timestamp> INFO [alma.lifecycleTest.TestLifeCycleCompImpl.TestMultipleComponents#testGetGivenComponents] client 'alma.lifecycleTest.TestLifeCycleCompImpl.TestMultipleComponents' has successfully delivered a component release request for curl=TESTCPPSIMPLE35
1 - <timestamp> INFO [alma.lifecycleTest.TestLifeCycleCompImpl.TestMultipleComponents#testGetGivenComponents] client 'alma.lifecycleTest.TestLifeCycleCompImpl.TestMultipleComponents' has successfully delivered a component release request for curl=TESTCPPSIMPLE32
1 - <timestamp> INFO [alma.lifecycleTest.TestLifeCycleCompImpl.TestMultipleComponents#testGetGivenComponents] client 'alma.lifecycleTest.TestLifeCycleCompImpl.TestMultipleComponents' has successfully delivered a component release request for curl=TESTCPPSIMPLE33
1 - <timestamp> INFO [alma.lifecycleTest.TestLifeCycleCompImpl.TestMultipleComponents#testGetGivenComponents] client 'alma.lifecycleTest.TestLifeCycleCompImpl.TestMultipleComponents' has successfully delivered a component release request for curl=TESTCPPSIMPLE30
1 - <timestamp> INFO [alma.lifecycleTest.TestLifeCycleCompImpl.TestMultipleComponents#testGetGivenComponents] client 'alma.lifecycleTest.TestLifeCycleCompImpl.TestMultipleComponents' has successfully delivered a component release request for curl=TESTCPPSIMPLE31
1 - <timestamp> INFO [alma.lifecycleTest.TestLifeCycleCompImpl.TestMultipleComponents#testGetGivenComponents] client 'alma.lifecycleTest.TestLifeCycleCompImpl.TestMultipleComponents' has successfully delivered a component release request for curl=TESTCPPSIMPLE50
1 - <timestamp> INFO [alma.lifecycleTest.TestLifeCycleCompImpl.TestMultipleComponents#testGetGivenComponents] client 'alma.lifecycleTest.TestLifeCycleCompImpl.TestMultipleComponents' has successfully delivered a component release request for curl=TESTCPPSIMPLE49
1 - <timestamp> INFO [alma.lifecycleTest.TestLifeCycleCompImpl.TestMultipleComponents#testGetGivenComponents] client 'alma.lifecycleTest.TestLifeCycleCompImpl.TestMultipleComponents' has successfully delivered a component release request for curl=TESTCPPSIMPLE45
1 - <timestamp> INFO [alma.lifecycleTest.TestLifeCycleCompImpl.TestMultipleComponents#testGetGivenComponents] client 'alma.lifecycleTest.TestLifeCycleCompImpl.TestMultipleComponents' has successfully delivered a component release request for curl=TESTCPPSIMPLE46
1 - <timestamp> INFO [alma.lifecycleTest.TestLifeCycleCompImpl.TestMultipleComponents#testGetGivenComponents] client 'alma.lifecycleTest.TestLifeCycleCompImpl.TestMultipleComponents' has successfully delivered a component release request for curl=TESTCPPSIMPLE47
1 - <timestamp> INFO [alma.lifecycleTest.TestLifeCycleCompImpl.TestMultipleComponents#testGetGivenComponents] client 'alma.lifecycleTest.TestLifeCycleCompImpl.TestMultipleComponents' has successfully delivered a component release request for curl=TESTCPPSIMPLE48
1 - <timestamp> INFO [alma.lifecycleTest.TestLifeCycleCompImpl.TestMultipleComponents#testGetGivenComponents] client 'alma.lifecycleTest.TestLifeCycleCompImpl.TestMultipleComponents' has successfully delivered a component release request for curl=TESTCPPSIMPLE41
1 - <timestamp> INFO [alma.lifecycleTest.TestLifeCycleCompImpl.TestMultipleComponents#testGetGivenComponents] client 'alma.lifecycleTest.TestLifeCycleCompImpl.TestMultipleComponents' has successfully delivered a component release request for curl=TESTCPPSIMPLE42
1 - <timestamp> INFO [alma.lifecycleTest.TestLifeCycleCompImpl.TestMultipleComponents#testGetGivenComponents] client 'alma.lifecycleTest.TestLifeCycleCompImpl.TestMultipleComponents' has successfully delivered a component release request for curl=TESTCPPSIMPLE43
1 - <timestamp> INFO [alma.lifecycleTest.TestLifeCycleCompImpl.TestMultipleComponents#testGetGivenComponents] client 'alma.lifecycleTest.TestLifeCycleCompImpl.TestMultipleComponents' has successfully delivered a component release request for curl=TESTCPPSIMPLE44
1 - 
1 - Time: <seconds>
1 - 
1 - OK (1 test)
1 - 
