1 - Category root topic=CMW.ALARM_SYSTEM.CATEGORIES
1 - Connecting subscriber to CMW.ALARM_SYSTEM.CATEGORIES.ROOT
1 - Connecting subscriber to CMW.ALARM_SYSTEM.CATEGORIES.CATEGORY1
1 - ManagerTest ready to receive alarms
1 - Waiting
1 - Process xxxxx killed
1 - Alarm from source received: <Manager, bilboContainer, 1>
1 - Alarm received: <?xml version="1.0" encoding="UTF-8"?>
1 - <ACS-Alarm-Message xmlns:xsi="http://www.w3.org/2001/XMLSchema-instance" xsi:type="ACS-Alarm-Message">
1 -     <alarmId>Manager:bilboContainer:1</alarmId>
1 -     <ident>Manager:bilboContainer:1</ident>
1 -     <problemDescription>Container crashed</problemDescription>
1 -     <priority>3</priority>
1 -     <piquetEmail>acaproni@eso.org</piquetEmail>
1 -     <helpURLString>http://tempuri.org</helpURLString>
1 -     <instant>false</instant>
1 -     <triplet>
1 -         <faultFamily>Manager</faultFamily>
1 -         <faultMember>bilboContainer</faultMember>
1 -         <faultCode>1</faultCode>
1 -     </triplet>
1 -     <source>
1 -         <sourceId>ALARM_SYSTEM_SOURCES</sourceId>
1 -         <description>SOURCE</description>
1 -         <connectionTimeout>15</connectionTimeout>
1 -         <responsiblePerson>
1 -             <responsibleId>0</responsibleId>
1 -             <firstName></firstName>
1 -             <familyName>Alessandro Caproni</familyName>
1 -             <eMail>acaproni@eso.org</eMail>
1 -             <phoneNumber></phoneNumber>
1 -         </responsiblePerson>
1 -         <sourceStatus>
1 -             <statusId>ALARM_SYSTEM_SOURCES</statusId>
1 -             <connected>true</connected>
1 -             <enabled>true</enabled>
1 -         </sourceStatus>
1 -         <hostName>xxxx</hostName>
1 -     </source>
1 -     <responsiblePerson>
1 -         <responsibleId>0</responsibleId>
1 -         <firstName></firstName>
1 -         <familyName>Alessandro Caproni</familyName>
1 -         <eMail>acaproni@eso.org</eMail>
1 -         <phoneNumber></phoneNumber>
1 -     </responsiblePerson>
1 -     <location>
1 -         <locationId>0</locationId>
1 -         <floor></floor>
1 -         <room></room>
1 -         <mnemonic></mnemonic>
1 -         <position></position>
1 -     </location>
1 -     <categories>
1 -         <categoryId>2</categoryId>
1 -         <name>CATEGORY1</name>
1 -         <description>Test category 1</description>
1 -         <parentId>1</parentId>
1 -         <path>CATEGORY1</path>
1 -         <isLeaf>true</isLeaf>
1 -     </categories>
1 -     <status>
1 -         <active>true</active>
1 -         <masked>false</masked>
1 -         <reduced>false</reduced>
1 -         <terminatedByBackup>false</terminatedByBackup>
1 -         <sourceTimestamp>
1 -             <date>.......
1 -             <nanos>.......
1 -         </sourceTimestamp>
1 -         <sourceHostname>xxxx</sourceHostname>
1 -         <userTimestamp>
1 -             <date>.......
1 -             <nanos>.......
1 -         </userTimestamp>
1 -         <systemTimestamp>
1 -             <date>.......
1 -             <nanos>.......
1 -         </systemTimestamp>
1 -     </status>
1 -     <nodeParent>false</nodeParent>
1 -     <multiplicityParent>false</multiplicityParent>
1 -     <nodeChild>false</nodeChild>
1 -     <multiplicityChild>false</multiplicityChild>
1 - </ACS-Alarm-Message>
1 - 
1 - CategorySubscriber.hostname xxxx
1 - Alarm from category received: <Manager:bilboContainer:1> priority: 3
