1 - === Running all JUnit tests of module repeatGuard 
1 -  --endorsed -- alma.acs.testsupport.tat.TATJUnitRunner alma.acs.logging.RepeatGuardTest
1 - ----------T--:--:--.--- INFO [acsStartJava] Starting Java application: alma.acs.testsupport.tat.TATJUnitRunner alma.acs.logging.RepeatGuardTest
1 - TEST_RUNNER_REPORT success/total: 2/2
1 - JUnit test run succeeded
1 -  --endorsed -- alma.acs.testsupport.tat.TATJUnitRunner alma.acs.logging.RepeatGuardLoggerTest
1 - ----------T--:--:--.--- INFO [acsStartJava] Starting Java application: alma.acs.testsupport.tat.TATJUnitRunner alma.acs.logging.RepeatGuardLoggerTest
1 - TEST_RUNNER_REPORT success/total: 1/1
1 - JUnit test run succeeded
1 - === Done running jcont JUnit tests 
