Application time: 5.6402770 seconds
Total time for which application threads were stopped: 0.0001380 seconds
Application time: 2.0193980 seconds
Total time for which application threads were stopped: 0.0000900 seconds
Application time: 1.0098060 seconds
Total time for which application threads were stopped: 0.0001080 seconds
Application time: 2.1201390 seconds
Total time for which application threads were stopped: 0.0001310 seconds
Application time: 0.1173650 seconds
Total time for which application threads were stopped: 0.0000930 seconds
Application time: 0.0431060 seconds
Total time for which application threads were stopped: 0.0000910 seconds
Application time: 0.0000890 seconds
Total time for which application threads were stopped: 0.0000690 seconds
Application time: 0.0000870 seconds
Total time for which application threads were stopped: 0.0000680 seconds
Application time: 0.5691750 seconds
Total time for which application threads were stopped: 0.0001430 seconds
Application time: 0.6592810 seconds
{Heap before GC invocations=0 (full 0):
 def new generation   total 14784K, used 11160K [0x902b0000, 0x912b0000, 0x912b0000)
  eden space 13184K,  84% used [0x902b0000, 0x90d96268, 0x90f90000)
  from space 1600K,   0% used [0x90f90000, 0x90f90000, 0x91120000)
  to   space 1600K,   0% used [0x91120000, 0x91120000, 0x912b0000)
 concurrent mark-sweep generation total 49152K, used 0K [0x912b0000, 0x942b0000, 0xb02b0000)
 concurrent-mark-sweep perm gen total 16384K, used 5207K [0xb02b0000, 0xb12b0000, 0xb42b0000)
22.256: [Full GC (System) 22.256: [CMS: 0K->762K(49152K), 0.1971260 secs] 11160K->762K(63936K), [CMS Perm : 5207K->5200K(16384K)], 0.1972660 secs] [Times: user=0.07 sys=0.12, real=0.20 secs] 
Heap after GC invocations=1 (full 1):
 def new generation   total 14784K, used 0K [0x902b0000, 0x912b0000, 0x912b0000)
  eden space 13184K,   0% used [0x902b0000, 0x902b0000, 0x90f90000)
  from space 1600K,   0% used [0x90f90000, 0x90f90000, 0x91120000)
  to   space 1600K,   0% used [0x91120000, 0x91120000, 0x912b0000)
 concurrent mark-sweep generation total 49152K, used 762K [0x912b0000, 0x942b0000, 0xb02b0000)
 concurrent-mark-sweep perm gen total 16384K, used 5200K [0xb02b0000, 0xb12b0000, 0xb42b0000)
}
Total time for which application threads were stopped: 0.3977890 seconds
Application time: 0.0004020 seconds
22.454: [GC [1 CMS-initial-mark: 762K(49152K)] 762K(63936K), 0.0019180 secs] [Times: user=0.00 sys=0.01, real=0.00 secs] 
Total time for which application threads were stopped: 0.0020400 seconds
22.456: [CMS-concurrent-mark-start]
Application time: 0.1774540 seconds
Total time for which application threads were stopped: 0.0025280 seconds
Application time: 0.0003410 seconds
Total time for which application threads were stopped: 0.0001010 seconds
Application time: 0.0000850 seconds
Total time for which application threads were stopped: 0.0000880 seconds
Application time: 0.0000830 seconds
Total time for which application threads were stopped: 0.0001410 seconds
Application time: 0.0000820 seconds
Total time for which application threads were stopped: 0.0000800 seconds
Application time: 0.0000730 seconds
Total time for which application threads were stopped: 0.0000840 seconds
Application time: 0.0000710 seconds
Total time for which application threads were stopped: 0.0000860 seconds
Application time: 0.0000720 seconds
Total time for which application threads were stopped: 0.0000770 seconds
Application time: 0.0000710 seconds
Total time for which application threads were stopped: 0.0000830 seconds
Application time: 0.0000910 seconds
Total time for which application threads were stopped: 0.0000850 seconds
Application time: 0.0000730 seconds
Total time for which application threads were stopped: 0.0000650 seconds
Application time: 0.0000720 seconds
Total time for which application threads were stopped: 0.0052070 seconds
Application time: 0.0000710 seconds
Total time for which application threads were stopped: 0.0000650 seconds
Application time: 0.0000710 seconds
Total time for which application threads were stopped: 0.0000670 seconds
Application time: 0.0000700 seconds
Total time for which application threads were stopped: 0.0000650 seconds
Application time: 0.0001330 seconds
Total time for which application threads were stopped: 0.0000690 seconds
Application time: 0.0016500 seconds
{Heap before GC invocations=1 (full 2):
 def new generation   total 14784K, used 507K [0x902b0000, 0x912b0000, 0x912b0000)
  eden space 13184K,   3% used [0x902b0000, 0x9032eeb8, 0x90f90000)
  from space 1600K,   0% used [0x90f90000, 0x90f90000, 0x91120000)
  to   space 1600K,   0% used [0x91120000, 0x91120000, 0x912b0000)
 concurrent mark-sweep generation total 49152K, used 762K [0x912b0000, 0x942b0000, 0xb02b0000)
 concurrent-mark-sweep perm gen total 16384K, used 5263K [0xb02b0000, 0xb12b0000, 0xb42b0000)
22.646: [Full GC (System) 22.646: [CMS22.697: [CMS-concurrent-mark: 0.051/0.241 secs] [Times: user=0.05 sys=0.05, real=0.24 secs] 
 (concurrent mode interrupted): 762K->810K(49152K), 0.1219900 secs] 1270K->810K(63936K), [CMS Perm : 5263K->5263K(16384K)], 0.1221700 secs] [Times: user=0.11 sys=0.01, real=0.12 secs] 
Heap after GC invocations=2 (full 3):
 def new generation   total 14784K, used 0K [0x902b0000, 0x912b0000, 0x912b0000)
  eden space 13184K,   0% used [0x902b0000, 0x902b0000, 0x90f90000)
  from space 1600K,   0% used [0x90f90000, 0x90f90000, 0x91120000)
  to   space 1600K,   0% used [0x91120000, 0x91120000, 0x912b0000)
 concurrent mark-sweep generation total 49152K, used 810K [0x912b0000, 0x942b0000, 0xb02b0000)
 concurrent-mark-sweep perm gen total 16384K, used 5263K [0xb02b0000, 0xb12b0000, 0xb42b0000)
}
Total time for which application threads were stopped: 0.1224470 seconds
Application time: 0.0083280 seconds
Total time for which application threads were stopped: 0.0001200 seconds
Application time: 0.9207620 seconds
Total time for which application threads were stopped: 0.0001280 seconds
Application time: 0.1594550 seconds
Total time for which application threads were stopped: 0.0001380 seconds
Application time: 0.0001700 seconds
Total time for which application threads were stopped: 0.0000730 seconds
Application time: 0.0367160 seconds
Total time for which application threads were stopped: 0.0016670 seconds
Application time: 0.0315180 seconds
Total time for which application threads were stopped: 0.0000890 seconds
Application time: 0.0000670 seconds
Total time for which application threads were stopped: 0.0000680 seconds
Application time: 0.0001330 seconds
Total time for which application threads were stopped: 0.0000750 seconds
Application time: 0.0901830 seconds
Total time for which application threads were stopped: 0.0000860 seconds
Application time: 0.0000750 seconds
Total time for which application threads were stopped: 0.0053030 seconds
Application time: 0.0001070 seconds
Total time for which application threads were stopped: 0.0000680 seconds
Application time: 0.0000660 seconds
Total time for which application threads were stopped: 0.0000660 seconds
Application time: 0.0000690 seconds
Total time for which application threads were stopped: 0.0000670 seconds
Application time: 0.0000640 seconds
Total time for which application threads were stopped: 0.0000670 seconds
Application time: 0.0015820 seconds
Total time for which application threads were stopped: 0.0000680 seconds
Application time: 0.0001870 seconds
Total time for which application threads were stopped: 0.0000690 seconds
Application time: 0.0000830 seconds
Total time for which application threads were stopped: 0.0000670 seconds
Application time: 0.0001450 seconds
Total time for which application threads were stopped: 0.0000680 seconds
Application time: 0.0000650 seconds
Total time for which application threads were stopped: 0.0000670 seconds
Application time: 0.0000650 seconds
Total time for which application threads were stopped: 0.0000660 seconds
Application time: 0.0000730 seconds
Total time for which application threads were stopped: 0.0001140 seconds
Application time: 0.0000640 seconds
Total time for which application threads were stopped: 0.0000680 seconds
Application time: 0.0000630 seconds
Total time for which application threads were stopped: 0.0000660 seconds
Application time: 0.0001710 seconds
Total time for which application threads were stopped: 0.0000710 seconds
Application time: 0.6601860 seconds
Total time for which application threads were stopped: 0.0001420 seconds
Application time: 0.0000720 seconds
Total time for which application threads were stopped: 0.0000670 seconds
Application time: 0.0000690 seconds
Total time for which application threads were stopped: 0.0000660 seconds
Application time: 0.0000680 seconds
Total time for which application threads were stopped: 0.0001020 seconds
Application time: 0.0000710 seconds
Total time for which application threads were stopped: 0.0000710 seconds
Application time: 0.0000700 seconds
Total time for which application threads were stopped: 0.0000660 seconds
Application time: 0.0000680 seconds
Total time for which application threads were stopped: 0.0000670 seconds
Application time: 0.0000680 seconds
Total time for which application threads were stopped: 0.0000660 seconds
Application time: 0.0016100 seconds
Total time for which application threads were stopped: 0.0000870 seconds
Application time: 0.0000690 seconds
Total time for which application threads were stopped: 0.0000670 seconds
Application time: 0.0000690 seconds
Total time for which application threads were stopped: 0.0000670 seconds
Application time: 0.0000680 seconds
Total time for which application threads were stopped: 0.0000670 seconds
Application time: 0.0000680 seconds
Total time for which application threads were stopped: 0.0000670 seconds
Application time: 0.0000690 seconds
Total time for which application threads were stopped: 0.0000660 seconds
Application time: 0.0000680 seconds
Total time for which application threads were stopped: 0.0000660 seconds
Application time: 0.0000840 seconds
Total time for which application threads were stopped: 0.0000680 seconds
Application time: 0.0000960 seconds
Total time for which application threads were stopped: 0.0000680 seconds
Application time: 0.0000690 seconds
Total time for which application threads were stopped: 0.0000660 seconds
Application time: 0.0000690 seconds
Total time for which application threads were stopped: 0.0000660 seconds
Application time: 0.0000680 seconds
Total time for which application threads were stopped: 0.0001050 seconds
Application time: 0.0003720 seconds
Total time for which application threads were stopped: 0.0000720 seconds
Application time: 0.0001300 seconds
Total time for which application threads were stopped: 0.0000680 seconds
Application time: 0.0557560 seconds
Total time for which application threads were stopped: 0.0000930 seconds
Application time: 0.8346570 seconds
Total time for which application threads were stopped: 0.0001240 seconds
Application time: 0.0186410 seconds
{Heap before GC invocations=2 (full 3):
 def new generation   total 14784K, used 2557K [0x902b0000, 0x912b0000, 0x912b0000)
  eden space 13184K,  19% used [0x902b0000, 0x9052f560, 0x90f90000)
  from space 1600K,   0% used [0x90f90000, 0x90f90000, 0x91120000)
  to   space 1600K,   0% used [0x91120000, 0x91120000, 0x912b0000)
 concurrent mark-sweep generation total 49152K, used 810K [0x912b0000, 0x942b0000, 0xb02b0000)
 concurrent-mark-sweep perm gen total 16384K, used 7226K [0xb02b0000, 0xb12b0000, 0xb42b0000)
25.608: [Full GC (System) 25.608: [CMS: 810K->1299K(49152K), 0.1158890 secs] 3367K->1299K(63936K), [CMS Perm : 7226K->7220K(16384K)], 0.1159780 secs] [Times: user=0.10 sys=0.01, real=0.12 secs] 
Heap after GC invocations=3 (full 4):
 def new generation   total 14784K, used 0K [0x902b0000, 0x912b0000, 0x912b0000)
  eden space 13184K,   0% used [0x902b0000, 0x902b0000, 0x90f90000)
  from space 1600K,   0% used [0x90f90000, 0x90f90000, 0x91120000)
  to   space 1600K,   0% used [0x91120000, 0x91120000, 0x912b0000)
 concurrent mark-sweep generation total 49152K, used 1299K [0x912b0000, 0x942b0000, 0xb02b0000)
 concurrent-mark-sweep perm gen total 16384K, used 7220K [0xb02b0000, 0xb12b0000, 0xb42b0000)
}
Total time for which application threads were stopped: 0.1164570 seconds
Application time: 0.0001380 seconds
25.724: [GC [1 CMS-initial-mark: 1299K(49152K)] 1299K(63936K), 0.0015690 secs] [Times: user=0.00 sys=0.01, real=0.00 secs] 
Total time for which application threads were stopped: 0.0017460 seconds
25.726: [CMS-concurrent-mark-start]
Application time: 0.0005400 seconds
Total time for which application threads were stopped: 0.0894410 seconds
Application time: 0.0000840 seconds
Total time for which application threads were stopped: 0.0000720 seconds
Application time: 0.0000730 seconds
Total time for which application threads were stopped: 0.0000670 seconds
Application time: 0.0001270 seconds
Total time for which application threads were stopped: 0.0000980 seconds
Application time: 0.0195690 seconds
{Heap before GC invocations=3 (full 5):
 def new generation   total 14784K, used 395K [0x902b0000, 0x912b0000, 0x912b0000)
  eden space 13184K,   3% used [0x902b0000, 0x90312e70, 0x90f90000)
  from space 1600K,   0% used [0x90f90000, 0x90f90000, 0x91120000)
  to   space 1600K,   0% used [0x91120000, 0x91120000, 0x912b0000)
 concurrent mark-sweep generation total 49152K, used 1299K [0x912b0000, 0x942b0000, 0xb02b0000)
 concurrent-mark-sweep perm gen total 16384K, used 7220K [0xb02b0000, 0xb12b0000, 0xb42b0000)
25.836: [Full GC (System) 25.836: [CMS25.898: [CMS-concurrent-mark: 0.061/0.172 secs] [Times: user=0.06 sys=0.00, real=0.17 secs] 
 (concurrent mode interrupted): 1299K->1284K(49152K), 0.1583240 secs] 1695K->1284K(63936K), [CMS Perm : 7220K->7220K(16384K)], 0.1584160 secs] [Times: user=0.14 sys=0.02, real=0.16 secs] 
Heap after GC invocations=4 (full 6):
 def new generation   total 14784K, used 0K [0x902b0000, 0x912b0000, 0x912b0000)
  eden space 13184K,   0% used [0x902b0000, 0x902b0000, 0x90f90000)
  from space 1600K,   0% used [0x90f90000, 0x90f90000, 0x91120000)
  to   space 1600K,   0% used [0x91120000, 0x91120000, 0x912b0000)
 concurrent mark-sweep generation total 49152K, used 1284K [0x912b0000, 0x942b0000, 0xb02b0000)
 concurrent-mark-sweep perm gen total 16384K, used 7220K [0xb02b0000, 0xb12b0000, 0xb42b0000)
}
Total time for which application threads were stopped: 0.1599340 seconds
Application time: 0.2677480 seconds
{Heap before GC invocations=4 (full 6):
 def new generation   total 14784K, used 401K [0x902b0000, 0x912b0000, 0x912b0000)
  eden space 13184K,   3% used [0x902b0000, 0x90314678, 0x90f90000)
  from space 1600K,   0% used [0x90f90000, 0x90f90000, 0x91120000)
  to   space 1600K,   0% used [0x91120000, 0x91120000, 0x912b0000)
 concurrent mark-sweep generation total 49152K, used 1284K [0x912b0000, 0x942b0000, 0xb02b0000)
 concurrent-mark-sweep perm gen total 16384K, used 7241K [0xb02b0000, 0xb12b0000, 0xb42b0000)
26.264: [Full GC (System) 26.264: [CMS: 1284K->1346K(49152K), 0.0930770 secs] 1686K->1346K(63936K), [CMS Perm : 7241K->7240K(16384K)], 0.0931740 secs] [Times: user=0.10 sys=0.00, real=0.09 secs] 
Heap after GC invocations=5 (full 7):
 def new generation   total 14784K, used 0K [0x902b0000, 0x912b0000, 0x912b0000)
  eden space 13184K,   0% used [0x902b0000, 0x902b0000, 0x90f90000)
  from space 1600K,   0% used [0x90f90000, 0x90f90000, 0x91120000)
  to   space 1600K,   0% used [0x91120000, 0x91120000, 0x912b0000)
 concurrent mark-sweep generation total 49152K, used 1346K [0x912b0000, 0x942b0000, 0xb02b0000)
 concurrent-mark-sweep perm gen total 16384K, used 7240K [0xb02b0000, 0xb12b0000, 0xb42b0000)
}
Total time for which application threads were stopped: 0.0936490 seconds
Application time: 0.0001090 seconds
26.358: [GC [1 CMS-initial-mark: 1346K(49152K)] 1346K(63936K), 0.0004230 secs] [Times: user=0.00 sys=0.00, real=0.00 secs] 
Total time for which application threads were stopped: 0.0005830 seconds
26.358: [CMS-concurrent-mark-start]
Application time: 0.0001350 seconds
Total time for which application threads were stopped: 0.0000460 seconds
Application time: 0.0000600 seconds
Total time for which application threads were stopped: 0.0000400 seconds
Application time: 0.0051690 seconds
Total time for which application threads were stopped: 0.0000400 seconds
Application time: 0.0000420 seconds
Total time for which application threads were stopped: 0.0000410 seconds
Application time: 0.0004880 seconds
{Heap before GC invocations=5 (full 8):
 def new generation   total 14784K, used 131K [0x902b0000, 0x912b0000, 0x912b0000)
  eden space 13184K,   1% used [0x902b0000, 0x902d0f68, 0x90f90000)
  from space 1600K,   0% used [0x90f90000, 0x90f90000, 0x91120000)
  to   space 1600K,   0% used [0x91120000, 0x91120000, 0x912b0000)
 concurrent mark-sweep generation total 49152K, used 1346K [0x912b0000, 0x942b0000, 0xb02b0000)
 concurrent-mark-sweep perm gen total 16384K, used 7240K [0xb02b0000, 0xb12b0000, 0xb42b0000)
26.366: [Full GC (System) 26.366: [CMS26.427: [CMS-concurrent-mark: 0.061/0.069 secs] [Times: user=0.06 sys=0.01, real=0.07 secs] 
 (concurrent mode interrupted): 1346K->1346K(49152K), 0.1518240 secs] 1478K->1346K(63936K), [CMS Perm : 7240K->7240K(16384K)], 0.1519140 secs] [Times: user=0.15 sys=0.00, real=0.15 secs] 
Heap after GC invocations=6 (full 9):
 def new generation   total 14784K, used 0K [0x902b0000, 0x912b0000, 0x912b0000)
  eden space 13184K,   0% used [0x902b0000, 0x902b0000, 0x90f90000)
  from space 1600K,   0% used [0x90f90000, 0x90f90000, 0x91120000)
  to   space 1600K,   0% used [0x91120000, 0x91120000, 0x912b0000)
 concurrent mark-sweep generation total 49152K, used 1346K [0x912b0000, 0x942b0000, 0xb02b0000)
 concurrent-mark-sweep perm gen total 16384K, used 7240K [0xb02b0000, 0xb12b0000, 0xb42b0000)
}
Total time for which application threads were stopped: 0.1535870 seconds
Application time: 0.1090840 seconds
{Heap before GC invocations=6 (full 9):
 def new generation   total 14784K, used 396K [0x902b0000, 0x912b0000, 0x912b0000)
  eden space 13184K,   3% used [0x902b0000, 0x90313278, 0x90f90000)
  from space 1600K,   0% used [0x90f90000, 0x90f90000, 0x91120000)
  to   space 1600K,   0% used [0x91120000, 0x91120000, 0x912b0000)
 concurrent mark-sweep generation total 49152K, used 1346K [0x912b0000, 0x942b0000, 0xb02b0000)
 concurrent-mark-sweep perm gen total 16384K, used 7251K [0xb02b0000, 0xb12b0000, 0xb42b0000)
26.627: [Full GC (System) 26.627: [CMS: 1346K->1335K(49152K), 0.1003270 secs] 1742K->1335K(63936K), [CMS Perm : 7251K->7250K(16384K)], 0.1004180 secs] [Times: user=0.10 sys=0.00, real=0.10 secs] 
Heap after GC invocations=7 (full 10):
 def new generation   total 14784K, used 0K [0x902b0000, 0x912b0000, 0x912b0000)
  eden space 13184K,   0% used [0x902b0000, 0x902b0000, 0x90f90000)
  from space 1600K,   0% used [0x90f90000, 0x90f90000, 0x91120000)
  to   space 1600K,   0% used [0x91120000, 0x91120000, 0x912b0000)
 concurrent mark-sweep generation total 49152K, used 1335K [0x912b0000, 0x942b0000, 0xb02b0000)
 concurrent-mark-sweep perm gen total 16384K, used 7250K [0xb02b0000, 0xb12b0000, 0xb42b0000)
}
Total time for which application threads were stopped: 0.1006970 seconds
Application time: 0.0281960 seconds
26.756: [GC [1 CMS-initial-mark: 1335K(49152K)] 1335K(63936K), 0.0003310 secs] [Times: user=0.00 sys=0.00, real=0.00 secs] 
Total time for which application threads were stopped: 0.0005130 seconds
26.757: [CMS-concurrent-mark-start]
Application time: 0.0001050 seconds
Total time for which application threads were stopped: 0.0000450 seconds
Application time: 0.0000530 seconds
Total time for which application threads were stopped: 0.0000400 seconds
Application time: 0.0000400 seconds
Total time for which application threads were stopped: 0.0000410 seconds
Application time: 0.0000390 seconds
Total time for which application threads were stopped: 0.0000400 seconds
Application time: 0.0502460 seconds
{Heap before GC invocations=7 (full 11):
 def new generation   total 14784K, used 131K [0x902b0000, 0x912b0000, 0x912b0000)
  eden space 13184K,   1% used [0x902b0000, 0x902d0f68, 0x90f90000)
  from space 1600K,   0% used [0x90f90000, 0x90f90000, 0x91120000)
  to   space 1600K,   0% used [0x91120000, 0x91120000, 0x912b0000)
 concurrent mark-sweep generation total 49152K, used 1335K [0x912b0000, 0x942b0000, 0xb02b0000)
 concurrent-mark-sweep perm gen total 16384K, used 7250K [0xb02b0000, 0xb12b0000, 0xb42b0000)
26.807: [Full GC (System) 26.807: [CMS26.869: [CMS-concurrent-mark: 0.061/0.112 secs] [Times: user=0.11 sys=0.00, real=0.11 secs] 
 (concurrent mode interrupted): 1335K->1335K(49152K), 0.1564980 secs] 1467K->1335K(63936K), [CMS Perm : 7250K->7250K(16384K)], 0.1567050 secs] [Times: user=0.15 sys=0.00, real=0.16 secs] 
Heap after GC invocations=8 (full 12):
 def new generation   total 14784K, used 0K [0x902b0000, 0x912b0000, 0x912b0000)
  eden space 13184K,   0% used [0x902b0000, 0x902b0000, 0x90f90000)
  from space 1600K,   0% used [0x90f90000, 0x90f90000, 0x91120000)
  to   space 1600K,   0% used [0x91120000, 0x91120000, 0x912b0000)
 concurrent mark-sweep generation total 49152K, used 1335K [0x912b0000, 0x942b0000, 0xb02b0000)
 concurrent-mark-sweep perm gen total 16384K, used 7250K [0xb02b0000, 0xb12b0000, 0xb42b0000)
}
Total time for which application threads were stopped: 0.1570520 seconds
Application time: 10.8621830 seconds
{Heap before GC invocations=8 (full 12):
 def new generation   total 14784K, used 131K [0x902b0000, 0x912b0000, 0x912b0000)
  eden space 13184K,   1% used [0x902b0000, 0x902d0f70, 0x90f90000)
  from space 1600K,   0% used [0x90f90000, 0x90f90000, 0x91120000)
  to   space 1600K,   0% used [0x91120000, 0x91120000, 0x912b0000)
 concurrent mark-sweep generation total 49152K, used 1335K [0x912b0000, 0x942b0000, 0xb02b0000)
 concurrent-mark-sweep perm gen total 16384K, used 7251K [0xb02b0000, 0xb12b0000, 0xb42b0000)
37.827: [Full GC (System) 37.827: [CMS: 1335K->1334K(49152K), 0.0363180 secs] 1467K->1334K(63936K), [CMS Perm : 7251K->7250K(16384K)], 0.0364080 secs] [Times: user=0.03 sys=0.00, real=0.03 secs] 
Heap after GC invocations=9 (full 13):
 def new generation   total 14784K, used 0K [0x902b0000, 0x912b0000, 0x912b0000)
  eden space 13184K,   0% used [0x902b0000, 0x902b0000, 0x90f90000)
  from space 1600K,   0% used [0x90f90000, 0x90f90000, 0x91120000)
  to   space 1600K,   0% used [0x91120000, 0x91120000, 0x912b0000)
 concurrent mark-sweep generation total 49152K, used 1334K [0x912b0000, 0x942b0000, 0xb02b0000)
 concurrent-mark-sweep perm gen total 16384K, used 7250K [0xb02b0000, 0xb12b0000, 0xb42b0000)
}
Total time for which application threads were stopped: 0.0366760 seconds
Application time: 0.0004500 seconds
37.864: [GC [1 CMS-initial-mark: 1334K(49152K)] 1597K(63936K), 0.0002700 secs] [Times: user=0.00 sys=0.00, real=0.00 secs] 
Total time for which application threads were stopped: 0.0003640 seconds
37.864: [CMS-concurrent-mark-start]
Application time: 0.0000800 seconds
{Heap before GC invocations=9 (full 14):
 def new generation   total 14784K, used 263K [0x902b0000, 0x912b0000, 0x912b0000)
  eden space 13184K,   2% used [0x902b0000, 0x902f1ec0, 0x90f90000)
  from space 1600K,   0% used [0x90f90000, 0x90f90000, 0x91120000)
  to   space 1600K,   0% used [0x91120000, 0x91120000, 0x912b0000)
 concurrent mark-sweep generation total 49152K, used 1334K [0x912b0000, 0x942b0000, 0xb02b0000)
 concurrent-mark-sweep perm gen total 16384K, used 7250K [0xb02b0000, 0xb12b0000, 0xb42b0000)
37.864: [Full GC (System) 37.864: [CMS37.888: [CMS-concurrent-mark: 0.024/0.025 secs] [Times: user=0.03 sys=0.00, real=0.03 secs] 
 (concurrent mode interrupted): 1334K->1334K(49152K), 0.0603760 secs] 1597K->1334K(63936K), [CMS Perm : 7250K->7250K(16384K)], 0.0604640 secs] [Times: user=0.06 sys=0.00, real=0.07 secs] 
Heap after GC invocations=10 (full 15):
 def new generation   total 14784K, used 0K [0x902b0000, 0x912b0000, 0x912b0000)
  eden space 13184K,   0% used [0x902b0000, 0x902b0000, 0x90f90000)
  from space 1600K,   0% used [0x90f90000, 0x90f90000, 0x91120000)
  to   space 1600K,   0% used [0x91120000, 0x91120000, 0x912b0000)
 concurrent mark-sweep generation total 49152K, used 1334K [0x912b0000, 0x942b0000, 0xb02b0000)
 concurrent-mark-sweep perm gen total 16384K, used 7250K [0xb02b0000, 0xb12b0000, 0xb42b0000)
}
Total time for which application threads were stopped: 0.0606230 seconds
Application time: 15.0115250 seconds
{Heap before GC invocations=10 (full 15):
 def new generation   total 14784K, used 263K [0x902b0000, 0x912b0000, 0x912b0000)
  eden space 13184K,   2% used [0x902b0000, 0x902f1ec8, 0x90f90000)
  from space 1600K,   0% used [0x90f90000, 0x90f90000, 0x91120000)
  to   space 1600K,   0% used [0x91120000, 0x91120000, 0x912b0000)
 concurrent mark-sweep generation total 49152K, used 1334K [0x912b0000, 0x942b0000, 0xb02b0000)
 concurrent-mark-sweep perm gen total 16384K, used 7250K [0xb02b0000, 0xb12b0000, 0xb42b0000)
52.936: [Full GC (System) 52.936: [CMS: 1334K->1334K(49152K), 0.0368140 secs] 1597K->1334K(63936K), [CMS Perm : 7250K->7250K(16384K)], 0.0369140 secs] [Times: user=0.02 sys=0.01, real=0.03 secs] 
Heap after GC invocations=11 (full 16):
 def new generation   total 14784K, used 0K [0x902b0000, 0x912b0000, 0x912b0000)
  eden space 13184K,   0% used [0x902b0000, 0x902b0000, 0x90f90000)
  from space 1600K,   0% used [0x90f90000, 0x90f90000, 0x91120000)
  to   space 1600K,   0% used [0x91120000, 0x91120000, 0x912b0000)
 concurrent mark-sweep generation total 49152K, used 1334K [0x912b0000, 0x942b0000, 0xb02b0000)
 concurrent-mark-sweep perm gen total 16384K, used 7250K [0xb02b0000, 0xb12b0000, 0xb42b0000)
}
Total time for which application threads were stopped: 0.0372060 seconds
Application time: 0.0004240 seconds
52.974: [GC [1 CMS-initial-mark: 1334K(49152K)] 1597K(63936K), 0.0003390 secs] [Times: user=0.00 sys=0.00, real=0.00 secs] 
Total time for which application threads were stopped: 0.0004340 seconds
52.974: [CMS-concurrent-mark-start]
Application time: 0.0000800 seconds
{Heap before GC invocations=11 (full 17):
 def new generation   total 14784K, used 263K [0x902b0000, 0x912b0000, 0x912b0000)
  eden space 13184K,   2% used [0x902b0000, 0x902f1ec0, 0x90f90000)
  from space 1600K,   0% used [0x90f90000, 0x90f90000, 0x91120000)
  to   space 1600K,   0% used [0x91120000, 0x91120000, 0x912b0000)
 concurrent mark-sweep generation total 49152K, used 1334K [0x912b0000, 0x942b0000, 0xb02b0000)
 concurrent-mark-sweep perm gen total 16384K, used 7250K [0xb02b0000, 0xb12b0000, 0xb42b0000)
52.974: [Full GC (System) 52.974: [CMS52.999: [CMS-concurrent-mark: 0.025/0.025 secs] [Times: user=0.03 sys=0.00, real=0.03 secs] 
 (concurrent mode interrupted): 1334K->1334K(49152K), 0.0615690 secs] 1597K->1334K(63936K), [CMS Perm : 7250K->7250K(16384K)], 0.0616550 secs] [Times: user=0.06 sys=0.01, real=0.07 secs] 
Heap after GC invocations=12 (full 18):
 def new generation   total 14784K, used 0K [0x902b0000, 0x912b0000, 0x912b0000)
  eden space 13184K,   0% used [0x902b0000, 0x902b0000, 0x90f90000)
  from space 1600K,   0% used [0x90f90000, 0x90f90000, 0x91120000)
  to   space 1600K,   0% used [0x91120000, 0x91120000, 0x912b0000)
 concurrent mark-sweep generation total 49152K, used 1334K [0x912b0000, 0x942b0000, 0xb02b0000)
 concurrent-mark-sweep perm gen total 16384K, used 7250K [0xb02b0000, 0xb12b0000, 0xb42b0000)
}
Total time for which application threads were stopped: 0.0618130 seconds
Application time: 1.2821050 seconds
Total time for which application threads were stopped: 0.0001260 seconds
Application time: 0.0197030 seconds
Total time for which application threads were stopped: 0.0000990 seconds
Application time: 0.1094610 seconds
Total time for which application threads were stopped: 0.0001150 seconds
Application time: 0.0001110 seconds
Total time for which application threads were stopped: 0.0000720 seconds
Application time: 0.0000660 seconds
Total time for which application threads were stopped: 0.0000690 seconds
Application time: 0.0001210 seconds
Total time for which application threads were stopped: 0.0000690 seconds
Application time: 0.0000750 seconds
Total time for which application threads were stopped: 0.0000680 seconds
Application time: 0.0000720 seconds
Total time for which application threads were stopped: 0.0000750 seconds
Application time: 0.0000730 seconds
Total time for which application threads were stopped: 0.0000690 seconds
Application time: 0.1265810 seconds
{Heap before GC invocations=12 (full 18):
 def new generation   total 14784K, used 929K [0x902b0000, 0x912b0000, 0x912b0000)
  eden space 13184K,   7% used [0x902b0000, 0x903985c8, 0x90f90000)
  from space 1600K,   0% used [0x90f90000, 0x90f90000, 0x91120000)
  to   space 1600K,   0% used [0x91120000, 0x91120000, 0x912b0000)
 concurrent mark-sweep generation total 49152K, used 1334K [0x912b0000, 0x942b0000, 0xb02b0000)
 concurrent-mark-sweep perm gen total 16384K, used 7288K [0xb02b0000, 0xb12b0000, 0xb42b0000)
54.576: [Full GC (System) 54.576: [CMS: 1334K->1326K(49152K), 0.0372260 secs] 2263K->1326K(63936K), [CMS Perm : 7288K->7286K(16384K)], 0.0373220 secs] [Times: user=0.04 sys=0.00, real=0.03 secs] 
Heap after GC invocations=13 (full 19):
 def new generation   total 14784K, used 0K [0x902b0000, 0x912b0000, 0x912b0000)
  eden space 13184K,   0% used [0x902b0000, 0x902b0000, 0x90f90000)
  from space 1600K,   0% used [0x90f90000, 0x90f90000, 0x91120000)
  to   space 1600K,   0% used [0x91120000, 0x91120000, 0x912b0000)
 concurrent mark-sweep generation total 49152K, used 1326K [0x912b0000, 0x942b0000, 0xb02b0000)
 concurrent-mark-sweep perm gen total 16384K, used 7286K [0xb02b0000, 0xb12b0000, 0xb42b0000)
}
Total time for which application threads were stopped: 0.0376370 seconds
Application time: 0.0001110 seconds
54.613: [GC [1 CMS-initial-mark: 1326K(49152K)] 1326K(63936K), 0.0003310 secs] [Times: user=0.00 sys=0.00, real=0.00 secs] 
Total time for which application threads were stopped: 0.0004930 seconds
54.614: [CMS-concurrent-mark-start]
Application time: 0.0001320 seconds
Total time for which application threads were stopped: 0.0000460 seconds
Application time: 0.0000590 seconds
Total time for which application threads were stopped: 0.0000410 seconds
Application time: 0.0000430 seconds
Total time for which application threads were stopped: 0.0000400 seconds
Application time: 0.0000470 seconds
Total time for which application threads were stopped: 0.0000410 seconds
Application time: 0.0000770 seconds
Total time for which application threads were stopped: 0.0000410 seconds
Application time: 0.0000440 seconds
Total time for which application threads were stopped: 0.0000400 seconds
Application time: 0.0003760 seconds
{Heap before GC invocations=13 (full 20):
 def new generation   total 14784K, used 263K [0x902b0000, 0x912b0000, 0x912b0000)
  eden space 13184K,   2% used [0x902b0000, 0x902f1ec0, 0x90f90000)
  from space 1600K,   0% used [0x90f90000, 0x90f90000, 0x91120000)
  to   space 1600K,   0% used [0x91120000, 0x91120000, 0x912b0000)
 concurrent mark-sweep generation total 49152K, used 1326K [0x912b0000, 0x942b0000, 0xb02b0000)
 concurrent-mark-sweep perm gen total 16384K, used 7286K [0xb02b0000, 0xb12b0000, 0xb42b0000)
54.615: [Full GC (System) 54.615: [CMS54.640: [CMS-concurrent-mark: 0.024/0.026 secs] [Times: user=0.03 sys=0.00, real=0.03 secs] 
 (concurrent mode interrupted): 1326K->1325K(49152K), 0.0605150 secs] 1590K->1325K(63936K), [CMS Perm : 7286K->7286K(16384K)], 0.0606070 secs] [Times: user=0.06 sys=0.00, real=0.07 secs] 
Heap after GC invocations=14 (full 21):
 def new generation   total 14784K, used 0K [0x902b0000, 0x912b0000, 0x912b0000)
  eden space 13184K,   0% used [0x902b0000, 0x902b0000, 0x90f90000)
  from space 1600K,   0% used [0x90f90000, 0x90f90000, 0x91120000)
  to   space 1600K,   0% used [0x91120000, 0x91120000, 0x912b0000)
 concurrent mark-sweep generation total 49152K, used 1325K [0x912b0000, 0x942b0000, 0xb02b0000)
 concurrent-mark-sweep perm gen total 16384K, used 7286K [0xb02b0000, 0xb12b0000, 0xb42b0000)
}
Total time for which application threads were stopped: 0.0608470 seconds
Application time: 1.3795080 seconds
{Heap before GC invocations=14 (full 21):
 def new generation   total 14784K, used 1058K [0x902b0000, 0x912b0000, 0x912b0000)
  eden space 13184K,   8% used [0x902b0000, 0x903b8920, 0x90f90000)
  from space 1600K,   0% used [0x90f90000, 0x90f90000, 0x91120000)
  to   space 1600K,   0% used [0x91120000, 0x91120000, 0x912b0000)
 concurrent mark-sweep generation total 49152K, used 1325K [0x912b0000, 0x942b0000, 0xb02b0000)
 concurrent-mark-sweep perm gen total 16384K, used 7346K [0xb02b0000, 0xb12b0000, 0xb42b0000)
56.055: [Full GC (System) 56.055: [CMS: 1325K->1396K(49152K), 0.0373030 secs] 2383K->1396K(63936K), [CMS Perm : 7346K->7344K(16384K)], 0.0374030 secs] [Times: user=0.04 sys=0.00, real=0.03 secs] 
Heap after GC invocations=15 (full 22):
 def new generation   total 14784K, used 0K [0x902b0000, 0x912b0000, 0x912b0000)
  eden space 13184K,   0% used [0x902b0000, 0x902b0000, 0x90f90000)
  from space 1600K,   0% used [0x90f90000, 0x90f90000, 0x91120000)
  to   space 1600K,   0% used [0x91120000, 0x91120000, 0x912b0000)
 concurrent mark-sweep generation total 49152K, used 1396K [0x912b0000, 0x942b0000, 0xb02b0000)
 concurrent-mark-sweep perm gen total 16384K, used 7344K [0xb02b0000, 0xb12b0000, 0xb42b0000)
}
Total time for which application threads were stopped: 0.0377050 seconds
Application time: 0.0003120 seconds
56.093: [GC [1 CMS-initial-mark: 1396K(49152K)] 1396K(63936K), 0.0003360 secs] [Times: user=0.00 sys=0.00, real=0.00 secs] 
Total time for which application threads were stopped: 0.0004490 seconds
56.094: [CMS-concurrent-mark-start]
Application time: 0.0000930 seconds
Total time for which application threads were stopped: 0.0000430 seconds
Application time: 0.0001500 seconds
Total time for which application threads were stopped: 0.0000450 seconds
Application time: 0.0000470 seconds
Total time for which application threads were stopped: 0.0000410 seconds
Application time: 0.0000440 seconds
Total time for which application threads were stopped: 0.0000420 seconds
Application time: 0.0000480 seconds
Total time for which application threads were stopped: 0.0000400 seconds
Application time: 0.0000490 seconds
Total time for which application threads were stopped: 0.0000410 seconds
Application time: 0.0000430 seconds
Total time for which application threads were stopped: 0.0000400 seconds
Application time: 0.0000440 seconds
Total time for which application threads were stopped: 0.0000410 seconds
Application time: 0.0000440 seconds
Total time for which application threads were stopped: 0.0000400 seconds
Application time: 0.0000430 seconds
Total time for which application threads were stopped: 0.0000400 seconds
Application time: 0.0000630 seconds
Total time for which application threads were stopped: 0.0000410 seconds
Application time: 0.0000680 seconds
Total time for which application threads were stopped: 0.0000420 seconds
Application time: 0.0000440 seconds
Total time for which application threads were stopped: 0.0000670 seconds
Application time: 0.0002980 seconds
{Heap before GC invocations=15 (full 23):
 def new generation   total 14784K, used 263K [0x902b0000, 0x912b0000, 0x912b0000)
  eden space 13184K,   2% used [0x902b0000, 0x902f1ec0, 0x90f90000)
  from space 1600K,   0% used [0x90f90000, 0x90f90000, 0x91120000)
  to   space 1600K,   0% used [0x91120000, 0x91120000, 0x912b0000)
 concurrent mark-sweep generation total 49152K, used 1396K [0x912b0000, 0x942b0000, 0xb02b0000)
 concurrent-mark-sweep perm gen total 16384K, used 7344K [0xb02b0000, 0xb12b0000, 0xb42b0000)
56.096: [Full GC (System) 56.096: [CMS56.121: [CMS-concurrent-mark: 0.025/0.027 secs] [Times: user=0.03 sys=0.00, real=0.03 secs] 
 (concurrent mode interrupted): 1396K->1392K(49152K), 0.0616510 secs] 1660K->1392K(63936K), [CMS Perm : 7344K->7344K(16384K)], 0.0617410 secs] [Times: user=0.07 sys=0.00, real=0.06 secs] 
Heap after GC invocations=16 (full 24):
 def new generation   total 14784K, used 0K [0x902b0000, 0x912b0000, 0x912b0000)
  eden space 13184K,   0% used [0x902b0000, 0x902b0000, 0x90f90000)
  from space 1600K,   0% used [0x90f90000, 0x90f90000, 0x91120000)
  to   space 1600K,   0% used [0x91120000, 0x91120000, 0x912b0000)
 concurrent mark-sweep generation total 49152K, used 1392K [0x912b0000, 0x942b0000, 0xb02b0000)
 concurrent-mark-sweep perm gen total 16384K, used 7344K [0xb02b0000, 0xb12b0000, 0xb42b0000)
}
Total time for which application threads were stopped: 0.0619640 seconds
Application time: 0.1187340 seconds
Total time for which application threads were stopped: 0.0002210 seconds
Application time: 0.1273080 seconds
{Heap before GC invocations=16 (full 24):
 def new generation   total 14784K, used 662K [0x902b0000, 0x912b0000, 0x912b0000)
  eden space 13184K,   5% used [0x902b0000, 0x903559f0, 0x90f90000)
  from space 1600K,   0% used [0x90f90000, 0x90f90000, 0x91120000)
  to   space 1600K,   0% used [0x91120000, 0x91120000, 0x912b0000)
 concurrent mark-sweep generation total 49152K, used 1392K [0x912b0000, 0x942b0000, 0xb02b0000)
 concurrent-mark-sweep perm gen total 16384K, used 7409K [0xb02b0000, 0xb12b0000, 0xb42b0000)
56.404: [Full GC (System) 56.404: [CMS: 1392K->1440K(49152K), 0.0587620 secs] 2054K->1440K(63936K), [CMS Perm : 7409K->7408K(16384K)], 0.0588660 secs] [Times: user=0.02 sys=0.04, real=0.06 secs] 
Heap after GC invocations=17 (full 25):
 def new generation   total 14784K, used 0K [0x902b0000, 0x912b0000, 0x912b0000)
  eden space 13184K,   0% used [0x902b0000, 0x902b0000, 0x90f90000)
  from space 1600K,   0% used [0x90f90000, 0x90f90000, 0x91120000)
  to   space 1600K,   0% used [0x91120000, 0x91120000, 0x912b0000)
 concurrent mark-sweep generation total 49152K, used 1440K [0x912b0000, 0x942b0000, 0xb02b0000)
 concurrent-mark-sweep perm gen total 16384K, used 7408K [0xb02b0000, 0xb12b0000, 0xb42b0000)
}
Total time for which application threads were stopped: 0.0591890 seconds
Application time: 0.0004910 seconds
56.464: [GC [1 CMS-initial-mark: 1440K(49152K)] 1703K(63936K), 0.0004020 secs] [Times: user=0.00 sys=0.00, real=0.00 secs] 
Total time for which application threads were stopped: 0.0005100 seconds
56.464: [CMS-concurrent-mark-start]
Application time: 0.0001040 seconds
Total time for which application threads were stopped: 0.0000440 seconds
Application time: 0.0001090 seconds
Total time for which application threads were stopped: 0.0000460 seconds
Application time: 0.0000580 seconds
Total time for which application threads were stopped: 0.0000420 seconds
Application time: 0.0000830 seconds
Total time for which application threads were stopped: 0.0000450 seconds
Application time: 0.0000450 seconds
Total time for which application threads were stopped: 0.0000410 seconds
Application time: 0.0000750 seconds
Total time for which application threads were stopped: 0.0000450 seconds
Application time: 0.0000460 seconds
Total time for which application threads were stopped: 0.0000420 seconds
Application time: 0.0001730 seconds
{Heap before GC invocations=17 (full 26):
 def new generation   total 14784K, used 263K [0x902b0000, 0x912b0000, 0x912b0000)
  eden space 13184K,   2% used [0x902b0000, 0x902f1ec0, 0x90f90000)
  from space 1600K,   0% used [0x90f90000, 0x90f90000, 0x91120000)
  to   space 1600K,   0% used [0x91120000, 0x91120000, 0x912b0000)
 concurrent mark-sweep generation total 49152K, used 1440K [0x912b0000, 0x942b0000, 0xb02b0000)
 concurrent-mark-sweep perm gen total 16384K, used 7408K [0xb02b0000, 0xb12b0000, 0xb42b0000)
56.465: [Full GC (System) 56.465: [CMS56.490: [CMS-concurrent-mark: 0.025/0.026 secs] [Times: user=0.03 sys=0.00, real=0.03 secs] 
 (concurrent mode interrupted): 1440K->1437K(49152K), 0.0641400 secs] 1703K->1437K(63936K), [CMS Perm : 7408K->7408K(16384K)], 0.0642320 secs] [Times: user=0.07 sys=0.00, real=0.06 secs] 
Heap after GC invocations=18 (full 27):
 def new generation   total 14784K, used 0K [0x902b0000, 0x912b0000, 0x912b0000)
  eden space 13184K,   0% used [0x902b0000, 0x902b0000, 0x90f90000)
  from space 1600K,   0% used [0x90f90000, 0x90f90000, 0x91120000)
  to   space 1600K,   0% used [0x91120000, 0x91120000, 0x912b0000)
 concurrent mark-sweep generation total 49152K, used 1437K [0x912b0000, 0x942b0000, 0xb02b0000)
 concurrent-mark-sweep perm gen total 16384K, used 7408K [0xb02b0000, 0xb12b0000, 0xb42b0000)
}
Total time for which application threads were stopped: 0.0644120 seconds
Application time: 0.5389930 seconds
{Heap before GC invocations=18 (full 27):
 def new generation   total 14784K, used 530K [0x902b0000, 0x912b0000, 0x912b0000)
  eden space 13184K,   4% used [0x902b0000, 0x90334a80, 0x90f90000)
  from space 1600K,   0% used [0x90f90000, 0x90f90000, 0x91120000)
  to   space 1600K,   0% used [0x91120000, 0x91120000, 0x912b0000)
 concurrent mark-sweep generation total 49152K, used 1437K [0x912b0000, 0x942b0000, 0xb02b0000)
 concurrent-mark-sweep perm gen total 16384K, used 7434K [0xb02b0000, 0xb12b0000, 0xb42b0000)
57.069: [Full GC (System) 57.069: [CMS: 1437K->1380K(49152K), 0.0368110 secs] 1968K->1380K(63936K), [CMS Perm : 7434K->7433K(16384K)], 0.0369020 secs] [Times: user=0.03 sys=0.00, real=0.04 secs] 
Heap after GC invocations=19 (full 28):
 def new generation   total 14784K, used 0K [0x902b0000, 0x912b0000, 0x912b0000)
  eden space 13184K,   0% used [0x902b0000, 0x902b0000, 0x90f90000)
  from space 1600K,   0% used [0x90f90000, 0x90f90000, 0x91120000)
  to   space 1600K,   0% used [0x91120000, 0x91120000, 0x912b0000)
 concurrent mark-sweep generation total 49152K, used 1380K [0x912b0000, 0x942b0000, 0xb02b0000)
 concurrent-mark-sweep perm gen total 16384K, used 7433K [0xb02b0000, 0xb12b0000, 0xb42b0000)
}
Total time for which application threads were stopped: 0.0372900 seconds
Application time: 0.0004870 seconds
57.136: [GC [1 CMS-initial-mark: 1380K(49152K)] 1644K(63936K), 0.0003490 secs] [Times: user=0.00 sys=0.00, real=0.00 secs] 
Total time for which application threads were stopped: 0.0302690 seconds
57.137: [CMS-concurrent-mark-start]
Application time: 0.0001100 seconds
Total time for which application threads were stopped: 0.0000450 seconds
Application time: 0.0000440 seconds
Total time for which application threads were stopped: 0.0000760 seconds
Application time: 0.0000480 seconds
Total time for which application threads were stopped: 0.0001240 seconds
Application time: 0.0000800 seconds
Total time for which application threads were stopped: 0.0000430 seconds
Application time: 0.0000440 seconds
Total time for which application threads were stopped: 0.0000410 seconds
Application time: 0.0000450 seconds
Total time for which application threads were stopped: 0.0000720 seconds
Application time: 0.0001310 seconds
{Heap before GC invocations=19 (full 29):
 def new generation   total 14784K, used 263K [0x902b0000, 0x912b0000, 0x912b0000)
  eden space 13184K,   2% used [0x902b0000, 0x902f1ec0, 0x90f90000)
  from space 1600K,   0% used [0x90f90000, 0x90f90000, 0x91120000)
  to   space 1600K,   0% used [0x91120000, 0x91120000, 0x912b0000)
 concurrent mark-sweep generation total 49152K, used 1380K [0x912b0000, 0x942b0000, 0xb02b0000)
 concurrent-mark-sweep perm gen total 16384K, used 7433K [0xb02b0000, 0xb12b0000, 0xb42b0000)
57.138: [Full GC (System) 57.138: [CMS57.162: [CMS-concurrent-mark: 0.024/0.026 secs] [Times: user=0.02 sys=0.00, real=0.02 secs] 
 (concurrent mode interrupted): 1380K->1378K(49152K), 0.0613820 secs] 1644K->1378K(63936K), [CMS Perm : 7433K->7433K(16384K)], 0.0614850 secs] [Times: user=0.06 sys=0.00, real=0.06 secs] 
Heap after GC invocations=20 (full 30):
 def new generation   total 14784K, used 0K [0x902b0000, 0x912b0000, 0x912b0000)
  eden space 13184K,   0% used [0x902b0000, 0x902b0000, 0x90f90000)
  from space 1600K,   0% used [0x90f90000, 0x90f90000, 0x91120000)
  to   space 1600K,   0% used [0x91120000, 0x91120000, 0x912b0000)
 concurrent mark-sweep generation total 49152K, used 1378K [0x912b0000, 0x942b0000, 0xb02b0000)
 concurrent-mark-sweep perm gen total 16384K, used 7433K [0xb02b0000, 0xb12b0000, 0xb42b0000)
}
Total time for which application threads were stopped: 0.0617060 seconds
Application time: 0.2968830 seconds
{Heap before GC invocations=20 (full 30):
 def new generation   total 14784K, used 794K [0x902b0000, 0x912b0000, 0x912b0000)
  eden space 13184K,   6% used [0x902b0000, 0x90376950, 0x90f90000)
  from space 1600K,   0% used [0x90f90000, 0x90f90000, 0x91120000)
  to   space 1600K,   0% used [0x91120000, 0x91120000, 0x912b0000)
 concurrent mark-sweep generation total 49152K, used 1378K [0x912b0000, 0x942b0000, 0xb02b0000)
 concurrent-mark-sweep perm gen total 16384K, used 7451K [0xb02b0000, 0xb12b0000, 0xb42b0000)
57.496: [Full GC (System) 57.496: [CMS: 1378K->1485K(49152K), 0.0373300 secs] 2172K->1485K(63936K), [CMS Perm : 7451K->7450K(16384K)], 0.0374800 secs] [Times: user=0.02 sys=0.01, real=0.03 secs] 
Heap after GC invocations=21 (full 31):
 def new generation   total 14784K, used 0K [0x902b0000, 0x912b0000, 0x912b0000)
  eden space 13184K,   0% used [0x902b0000, 0x902b0000, 0x90f90000)
  from space 1600K,   0% used [0x90f90000, 0x90f90000, 0x91120000)
  to   space 1600K,   0% used [0x91120000, 0x91120000, 0x912b0000)
 concurrent mark-sweep generation total 49152K, used 1485K [0x912b0000, 0x942b0000, 0xb02b0000)
 concurrent-mark-sweep perm gen total 16384K, used 7450K [0xb02b0000, 0xb12b0000, 0xb42b0000)
}
Total time for which application threads were stopped: 0.0377350 seconds
Application time: 0.0003120 seconds
57.534: [GC [1 CMS-initial-mark: 1485K(49152K)] 1485K(63936K), 0.0004730 secs] [Times: user=0.00 sys=0.00, real=0.00 secs] 
Total time for which application threads were stopped: 0.0005850 seconds
57.535: [CMS-concurrent-mark-start]
Application time: 0.0003470 seconds
{Heap before GC invocations=21 (full 32):
 def new generation   total 14784K, used 263K [0x902b0000, 0x912b0000, 0x912b0000)
  eden space 13184K,   2% used [0x902b0000, 0x902f1ec0, 0x90f90000)
  from space 1600K,   0% used [0x90f90000, 0x90f90000, 0x91120000)
  to   space 1600K,   0% used [0x91120000, 0x91120000, 0x912b0000)
 concurrent mark-sweep generation total 49152K, used 1485K [0x912b0000, 0x942b0000, 0xb02b0000)
 concurrent-mark-sweep perm gen total 16384K, used 7450K [0xb02b0000, 0xb12b0000, 0xb42b0000)
57.535: [Full GC (System) 57.535: [CMS57.560: [CMS-concurrent-mark: 0.025/0.025 secs] [Times: user=0.03 sys=0.00, real=0.03 secs] 
 (concurrent mode interrupted): 1485K->1484K(49152K), 0.0615590 secs] 1748K->1484K(63936K), [CMS Perm : 7450K->7450K(16384K)], 0.0616460 secs] [Times: user=0.07 sys=0.00, real=0.06 secs] 
Heap after GC invocations=22 (full 33):
 def new generation   total 14784K, used 0K [0x902b0000, 0x912b0000, 0x912b0000)
  eden space 13184K,   0% used [0x902b0000, 0x902b0000, 0x90f90000)
  from space 1600K,   0% used [0x90f90000, 0x90f90000, 0x91120000)
  to   space 1600K,   0% used [0x91120000, 0x91120000, 0x912b0000)
 concurrent mark-sweep generation total 49152K, used 1484K [0x912b0000, 0x942b0000, 0xb02b0000)
 concurrent-mark-sweep perm gen total 16384K, used 7450K [0xb02b0000, 0xb12b0000, 0xb42b0000)
}
Total time for which application threads were stopped: 0.0618480 seconds
Application time: 0.0755340 seconds
{Heap before GC invocations=22 (full 33):
 def new generation   total 14784K, used 530K [0x902b0000, 0x912b0000, 0x912b0000)
  eden space 13184K,   4% used [0x902b0000, 0x90334a80, 0x90f90000)
  from space 1600K,   0% used [0x90f90000, 0x90f90000, 0x91120000)
  to   space 1600K,   0% used [0x91120000, 0x91120000, 0x912b0000)
 concurrent mark-sweep generation total 49152K, used 1484K [0x912b0000, 0x942b0000, 0xb02b0000)
 concurrent-mark-sweep perm gen total 16384K, used 7452K [0xb02b0000, 0xb12b0000, 0xb42b0000)
57.673: [Full GC (System) 57.673: [CMS: 1484K->1410K(49152K), 0.0385000 secs] 2015K->1410K(63936K), [CMS Perm : 7452K->7451K(16384K)], 0.0385850 secs] [Times: user=0.04 sys=0.00, real=0.04 secs] 
Heap after GC invocations=23 (full 34):
 def new generation   total 14784K, used 0K [0x902b0000, 0x912b0000, 0x912b0000)
  eden space 13184K,   0% used [0x902b0000, 0x902b0000, 0x90f90000)
  from space 1600K,   0% used [0x90f90000, 0x90f90000, 0x91120000)
  to   space 1600K,   0% used [0x91120000, 0x91120000, 0x912b0000)
 concurrent mark-sweep generation total 49152K, used 1410K [0x912b0000, 0x942b0000, 0xb02b0000)
 concurrent-mark-sweep perm gen total 16384K, used 7451K [0xb02b0000, 0xb12b0000, 0xb42b0000)
}
Total time for which application threads were stopped: 0.0388810 seconds
Application time: 0.0002970 seconds
57.712: [GC [1 CMS-initial-mark: 1410K(49152K)] 1410K(63936K), 0.0003100 secs] [Times: user=0.00 sys=0.00, real=0.00 secs] 
Total time for which application threads were stopped: 0.0004070 seconds
57.712: [CMS-concurrent-mark-start]
Application time: 0.0003190 seconds
{Heap before GC invocations=23 (full 35):
 def new generation   total 14784K, used 263K [0x902b0000, 0x912b0000, 0x912b0000)
  eden space 13184K,   2% used [0x902b0000, 0x902f1ec0, 0x90f90000)
  from space 1600K,   0% used [0x90f90000, 0x90f90000, 0x91120000)
  to   space 1600K,   0% used [0x91120000, 0x91120000, 0x912b0000)
 concurrent mark-sweep generation total 49152K, used 1410K [0x912b0000, 0x942b0000, 0xb02b0000)
 concurrent-mark-sweep perm gen total 16384K, used 7451K [0xb02b0000, 0xb12b0000, 0xb42b0000)
57.713: [Full GC (System) 57.713: [CMS57.738: [CMS-concurrent-mark: 0.025/0.025 secs] [Times: user=0.03 sys=0.00, real=0.03 secs] 
 (concurrent mode interrupted): 1410K->1409K(49152K), 0.0621470 secs] 1673K->1409K(63936K), [CMS Perm : 7451K->7451K(16384K)], 0.0622700 secs] [Times: user=0.06 sys=0.00, real=0.07 secs] 
Heap after GC invocations=24 (full 36):
 def new generation   total 14784K, used 0K [0x902b0000, 0x912b0000, 0x912b0000)
  eden space 13184K,   0% used [0x902b0000, 0x902b0000, 0x90f90000)
  from space 1600K,   0% used [0x90f90000, 0x90f90000, 0x91120000)
  to   space 1600K,   0% used [0x91120000, 0x91120000, 0x912b0000)
 concurrent mark-sweep generation total 49152K, used 1409K [0x912b0000, 0x942b0000, 0xb02b0000)
 concurrent-mark-sweep perm gen total 16384K, used 7451K [0xb02b0000, 0xb12b0000, 0xb42b0000)
}
Total time for which application threads were stopped: 0.0624980 seconds
Application time: 1.0481610 seconds
{Heap before GC invocations=24 (full 36):
 def new generation   total 14784K, used 530K [0x902b0000, 0x912b0000, 0x912b0000)
  eden space 13184K,   4% used [0x902b0000, 0x90334a80, 0x90f90000)
  from space 1600K,   0% used [0x90f90000, 0x90f90000, 0x91120000)
  to   space 1600K,   0% used [0x91120000, 0x91120000, 0x912b0000)
 concurrent mark-sweep generation total 49152K, used 1409K [0x912b0000, 0x942b0000, 0xb02b0000)
 concurrent-mark-sweep perm gen total 16384K, used 7452K [0xb02b0000, 0xb12b0000, 0xb42b0000)
58.824: [Full GC (System) 58.824: [CMS: 1409K->1420K(49152K), 0.0362420 secs] 1940K->1420K(63936K), [CMS Perm : 7452K->7451K(16384K)], 0.0363350 secs] [Times: user=0.04 sys=0.00, real=0.04 secs] 
Heap after GC invocations=25 (full 37):
 def new generation   total 14784K, used 0K [0x902b0000, 0x912b0000, 0x912b0000)
  eden space 13184K,   0% used [0x902b0000, 0x902b0000, 0x90f90000)
  from space 1600K,   0% used [0x90f90000, 0x90f90000, 0x91120000)
  to   space 1600K,   0% used [0x91120000, 0x91120000, 0x912b0000)
 concurrent mark-sweep generation total 49152K, used 1420K [0x912b0000, 0x942b0000, 0xb02b0000)
 concurrent-mark-sweep perm gen total 16384K, used 7451K [0xb02b0000, 0xb12b0000, 0xb42b0000)
}
Total time for which application threads were stopped: 0.0365850 seconds
Application time: 0.0007620 seconds
58.861: [GC [1 CMS-initial-mark: 1420K(49152K)] 1683K(63936K), 0.0003010 secs] [Times: user=0.00 sys=0.00, real=0.00 secs] 
Total time for which application threads were stopped: 0.0004320 seconds
58.861: [CMS-concurrent-mark-start]
Application time: 0.0000830 seconds
{Heap before GC invocations=25 (full 38):
 def new generation   total 14784K, used 263K [0x902b0000, 0x912b0000, 0x912b0000)
  eden space 13184K,   2% used [0x902b0000, 0x902f1ec0, 0x90f90000)
  from space 1600K,   0% used [0x90f90000, 0x90f90000, 0x91120000)
  to   space 1600K,   0% used [0x91120000, 0x91120000, 0x912b0000)
 concurrent mark-sweep generation total 49152K, used 1420K [0x912b0000, 0x942b0000, 0xb02b0000)
 concurrent-mark-sweep perm gen total 16384K, used 7451K [0xb02b0000, 0xb12b0000, 0xb42b0000)
58.861: [Full GC (System) 58.861: [CMS58.886: [CMS-concurrent-mark: 0.024/0.024 secs] [Times: user=0.02 sys=0.00, real=0.03 secs] 
 (concurrent mode interrupted): 1420K->1413K(49152K), 0.0608790 secs] 1683K->1413K(63936K), [CMS Perm : 7451K->7451K(16384K)], 0.0609690 secs] [Times: user=0.06 sys=0.00, real=0.06 secs] 
Heap after GC invocations=26 (full 39):
 def new generation   total 14784K, used 0K [0x902b0000, 0x912b0000, 0x912b0000)
  eden space 13184K,   0% used [0x902b0000, 0x902b0000, 0x90f90000)
  from space 1600K,   0% used [0x90f90000, 0x90f90000, 0x91120000)
  to   space 1600K,   0% used [0x91120000, 0x91120000, 0x912b0000)
 concurrent mark-sweep generation total 49152K, used 1413K [0x912b0000, 0x942b0000, 0xb02b0000)
 concurrent-mark-sweep perm gen total 16384K, used 7451K [0xb02b0000, 0xb12b0000, 0xb42b0000)
}
Total time for which application threads were stopped: 0.0611330 seconds
Application time: 0.2502230 seconds
{Heap before GC invocations=26 (full 39):
 def new generation   total 14784K, used 530K [0x902b0000, 0x912b0000, 0x912b0000)
  eden space 13184K,   4% used [0x902b0000, 0x90334a80, 0x90f90000)
  from space 1600K,   0% used [0x90f90000, 0x90f90000, 0x91120000)
  to   space 1600K,   0% used [0x91120000, 0x91120000, 0x912b0000)
 concurrent mark-sweep generation total 49152K, used 1413K [0x912b0000, 0x942b0000, 0xb02b0000)
 concurrent-mark-sweep perm gen total 16384K, used 7452K [0xb02b0000, 0xb12b0000, 0xb42b0000)
59.173: [Full GC (System) 59.173: [CMS: 1413K->1424K(49152K), 0.0366840 secs] 1944K->1424K(63936K), [CMS Perm : 7452K->7451K(16384K)], 0.0368170 secs] [Times: user=0.04 sys=0.00, real=0.04 secs] 
Heap after GC invocations=27 (full 40):
 def new generation   total 14784K, used 0K [0x902b0000, 0x912b0000, 0x912b0000)
  eden space 13184K,   0% used [0x902b0000, 0x902b0000, 0x90f90000)
  from space 1600K,   0% used [0x90f90000, 0x90f90000, 0x91120000)
  to   space 1600K,   0% used [0x91120000, 0x91120000, 0x912b0000)
 concurrent mark-sweep generation total 49152K, used 1424K [0x912b0000, 0x942b0000, 0xb02b0000)
 concurrent-mark-sweep perm gen total 16384K, used 7451K [0xb02b0000, 0xb12b0000, 0xb42b0000)
}
Total time for which application threads were stopped: 0.0370720 seconds
Application time: 0.0005590 seconds
59.210: [GC [1 CMS-initial-mark: 1424K(49152K)] 1687K(63936K), 0.0004400 secs] [Times: user=0.00 sys=0.00, real=0.00 secs] 
Total time for which application threads were stopped: 0.0005420 seconds
59.211: [CMS-concurrent-mark-start]
Application time: 0.0000850 seconds
{Heap before GC invocations=27 (full 41):
 def new generation   total 14784K, used 263K [0x902b0000, 0x912b0000, 0x912b0000)
  eden space 13184K,   2% used [0x902b0000, 0x902f1ec0, 0x90f90000)
  from space 1600K,   0% used [0x90f90000, 0x90f90000, 0x91120000)
  to   space 1600K,   0% used [0x91120000, 0x91120000, 0x912b0000)
 concurrent mark-sweep generation total 49152K, used 1424K [0x912b0000, 0x942b0000, 0xb02b0000)
 concurrent-mark-sweep perm gen total 16384K, used 7451K [0xb02b0000, 0xb12b0000, 0xb42b0000)
59.211: [Full GC (System) 59.211: [CMS59.236: [CMS-concurrent-mark: 0.025/0.026 secs] [Times: user=0.03 sys=0.00, real=0.03 secs] 
 (concurrent mode interrupted): 1424K->1417K(49152K), 0.0629080 secs] 1687K->1417K(63936K), [CMS Perm : 7451K->7451K(16384K)], 0.0629970 secs] [Times: user=0.06 sys=0.00, real=0.06 secs] 
Heap after GC invocations=28 (full 42):
 def new generation   total 14784K, used 0K [0x902b0000, 0x912b0000, 0x912b0000)
  eden space 13184K,   0% used [0x902b0000, 0x902b0000, 0x90f90000)
  from space 1600K,   0% used [0x90f90000, 0x90f90000, 0x91120000)
  to   space 1600K,   0% used [0x91120000, 0x91120000, 0x912b0000)
 concurrent mark-sweep generation total 49152K, used 1417K [0x912b0000, 0x942b0000, 0xb02b0000)
 concurrent-mark-sweep perm gen total 16384K, used 7451K [0xb02b0000, 0xb12b0000, 0xb42b0000)
}
Total time for which application threads were stopped: 0.0632370 seconds
Application time: 6.6070880 seconds
Total time for which application threads were stopped: 0.0001900 seconds
Application time: 0.0005910 seconds
Total time for which application threads were stopped: 0.0000800 seconds
Application time: 0.0000680 seconds
Total time for which application threads were stopped: 0.0000690 seconds
Application time: 0.0002670 seconds
Total time for which application threads were stopped: 0.0000740 seconds
Application time: 0.0000340 seconds
Total time for which application threads were stopped: 0.0000430 seconds
Application time: 0.0000560 seconds
Total time for which application threads were stopped: 0.0000700 seconds
Application time: 0.7158090 seconds
Total time for which application threads were stopped: 0.0001020 seconds
Application time: 0.2673080 seconds
{Heap before GC invocations=28 (full 42):
 def new generation   total 14784K, used 1063K [0x902b0000, 0x912b0000, 0x912b0000)
  eden space 13184K,   8% used [0x902b0000, 0x903b9d08, 0x90f90000)
  from space 1600K,   0% used [0x90f90000, 0x90f90000, 0x91120000)
  to   space 1600K,   0% used [0x91120000, 0x91120000, 0x912b0000)
 concurrent mark-sweep generation total 49152K, used 1417K [0x912b0000, 0x942b0000, 0xb02b0000)
 concurrent-mark-sweep perm gen total 16384K, used 7457K [0xb02b0000, 0xb12b0000, 0xb42b0000)
66.866: [Full GC (System) 66.866: [CMS: 1417K->1522K(49152K), 0.1204630 secs] 2480K->1522K(63936K), [CMS Perm : 7457K->7455K(16384K)], 0.1206320 secs] [Times: user=0.05 sys=0.07, real=0.12 secs] 
Heap after GC invocations=29 (full 43):
 def new generation   total 14784K, used 0K [0x902b0000, 0x912b0000, 0x912b0000)
  eden space 13184K,   0% used [0x902b0000, 0x902b0000, 0x90f90000)
  from space 1600K,   0% used [0x90f90000, 0x90f90000, 0x91120000)
  to   space 1600K,   0% used [0x91120000, 0x91120000, 0x912b0000)
 concurrent mark-sweep generation total 49152K, used 1522K [0x912b0000, 0x942b0000, 0xb02b0000)
 concurrent-mark-sweep perm gen total 16384K, used 7455K [0xb02b0000, 0xb12b0000, 0xb42b0000)
}
Total time for which application threads were stopped: 0.1208830 seconds
Application time: 0.0234350 seconds
67.039: [GC [1 CMS-initial-mark: 1522K(49152K)] 1785K(63936K), 0.0003520 secs] [Times: user=0.00 sys=0.00, real=0.00 secs] 
Total time for which application threads were stopped: 0.0288900 seconds
67.039: [CMS-concurrent-mark-start]
Application time: 0.0020870 seconds
{Heap before GC invocations=29 (full 44):
 def new generation   total 14784K, used 263K [0x902b0000, 0x912b0000, 0x912b0000)
  eden space 13184K,   2% used [0x902b0000, 0x902f1ec0, 0x90f90000)
  from space 1600K,   0% used [0x90f90000, 0x90f90000, 0x91120000)
  to   space 1600K,   0% used [0x91120000, 0x91120000, 0x912b0000)
 concurrent mark-sweep generation total 49152K, used 1522K [0x912b0000, 0x942b0000, 0xb02b0000)
 concurrent-mark-sweep perm gen total 16384K, used 7455K [0xb02b0000, 0xb12b0000, 0xb42b0000)
67.042: [Full GC (System) 67.042: [CMS67.067: [CMS-concurrent-mark: 0.025/0.027 secs] [Times: user=0.03 sys=0.00, real=0.03 secs] 
 (concurrent mode interrupted): 1522K->1522K(49152K), 0.0621130 secs] 1785K->1522K(63936K), [CMS Perm : 7455K->7455K(16384K)], 0.0622050 secs] [Times: user=0.06 sys=0.00, real=0.06 secs] 
Heap after GC invocations=30 (full 45):
 def new generation   total 14784K, used 0K [0x902b0000, 0x912b0000, 0x912b0000)
  eden space 13184K,   0% used [0x902b0000, 0x902b0000, 0x90f90000)
  from space 1600K,   0% used [0x90f90000, 0x90f90000, 0x91120000)
  to   space 1600K,   0% used [0x91120000, 0x91120000, 0x912b0000)
 concurrent mark-sweep generation total 49152K, used 1522K [0x912b0000, 0x942b0000, 0xb02b0000)
 concurrent-mark-sweep perm gen total 16384K, used 7455K [0xb02b0000, 0xb12b0000, 0xb42b0000)
}
Total time for which application threads were stopped: 0.0624760 seconds
Application time: 0.9426230 seconds
{Heap before GC invocations=30 (full 45):
 def new generation   total 14784K, used 530K [0x902b0000, 0x912b0000, 0x912b0000)
  eden space 13184K,   4% used [0x902b0000, 0x90334aa0, 0x90f90000)
  from space 1600K,   0% used [0x90f90000, 0x90f90000, 0x91120000)
  to   space 1600K,   0% used [0x91120000, 0x91120000, 0x912b0000)
 concurrent mark-sweep generation total 49152K, used 1522K [0x912b0000, 0x942b0000, 0xb02b0000)
 concurrent-mark-sweep perm gen total 16384K, used 7456K [0xb02b0000, 0xb12b0000, 0xb42b0000)
68.047: [Full GC (System) 68.047: [CMS: 1522K->1515K(49152K), 0.0363710 secs] 2052K->1515K(63936K), [CMS Perm : 7456K->7455K(16384K)], 0.0364620 secs] [Times: user=0.02 sys=0.01, real=0.03 secs] 
Heap after GC invocations=31 (full 46):
 def new generation   total 14784K, used 0K [0x902b0000, 0x912b0000, 0x912b0000)
  eden space 13184K,   0% used [0x902b0000, 0x902b0000, 0x90f90000)
  from space 1600K,   0% used [0x90f90000, 0x90f90000, 0x91120000)
  to   space 1600K,   0% used [0x91120000, 0x91120000, 0x912b0000)
 concurrent mark-sweep generation total 49152K, used 1515K [0x912b0000, 0x942b0000, 0xb02b0000)
 concurrent-mark-sweep perm gen total 16384K, used 7455K [0xb02b0000, 0xb12b0000, 0xb42b0000)
}
Total time for which application threads were stopped: 0.0368300 seconds
Application time: 0.0004500 seconds
68.084: [GC [1 CMS-initial-mark: 1515K(49152K)] 1779K(63936K), 0.0003100 secs] [Times: user=0.00 sys=0.00, real=0.00 secs] 
Total time for which application threads were stopped: 0.0004500 seconds
68.085: [CMS-concurrent-mark-start]
Application time: 0.0002460 seconds
{Heap before GC invocations=31 (full 47):
 def new generation   total 14784K, used 263K [0x902b0000, 0x912b0000, 0x912b0000)
  eden space 13184K,   2% used [0x902b0000, 0x902f1ec0, 0x90f90000)
  from space 1600K,   0% used [0x90f90000, 0x90f90000, 0x91120000)
  to   space 1600K,   0% used [0x91120000, 0x91120000, 0x912b0000)
 concurrent mark-sweep generation total 49152K, used 1515K [0x912b0000, 0x942b0000, 0xb02b0000)
 concurrent-mark-sweep perm gen total 16384K, used 7455K [0xb02b0000, 0xb12b0000, 0xb42b0000)
68.085: [Full GC (System) 68.085: [CMS68.109: [CMS-concurrent-mark: 0.024/0.025 secs] [Times: user=0.03 sys=0.00, real=0.03 secs] 
 (concurrent mode interrupted): 1515K->1515K(49152K), 0.0609270 secs] 1779K->1515K(63936K), [CMS Perm : 7455K->7455K(16384K)], 0.0610170 secs] [Times: user=0.06 sys=0.00, real=0.07 secs] 
Heap after GC invocations=32 (full 48):
 def new generation   total 14784K, used 0K [0x902b0000, 0x912b0000, 0x912b0000)
  eden space 13184K,   0% used [0x902b0000, 0x902b0000, 0x90f90000)
  from space 1600K,   0% used [0x90f90000, 0x90f90000, 0x91120000)
  to   space 1600K,   0% used [0x91120000, 0x91120000, 0x912b0000)
 concurrent mark-sweep generation total 49152K, used 1515K [0x912b0000, 0x942b0000, 0xb02b0000)
 concurrent-mark-sweep perm gen total 16384K, used 7455K [0xb02b0000, 0xb12b0000, 0xb42b0000)
}
Total time for which application threads were stopped: 0.0611910 seconds
Application time: 15.0204110 seconds
{Heap before GC invocations=32 (full 48):
 def new generation   total 14784K, used 527K [0x902b0000, 0x912b0000, 0x912b0000)
  eden space 13184K,   4% used [0x902b0000, 0x90333dd0, 0x90f90000)
  from space 1600K,   0% used [0x90f90000, 0x90f90000, 0x91120000)
  to   space 1600K,   0% used [0x91120000, 0x91120000, 0x912b0000)
 concurrent mark-sweep generation total 49152K, used 1515K [0x912b0000, 0x942b0000, 0xb02b0000)
 concurrent-mark-sweep perm gen total 16384K, used 7455K [0xb02b0000, 0xb12b0000, 0xb42b0000)
83.167: [Full GC (System) 83.167: [CMS: 1515K->1514K(49152K), 0.0998570 secs] 2043K->1514K(63936K), [CMS Perm : 7455K->7455K(16384K)], 0.0999780 secs] [Times: user=0.10 sys=0.00, real=0.10 secs] 
Heap after GC invocations=33 (full 49):
 def new generation   total 14784K, used 0K [0x902b0000, 0x912b0000, 0x912b0000)
  eden space 13184K,   0% used [0x902b0000, 0x902b0000, 0x90f90000)
  from space 1600K,   0% used [0x90f90000, 0x90f90000, 0x91120000)
  to   space 1600K,   0% used [0x91120000, 0x91120000, 0x912b0000)
 concurrent mark-sweep generation total 49152K, used 1514K [0x912b0000, 0x942b0000, 0xb02b0000)
 concurrent-mark-sweep perm gen total 16384K, used 7455K [0xb02b0000, 0xb12b0000, 0xb42b0000)
}
Total time for which application threads were stopped: 0.1002510 seconds
Application time: 0.0004240 seconds
83.267: [GC [1 CMS-initial-mark: 1514K(49152K)] 1778K(63936K), 0.0003050 secs] [Times: user=0.00 sys=0.00, real=0.00 secs] 
Total time for which application threads were stopped: 0.0004940 seconds
83.268: [CMS-concurrent-mark-start]
Application time: 0.0000840 seconds
{Heap before GC invocations=33 (full 50):
 def new generation   total 14784K, used 263K [0x902b0000, 0x912b0000, 0x912b0000)
  eden space 13184K,   2% used [0x902b0000, 0x902f1ec0, 0x90f90000)
  from space 1600K,   0% used [0x90f90000, 0x90f90000, 0x91120000)
  to   space 1600K,   0% used [0x91120000, 0x91120000, 0x912b0000)
 concurrent mark-sweep generation total 49152K, used 1514K [0x912b0000, 0x942b0000, 0xb02b0000)
 concurrent-mark-sweep perm gen total 16384K, used 7455K [0xb02b0000, 0xb12b0000, 0xb42b0000)
83.268: [Full GC (System) 83.268: [CMS83.328: [CMS-concurrent-mark: 0.060/0.061 secs] [Times: user=0.06 sys=0.00, real=0.06 secs] 
 (concurrent mode interrupted): 1514K->1514K(49152K), 0.1592860 secs] 1778K->1514K(63936K), [CMS Perm : 7455K->7455K(16384K)], 0.1593740 secs] [Times: user=0.15 sys=0.01, real=0.16 secs] 
Heap after GC invocations=34 (full 51):
 def new generation   total 14784K, used 0K [0x902b0000, 0x912b0000, 0x912b0000)
  eden space 13184K,   0% used [0x902b0000, 0x902b0000, 0x90f90000)
  from space 1600K,   0% used [0x90f90000, 0x90f90000, 0x91120000)
  to   space 1600K,   0% used [0x91120000, 0x91120000, 0x912b0000)
 concurrent mark-sweep generation total 49152K, used 1514K [0x912b0000, 0x942b0000, 0xb02b0000)
 concurrent-mark-sweep perm gen total 16384K, used 7455K [0xb02b0000, 0xb12b0000, 0xb42b0000)
}
Total time for which application threads were stopped: 0.1595560 seconds
Application time: 7.2354300 seconds
Total time for which application threads were stopped: 0.0001180 seconds
Application time: 0.0014960 seconds
Total time for which application threads were stopped: 0.0000890 seconds
Application time: 0.0000340 seconds
Total time for which application threads were stopped: 0.0000430 seconds
Application time: 2.3169400 seconds
{Heap before GC invocations=34 (full 51):
 def new generation   total 14784K, used 1193K [0x902b0000, 0x912b0000, 0x912b0000)
  eden space 13184K,   9% used [0x902b0000, 0x903da528, 0x90f90000)
  from space 1600K,   0% used [0x90f90000, 0x90f90000, 0x91120000)
  to   space 1600K,   0% used [0x91120000, 0x91120000, 0x912b0000)
 concurrent mark-sweep generation total 49152K, used 1514K [0x912b0000, 0x942b0000, 0xb02b0000)
 concurrent-mark-sweep perm gen total 16384K, used 7471K [0xb02b0000, 0xb12b0000, 0xb42b0000)
92.982: [Full GC (System) 92.982: [CMS: 1514K->1541K(49152K), 0.0371450 secs] 2707K->1541K(63936K), [CMS Perm : 7471K->7470K(16384K)], 0.0372380 secs] [Times: user=0.04 sys=0.00, real=0.04 secs] 
Heap after GC invocations=35 (full 52):
 def new generation   total 14784K, used 0K [0x902b0000, 0x912b0000, 0x912b0000)
  eden space 13184K,   0% used [0x902b0000, 0x902b0000, 0x90f90000)
  from space 1600K,   0% used [0x90f90000, 0x90f90000, 0x91120000)
  to   space 1600K,   0% used [0x91120000, 0x91120000, 0x912b0000)
 concurrent mark-sweep generation total 49152K, used 1541K [0x912b0000, 0x942b0000, 0xb02b0000)
 concurrent-mark-sweep perm gen total 16384K, used 7470K [0xb02b0000, 0xb12b0000, 0xb42b0000)
}
Total time for which application threads were stopped: 0.0377600 seconds
Application time: 0.0005620 seconds
93.020: [GC [1 CMS-initial-mark: 1541K(49152K)] 1804K(63936K), 0.0003730 secs] [Times: user=0.00 sys=0.00, real=0.00 secs] 
Total time for which application threads were stopped: 0.0004840 seconds
93.020: [CMS-concurrent-mark-start]
Application time: 0.0000860 seconds
{Heap before GC invocations=35 (full 53):
 def new generation   total 14784K, used 263K [0x902b0000, 0x912b0000, 0x912b0000)
  eden space 13184K,   2% used [0x902b0000, 0x902f1ec0, 0x90f90000)
  from space 1600K,   0% used [0x90f90000, 0x90f90000, 0x91120000)
  to   space 1600K,   0% used [0x91120000, 0x91120000, 0x912b0000)
 concurrent mark-sweep generation total 49152K, used 1541K [0x912b0000, 0x942b0000, 0xb02b0000)
 concurrent-mark-sweep perm gen total 16384K, used 7470K [0xb02b0000, 0xb12b0000, 0xb42b0000)
93.020: [Full GC (System) 93.020: [CMS93.045: [CMS-concurrent-mark: 0.024/0.024 secs] [Times: user=0.02 sys=0.00, real=0.02 secs] 
 (concurrent mode interrupted): 1541K->1541K(49152K), 0.0615560 secs] 1804K->1541K(63936K), [CMS Perm : 7470K->7470K(16384K)], 0.0618140 secs] [Times: user=0.06 sys=0.00, real=0.06 secs] 
Heap after GC invocations=36 (full 54):
 def new generation   total 14784K, used 0K [0x902b0000, 0x912b0000, 0x912b0000)
  eden space 13184K,   0% used [0x902b0000, 0x902b0000, 0x90f90000)
  from space 1600K,   0% used [0x90f90000, 0x90f90000, 0x91120000)
  to   space 1600K,   0% used [0x91120000, 0x91120000, 0x912b0000)
 concurrent mark-sweep generation total 49152K, used 1541K [0x912b0000, 0x942b0000, 0xb02b0000)
 concurrent-mark-sweep perm gen total 16384K, used 7470K [0xb02b0000, 0xb12b0000, 0xb42b0000)
}
Total time for which application threads were stopped: 0.0619810 seconds
Application time: 0.0736290 seconds
{Heap before GC invocations=36 (full 54):
 def new generation   total 14784K, used 530K [0x902b0000, 0x912b0000, 0x912b0000)
  eden space 13184K,   4% used [0x902b0000, 0x90334a80, 0x90f90000)
  from space 1600K,   0% used [0x90f90000, 0x90f90000, 0x91120000)
  to   space 1600K,   0% used [0x91120000, 0x91120000, 0x912b0000)
 concurrent mark-sweep generation total 49152K, used 1541K [0x912b0000, 0x942b0000, 0xb02b0000)
 concurrent-mark-sweep perm gen total 16384K, used 7471K [0xb02b0000, 0xb12b0000, 0xb42b0000)
93.156: [Full GC (System) 93.156: [CMS: 1541K->1541K(49152K), 0.0373170 secs] 2071K->1541K(63936K), [CMS Perm : 7471K->7471K(16384K)], 0.0374110 secs] [Times: user=0.02 sys=0.01, real=0.04 secs] 
Heap after GC invocations=37 (full 55):
 def new generation   total 14784K, used 0K [0x902b0000, 0x912b0000, 0x912b0000)
  eden space 13184K,   0% used [0x902b0000, 0x902b0000, 0x90f90000)
  from space 1600K,   0% used [0x90f90000, 0x90f90000, 0x91120000)
  to   space 1600K,   0% used [0x91120000, 0x91120000, 0x912b0000)
 concurrent mark-sweep generation total 49152K, used 1541K [0x912b0000, 0x942b0000, 0xb02b0000)
 concurrent-mark-sweep perm gen total 16384K, used 7471K [0xb02b0000, 0xb12b0000, 0xb42b0000)
}
Total time for which application threads were stopped: 0.0379190 seconds
Application time: 0.0005140 seconds
93.195: [GC [1 CMS-initial-mark: 1541K(49152K)] 1804K(63936K), 0.0003240 secs] [Times: user=0.00 sys=0.00, real=0.00 secs] 
Total time for which application threads were stopped: 0.0004660 seconds
93.195: [CMS-concurrent-mark-start]
Application time: 0.0002470 seconds
{Heap before GC invocations=37 (full 56):
 def new generation   total 14784K, used 263K [0x902b0000, 0x912b0000, 0x912b0000)
  eden space 13184K,   2% used [0x902b0000, 0x902f1ec0, 0x90f90000)
  from space 1600K,   0% used [0x90f90000, 0x90f90000, 0x91120000)
  to   space 1600K,   0% used [0x91120000, 0x91120000, 0x912b0000)
 concurrent mark-sweep generation total 49152K, used 1541K [0x912b0000, 0x942b0000, 0xb02b0000)
 concurrent-mark-sweep perm gen total 16384K, used 7471K [0xb02b0000, 0xb12b0000, 0xb42b0000)
93.195: [Full GC (System) 93.195: [CMS93.220: [CMS-concurrent-mark: 0.025/0.025 secs] [Times: user=0.03 sys=0.00, real=0.03 secs] 
 (concurrent mode interrupted): 1541K->1534K(49152K), 0.0633200 secs] 1804K->1534K(63936K), [CMS Perm : 7471K->7471K(16384K)], 0.0634120 secs] [Times: user=0.07 sys=0.00, real=0.07 secs] 
Heap after GC invocations=38 (full 57):
 def new generation   total 14784K, used 0K [0x902b0000, 0x912b0000, 0x912b0000)
  eden space 13184K,   0% used [0x902b0000, 0x902b0000, 0x90f90000)
  from space 1600K,   0% used [0x90f90000, 0x90f90000, 0x91120000)
  to   space 1600K,   0% used [0x91120000, 0x91120000, 0x912b0000)
 concurrent mark-sweep generation total 49152K, used 1534K [0x912b0000, 0x942b0000, 0xb02b0000)
 concurrent-mark-sweep perm gen total 16384K, used 7471K [0xb02b0000, 0xb12b0000, 0xb42b0000)
}
Total time for which application threads were stopped: 0.0635810 seconds
Application time: 5.1882660 seconds
{Heap before GC invocations=38 (full 57):
 def new generation   total 14784K, used 530K [0x902b0000, 0x912b0000, 0x912b0000)
  eden space 13184K,   4% used [0x902b0000, 0x90334a80, 0x90f90000)
  from space 1600K,   0% used [0x90f90000, 0x90f90000, 0x91120000)
  to   space 1600K,   0% used [0x91120000, 0x91120000, 0x912b0000)
 concurrent mark-sweep generation total 49152K, used 1534K [0x912b0000, 0x942b0000, 0xb02b0000)
 concurrent-mark-sweep perm gen total 16384K, used 7471K [0xb02b0000, 0xb12b0000, 0xb42b0000)
98.447: [Full GC (System) 98.447: [CMS: 1534K->1535K(49152K), 0.1615840 secs] 2065K->1535K(63936K), [CMS Perm : 7471K->7470K(16384K)], 0.1627890 secs] [Times: user=0.09 sys=0.02, real=0.18 secs] 
Heap after GC invocations=39 (full 58):
 def new generation   total 14784K, used 0K [0x902b0000, 0x912b0000, 0x912b0000)
  eden space 13184K,   0% used [0x902b0000, 0x902b0000, 0x90f90000)
  from space 1600K,   0% used [0x90f90000, 0x90f90000, 0x91120000)
  to   space 1600K,   0% used [0x91120000, 0x91120000, 0x912b0000)
 concurrent mark-sweep generation total 49152K, used 1535K [0x912b0000, 0x942b0000, 0xb02b0000)
 concurrent-mark-sweep perm gen total 16384K, used 7470K [0xb02b0000, 0xb12b0000, 0xb42b0000)
}
Total time for which application threads were stopped: 0.1799960 seconds
Application time: 0.0196530 seconds
98.647: [GC [1 CMS-initial-mark: 1535K(49152K)] 1798K(63936K), 0.0003330 secs] [Times: user=0.00 sys=0.00, real=0.00 secs] 
Total time for which application threads were stopped: 0.0005200 seconds
98.648: [CMS-concurrent-mark-start]
Application time: 0.0094890 seconds
{Heap before GC invocations=39 (full 59):
 def new generation   total 14784K, used 263K [0x902b0000, 0x912b0000, 0x912b0000)
  eden space 13184K,   2% used [0x902b0000, 0x902f1ec0, 0x90f90000)
  from space 1600K,   0% used [0x90f90000, 0x90f90000, 0x91120000)
  to   space 1600K,   0% used [0x91120000, 0x91120000, 0x912b0000)
 concurrent mark-sweep generation total 49152K, used 1535K [0x912b0000, 0x942b0000, 0xb02b0000)
 concurrent-mark-sweep perm gen total 16384K, used 7470K [0xb02b0000, 0xb12b0000, 0xb42b0000)
98.667: [Full GC (System) 98.667: [CMS98.739: [CMS-concurrent-mark: 0.072/0.092 secs] [Times: user=0.06 sys=0.00, real=0.09 secs] 
 (concurrent mode interrupted): 1535K->1532K(49152K), 0.2221220 secs] 1798K->1532K(63936K), [CMS Perm : 7470K->7470K(16384K)], 0.2222150 secs] [Times: user=0.15 sys=0.00, real=0.23 secs] 
Heap after GC invocations=40 (full 60):
 def new generation   total 14784K, used 0K [0x902b0000, 0x912b0000, 0x912b0000)
  eden space 13184K,   0% used [0x902b0000, 0x902b0000, 0x90f90000)
  from space 1600K,   0% used [0x90f90000, 0x90f90000, 0x91120000)
  to   space 1600K,   0% used [0x91120000, 0x91120000, 0x912b0000)
 concurrent mark-sweep generation total 49152K, used 1532K [0x912b0000, 0x942b0000, 0xb02b0000)
 concurrent-mark-sweep perm gen total 16384K, used 7470K [0xb02b0000, 0xb12b0000, 0xb42b0000)
}
Total time for which application threads were stopped: 0.2319830 seconds
Application time: 6.5149920 seconds
Total time for which application threads were stopped: 0.0001410 seconds
Application time: 0.0001610 seconds
Total time for which application threads were stopped: 0.0000460 seconds
Application time: 0.0000470 seconds
Total time for which application threads were stopped: 0.0000420 seconds
Application time: 5.9609470 seconds
Total time for which application threads were stopped: 0.0001610 seconds
Application time: 0.0005740 seconds
Total time for which application threads were stopped: 0.0000800 seconds
Application time: 0.0001070 seconds
Total time for which application threads were stopped: 0.0000710 seconds
Application time: 0.0006200 seconds
Total time for which application threads were stopped: 0.0000780 seconds
Application time: 0.0000640 seconds
Total time for which application threads were stopped: 0.0000690 seconds
Application time: 0.0000980 seconds
Total time for which application threads were stopped: 0.0001250 seconds
Application time: 2.1116450 seconds
Total time for which application threads were stopped: 0.0001360 seconds
Application time: 0.0037700 seconds
Total time for which application threads were stopped: 0.0000940 seconds
Application time: 0.0000670 seconds
Total time for which application threads were stopped: 0.0000690 seconds
Application time: 0.0084340 seconds
Total time for which application threads were stopped: 0.0007940 seconds
Application time: 0.0004250 seconds
Total time for which application threads were stopped: 0.0000760 seconds
Application time: 0.0001180 seconds
Total time for which application threads were stopped: 0.0000670 seconds
Application time: 0.0000630 seconds
Total time for which application threads were stopped: 0.0002230 seconds
Application time: 0.0020270 seconds
Total time for which application threads were stopped: 0.0000860 seconds
Application time: 0.0015230 seconds
Total time for which application threads were stopped: 0.0006270 seconds
Application time: 0.0003560 seconds
Total time for which application threads were stopped: 0.0001160 seconds
Application time: 0.0000980 seconds
Total time for which application threads were stopped: 0.0000660 seconds
Application time: 0.0000640 seconds
Total time for which application threads were stopped: 0.0000650 seconds
Application time: 0.0002610 seconds
Total time for which application threads were stopped: 0.0000690 seconds
Application time: 0.0084440 seconds
113.508: [GC [1 CMS-initial-mark: 1532K(49152K)] 3629K(63936K), 0.0005270 secs] [Times: user=0.00 sys=0.00, real=0.01 secs] 
Total time for which application threads were stopped: 0.0007370 seconds
113.508: [CMS-concurrent-mark-start]
113.533: [CMS-concurrent-mark: 0.025/0.025 secs] [Times: user=0.02 sys=0.00, real=0.02 secs] 
113.533: [CMS-concurrent-preclean-start]
113.535: [CMS-concurrent-preclean: 0.001/0.001 secs] [Times: user=0.00 sys=0.00, real=0.00 secs] 
113.535: [CMS-concurrent-abortable-preclean-start]
113.535: [CMS-concurrent-abortable-preclean: 0.000/0.000 secs] [Times: user=0.00 sys=0.00, real=0.00 secs] 
Application time: 0.0266790 seconds
113.535: [GC[YG occupancy: 2096 K (14784 K)]113.535: [Rescan (non-parallel) 113.535: [grey object rescan, 0.0001200 secs]113.535: [root rescan, 0.0004420 secs], 0.0006020 secs]113.536: [weak refs processing, 0.0000210 secs] [1 CMS-remark: 1532K(49152K)] 3629K(63936K), 0.0006970 secs] [Times: user=0.00 sys=0.00, real=0.00 secs] 
Total time for which application threads were stopped: 0.0008650 seconds
Application time: 0.0001580 seconds
Total time for which application threads were stopped: 0.0000960 seconds
Application time: 0.0003070 seconds
Total time for which application threads were stopped: 0.0000630 seconds
113.537: [CMS-concurrent-sweep-start]
113.538: [CMS-concurrent-sweep: 0.001/0.001 secs] [Times: user=0.00 sys=0.00, real=0.01 secs] 
113.538: [CMS-concurrent-reset-start]
113.546: [CMS-concurrent-reset: 0.008/0.008 secs] [Times: user=0.00 sys=0.00, real=0.00 secs] 
Heap
 def new generation   total 14784K, used 2360K [0x902b0000, 0x912b0000, 0x912b0000)
  eden space 13184K,  17% used [0x902b0000, 0x904fe160, 0x90f90000)
  from space 1600K,   0% used [0x90f90000, 0x90f90000, 0x91120000)
  to   space 1600K,   0% used [0x91120000, 0x91120000, 0x912b0000)
 concurrent mark-sweep generation total 49152K, used 1494K [0x912b0000, 0x942b0000, 0xb02b0000)
 concurrent-mark-sweep perm gen total 16384K, used 7497K [0xb02b0000, 0xb12b0000, 0xb42b0000)
Application time: 0.0100490 seconds
