Application time: 0.7977030 seconds
Total time for which application threads were stopped: 0.0002560 seconds
Application time: 0.2288220 seconds
Total time for which application threads were stopped: 0.0001290 seconds
Application time: 0.6053230 seconds
{Heap before GC invocations=0 (full 0):
 def new generation   total 14784K, used 13184K [0xa9fc0000, 0xaafc0000, 0xaafc0000)
  eden space 13184K, 100% used [0xa9fc0000, 0xaaca0000, 0xaaca0000)
  from space 1600K,   0% used [0xaaca0000, 0xaaca0000, 0xaae30000)
  to   space 1600K,   0% used [0xaae30000, 0xaae30000, 0xaafc0000)
 concurrent mark-sweep generation total 49152K, used 0K [0xaafc0000, 0xadfc0000, 0xaffc0000)
 concurrent-mark-sweep perm gen total 16384K, used 7949K [0xaffc0000, 0xb0fc0000, 0xb3fc0000)
1.924: [GC 1.924: [DefNew
Desired survivor size 819200 bytes, new threshold 1 (max 4)
- age   1:    1039648 bytes,    1039648 total
: 13184K->1015K(14784K), 0.0137920 secs] 13184K->1015K(63936K), 0.0138840 secs] [Times: user=0.01 sys=0.00, real=0.01 secs] 
Heap after GC invocations=1 (full 0):
 def new generation   total 14784K, used 1015K [0xa9fc0000, 0xaafc0000, 0xaafc0000)
  eden space 13184K,   0% used [0xa9fc0000, 0xa9fc0000, 0xaaca0000)
  from space 1600K,  63% used [0xaae30000, 0xaaf2dd20, 0xaafc0000)
  to   space 1600K,   0% used [0xaaca0000, 0xaaca0000, 0xaae30000)
 concurrent mark-sweep generation total 49152K, used 0K [0xaafc0000, 0xadfc0000, 0xaffc0000)
 concurrent-mark-sweep perm gen total 16384K, used 7949K [0xaffc0000, 0xb0fc0000, 0xb3fc0000)
}
Total time for which application threads were stopped: 0.0142780 seconds
Application time: 0.4787760 seconds
2.417: [GC [1 CMS-initial-mark: 0K(49152K)] 6950K(63936K), 0.0062870 secs] [Times: user=0.00 sys=0.01, real=0.01 secs] 
Total time for which application threads were stopped: 0.0067190 seconds
2.424: [CMS-concurrent-mark-start]
2.444: [CMS-concurrent-mark: 0.021/0.021 secs] [Times: user=0.02 sys=0.00, real=0.02 secs] 
2.444: [CMS-concurrent-preclean-start]
2.450: [CMS-concurrent-preclean: 0.005/0.006 secs] [Times: user=0.00 sys=0.01, real=0.01 secs] 
2.450: [CMS-concurrent-abortable-preclean-start]
Application time: 2.7462690 seconds
Total time for which application threads were stopped: 0.0028900 seconds
Application time: 20.7696760 seconds
Total time for which application threads were stopped: 0.0068400 seconds
Application time: 0.0006340 seconds
Total time for which application threads were stopped: 0.0001400 seconds
Application time: 0.0000770 seconds
Total time for which application threads were stopped: 0.0001760 seconds
Application time: 0.0000840 seconds
Total time for which application threads were stopped: 0.0001610 seconds
Application time: 0.0507430 seconds
Total time for which application threads were stopped: 0.0001400 seconds
Application time: 0.0000670 seconds
Total time for which application threads were stopped: 0.0000930 seconds
Application time: 0.0005780 seconds
Total time for which application threads were stopped: 0.0001450 seconds
Application time: 0.0000950 seconds
Total time for which application threads were stopped: 0.0001030 seconds
Application time: 0.0581320 seconds
Total time for which application threads were stopped: 0.0001390 seconds
Application time: 0.0794590 seconds
Total time for which application threads were stopped: 0.0001880 seconds
Application time: 0.0000680 seconds
Total time for which application threads were stopped: 0.0000760 seconds
Application time: 0.0001340 seconds
Total time for which application threads were stopped: 0.0000830 seconds
Application time: 0.0000950 seconds
Total time for which application threads were stopped: 0.0000750 seconds
Application time: 0.1823450 seconds
Total time for which application threads were stopped: 0.0000890 seconds
Application time: 0.5573020 seconds
Total time for which application threads were stopped: 0.0001680 seconds
Application time: 9.2796690 seconds
Total time for which application threads were stopped: 0.0002280 seconds
Application time: 0.0189720 seconds
Total time for which application threads were stopped: 0.0000880 seconds
Application time: 0.4609550 seconds
Total time for which application threads were stopped: 2.0604400 seconds
Application time: 0.0090950 seconds
Total time for which application threads were stopped: 1.0206220 seconds
Application time: 0.1091580 seconds
Total time for which application threads were stopped: 0.0000890 seconds
Application time: 0.8885020 seconds
Total time for which application threads were stopped: 0.0002230 seconds
Application time: 0.0027270 seconds
Total time for which application threads were stopped: 0.0000760 seconds
Application time: 0.0013640 seconds
Total time for which application threads were stopped: 0.0000680 seconds
Application time: 0.0000360 seconds
Total time for which application threads were stopped: 0.0000450 seconds
Application time: 0.0001210 seconds
Total time for which application threads were stopped: 0.0000490 seconds
Application time: 0.2478850 seconds
Total time for which application threads were stopped: 0.0001520 seconds
Application time: 0.0017970 seconds
Total time for which application threads were stopped: 0.0001170 seconds
Application time: 0.0347990 seconds
Total time for which application threads were stopped: 0.0001170 seconds
Application time: 0.0001040 seconds
Total time for which application threads were stopped: 0.0000890 seconds
Application time: 0.0004770 seconds
Total time for which application threads were stopped: 0.0000480 seconds
Application time: 0.0001080 seconds
Total time for which application threads were stopped: 0.0000440 seconds
Application time: 0.0231590 seconds
Total time for which application threads were stopped: 0.0000860 seconds
Application time: 0.0000350 seconds
Total time for which application threads were stopped: 0.0000880 seconds
Application time: 0.0000660 seconds
Total time for which application threads were stopped: 0.0000440 seconds
Application time: 0.0219070 seconds
Total time for which application threads were stopped: 0.0001930 seconds
Application time: 0.0034170 seconds
Total time for which application threads were stopped: 0.0005070 seconds
Application time: 0.0329030 seconds
Total time for which application threads were stopped: 0.0004710 seconds
Application time: 0.0011050 seconds
Total time for which application threads were stopped: 0.0000880 seconds
Application time: 0.0001110 seconds
Total time for which application threads were stopped: 0.0000720 seconds
Application time: 0.0000940 seconds
Total time for which application threads were stopped: 0.0000710 seconds
Application time: 0.0000910 seconds
Total time for which application threads were stopped: 0.0000710 seconds
Application time: 0.0009190 seconds
Total time for which application threads were stopped: 0.0000800 seconds
Application time: 0.0011420 seconds
Total time for which application threads were stopped: 0.0000800 seconds
Application time: 0.0033170 seconds
Total time for which application threads were stopped: 0.0000930 seconds
 CMS: abort preclean due to time 41.135: [CMS-concurrent-abortable-preclean: 0.021/38.685 secs] [Times: user=0.09 sys=0.51, real=38.67 secs] 
Application time: 0.0247310 seconds
41.135: [GC[YG occupancy: 11819 K (14784 K)]41.135: [Rescan (non-parallel) 41.135: [grey object rescan, 0.0001190 secs]41.136: [root rescan, 0.0088490 secs], 0.0090760 secs]41.144: [weak refs processing, 0.0000890 secs] [1 CMS-remark: 0K(49152K)] 11819K(63936K), 0.0093140 secs] [Times: user=0.01 sys=0.00, real=0.01 secs] 
Total time for which application threads were stopped: 0.0094760 seconds
41.145: [CMS-concurrent-sweep-start]
41.145: [CMS-concurrent-sweep: 0.000/0.000 secs] [Times: user=0.00 sys=0.00, real=0.00 secs] 
41.145: [CMS-concurrent-reset-start]
41.153: [CMS-concurrent-reset: 0.008/0.008 secs] [Times: user=0.00 sys=0.01, real=0.01 secs] 
Heap
 def new generation   total 14784K, used 11819K [0xa9fc0000, 0xaafc0000, 0xaafc0000)
  eden space 13184K,  81% used [0xa9fc0000, 0xaaa4d130, 0xaaca0000)
  from space 1600K,  63% used [0xaae30000, 0xaaf2dd20, 0xaafc0000)
  to   space 1600K,   0% used [0xaaca0000, 0xaaca0000, 0xaae30000)
 concurrent mark-sweep generation total 49152K, used 0K [0xaafc0000, 0xadfc0000, 0xaffc0000)
 concurrent-mark-sweep perm gen total 16716K, used 10029K [0xaffc0000, 0xb1013000, 0xb3fc0000)
Application time: 0.0085330 seconds
