1 - Running acsexmplFridgeOpenClose.sh
1 - Welcome to acsexmplClientFridgeCmd!
1 - ----------T--:--:--.--- [GlobalLogger - ] Logging proxy successfully created.
1 - ----------T--:--:--.--- [GlobalLogger - ] OPEN
1 - ----------T--:--:--.--- [GlobalLogger - ] Releasing...
1 - Welcome to acsexmplClientFridgeCmd!
1 - ----------T--:--:--.--- [GlobalLogger - ] Logging proxy successfully created.
1 - ----------T--:--:--.--- [GlobalLogger - ] CLOSE
1 - ----------T--:--:--.--- [GlobalLogger - ] Releasing...
1 - All done!
