1 - 
1 - ----------T--:--:----- FINER [almaacslogging] Changed processName='null' to 'almaalarmsystemsourcetestFactoryTest' and updated logger names
1 - ----------T--:--:----- FINE [almaalarmsystemsourcetestFactoryTest] calling orbresolve_initial_references
1 - ----------T--:--:----- FINE [almaalarmsystemsourcetestFactoryTest] POA activated
1 - ----------T--:--:----- FINE [almaalarmsystemsourcetestFactoryTest] manager reference not yet available in method loginToManager; will try to find the manager first
1 - ----------T--:--:----- FINE [almaalarmsystemsourcetestFactoryTest] Manager login done ...
1 - ----------T--:--:----- DEBUG [almaalarmsystemsourcetestFactoryTest_2] Alarm system type: ACS
1 - ----------T--:--:----- FINE [almaalarmsystemsourcetestFactoryTest] ready to talk with components!
1 - ----------T--:--:----- FINE [almaalarmsystemsourcetestFactoryTest] will disconnect ACS stuff
1 - ----------T--:--:----- DEBUG [almaalarmsystemsourcetestFactoryTest_2] AlarmSourceFactory closed
1 - ----------T--:--:----- FINE [almaalarmsystemsourcetestFactoryTest] about to log out from manager
1 - ----------T--:--:----- FINE [almaalarmsystemsourcetestFactoryTest] logged out from manager
1 - ----------T--:--:----- FINER [almaacslogging] Changed processName='null' to 'almaalarmsystemsourcetestFactoryTest' and updated logger names
1 - ----------T--:--:----- FINE [almaalarmsystemsourcetestFactoryTest] calling orbresolve_initial_references
1 - ----------T--:--:----- FINE [almaalarmsystemsourcetestFactoryTest] POA activated
1 - ----------T--:--:----- FINE [almaalarmsystemsourcetestFactoryTest] manager reference not yet available in method loginToManager; will try to find the manager first
1 - ----------T--:--:----- FINE [almaalarmsystemsourcetestFactoryTest] Manager login done ...
1 - ----------T--:--:----- DEBUG [almaalarmsystemsourcetestFactoryTest_2] Alarm system type: ACS
1 - ----------T--:--:----- FINE [almaalarmsystemsourcetestFactoryTest] ready to talk with components!
1 - ----------T--:--:----- DEBUG [almaalarmsystemsourcetestFactoryTest_2] AlarmSourceFactory closed
1 - ----------T--:--:----- FINE [almaalarmsystemsourcetestFactoryTest] will disconnect ACS stuff
1 - ----------T--:--:----- FINE [almaalarmsystemsourcetestFactoryTest] about to log out from manager
1 - ----------T--:--:----- FINE [almaalarmsystemsourcetestFactoryTest] call to getManager() fails while shutting down
1 - ----------T--:--:----- FINE [almaalarmsystemsourcetestFactoryTest] logged out from manager
1 - ----------T--:--:----- WARNING [almaalarmsystemsourcetestFactoryTest] ACS central logging not available!
1 - suppressRemoteLogging called
1 - ----------T--:--:----- FINER [almaacslogging] Changed processName='null' to 'almaalarmsystemsourcetestFactoryTest' and updated logger names
1 - ----------T--:--:----- FINE [almaalarmsystemsourcetestFactoryTest] calling orbresolve_initial_references
1 - ----------T--:--:----- FINE [almaalarmsystemsourcetestFactoryTest] POA activated
1 - ----------T--:--:----- FINE [almaalarmsystemsourcetestFactoryTest] manager reference not yet available in method loginToManager; will try to find the manager first
1 - ----------T--:--:----- FINE [almaalarmsystemsourcetestFactoryTest] Manager login done ...
1 - ----------T--:--:----- DEBUG [almaalarmsystemsourcetestFactoryTest_2] Alarm system type: CERN
1 - ----------T--:--:----- DEBUG [almaalarmsystemsourcetestFactoryTest_2] cmw-mom/acs-jms initialized
1 - ----------T--:--:----- FINE [almaalarmsystemsourcetestFactoryTest] ready to talk with components!
1 - ----------T--:--:----- DEBUG [almaalarmsystemsourcetestFactoryTest_2] AlarmSourceFactory closed
1 - ----------T--:--:----- FINE [almaalarmsystemsourcetestFactoryTest] about to log out from manager
1 - ----------T--:--:----- FINE [almaalarmsystemsourcetestFactoryTest] will disconnect ACS stuff
1 - ----------T--:--:----- FINE [almaalarmsystemsourcetestFactoryTest] call to getManager() fails while shutting down
1 - ----------T--:--:----- FINE [almaalarmsystemsourcetestFactoryTest] logged out from manager
1 - ----------T--:--:----- WARNING [almaalarmsystemsourcetestFactoryTest] ACS central logging not available!
1 - suppressRemoteLogging called
1 - ----------T--:--:----- FINER [almaacslogging] Changed processName='null' to 'almaalarmsystemsourcetestFactoryTest' and updated logger names
1 - ----------T--:--:----- FINE [almaalarmsystemsourcetestFactoryTest] calling orbresolve_initial_references
1 - ----------T--:--:----- FINE [almaalarmsystemsourcetestFactoryTest] POA activated
1 - ----------T--:--:----- FINE [almaalarmsystemsourcetestFactoryTest] manager reference not yet available in method loginToManager; will try to find the manager first
1 - ----------T--:--:----- FINE [almaalarmsystemsourcetestFactoryTest] Manager login done ...
1 - ----------T--:--:----- DEBUG [almaalarmsystemsourcetestFactoryTest_2] Alarm system type: ACS
1 - ----------T--:--:----- FINE [almaalarmsystemsourcetestFactoryTest] ready to talk with components!
1 - ----------T--:--:----- DEBUG [almaalarmsystemsourcetestFactoryTest_2] AlarmSourceFactory closed
1 - ----------T--:--:----- FINE [almaalarmsystemsourcetestFactoryTest] about to log out from manager
1 - ----------T--:--:----- FINE [almaalarmsystemsourcetestFactoryTest] will disconnect ACS stuff
1 - ----------T--:--:----- FINE [almaalarmsystemsourcetestFactoryTest] call to getManager() fails while shutting down
1 - ----------T--:--:----- FINE [almaalarmsystemsourcetestFactoryTest] logged out from manager
1 - ----------T--:--:----- WARNING [almaalarmsystemsourcetestFactoryTest] ACS central logging not available!
1 - suppressRemoteLogging called
1 - ----------T--:--:----- FINER [almaacslogging] Changed processName='null' to 'almaalarmsystemsourcetestFactoryTest' and updated logger names
1 - ----------T--:--:----- FINE [almaalarmsystemsourcetestFactoryTest] calling orbresolve_initial_references
1 - ----------T--:--:----- FINE [almaalarmsystemsourcetestFactoryTest] POA activated
1 - ----------T--:--:----- FINE [almaalarmsystemsourcetestFactoryTest] manager reference not yet available in method loginToManager; will try to find the manager first
1 - ----------T--:--:----- FINE [almaalarmsystemsourcetestFactoryTest] Manager login done ...
1 - ----------T--:--:----- DEBUG [almaalarmsystemsourcetestFactoryTest_2] Alarm system type: ACS
1 - ----------T--:--:----- FINE [almaalarmsystemsourcetestFactoryTest] ready to talk with components!
1 - ----------T--:--:----- FINE [almaalarmsystemsourcetestFactoryTest] will disconnect ACS stuff
1 - ----------T--:--:----- DEBUG [almaalarmsystemsourcetestFactoryTest_2] AlarmSourceFactory closed
1 - ----------T--:--:----- FINE [almaalarmsystemsourcetestFactoryTest] about to log out from manager
1 - ----------T--:--:----- FINE [almaalarmsystemsourcetestFactoryTest] logged out from manager
1 - ----------T--:--:----- FINE [almaalarmsystemsourcetestFactoryTest] call to getManager() fails while shutting down
1 - ----------T--:--:----- WARNING [almaalarmsystemsourcetestFactoryTest] ACS central logging not available!
1 - suppressRemoteLogging called
1 - ----------T--:--:----- FINER [almaacslogging] Changed processName='null' to 'almaalarmsystemsourcetestFactoryTest' and updated logger names
1 - ----------T--:--:----- FINE [almaalarmsystemsourcetestFactoryTest] calling orbresolve_initial_references
1 - ----------T--:--:----- FINE [almaalarmsystemsourcetestFactoryTest] POA activated
1 - ----------T--:--:----- FINE [almaalarmsystemsourcetestFactoryTest] manager reference not yet available in method loginToManager; will try to find the manager first
1 - ----------T--:--:----- FINE [almaalarmsystemsourcetestFactoryTest] Manager login done ...
1 - ----------T--:--:----- DEBUG [almaalarmsystemsourcetestFactoryTest_2] Alarm system type: ACS
1 - ----------T--:--:----- FINE [almaalarmsystemsourcetestFactoryTest] ready to talk with components!
1 - ----------T--:--:----- FINE [almaalarmsystemsourcetestFactoryTest_2] Alarm source of SourceName connected to the logging
1 - ----------T--:--:----- DEBUG [almaalarmsystemsourcetestFactoryTest_2] AlarmSourceFactory closed
1 - ----------T--:--:----- FINE [almaalarmsystemsourcetestFactoryTest] will disconnect ACS stuff
1 - ----------T--:--:----- FINE [almaalarmsystemsourcetestFactoryTest] about to log out from manager
1 - ----------T--:--:----- FINE [almaalarmsystemsourcetestFactoryTest] logged out from manager
1 - Will abort ClientLogManager#initRemoteLogging because remote logging seems no longer needed
1 - ----------T--:--:----- WARNING [almaalarmsystemsourcetestFactoryTest] ACS central logging not available!
1 - suppressRemoteLogging called
1 - 
1 - 
1 - OK (6 tests)
1 - 
