1 - ----------T--:--:--.--- [GlobalLogger - main] =============== 1 - Creating thread passing just thread name
1 - ----------T--:--:--.--- Local file logger: Cache saved to '----''.
1 - ----------T--:--:--.--- [TestThreadA - ACS::ThreadBase::ThreadBase] 
1 - ----------T--:--:--.--- [TestThreadA - ACS::ThreadBase::suspend] 
1 - ----------T--:--:--.--- [TestThreadA - ACS::Thread::Thread] 
1 - ----------T--:--:--.--- [GlobalLogger - ACS::ThreadManagerBase::add] 
1 - ----------T--:--:--.--- [ThrMgrLogger - ACS::ThreadBase::create] 
1 - ----------T--:--:--.--- [ThrMgrLogger - TestACSThread::TestACSThread] 
1 - ----------T--:--:--.--- [ThrMgrLogger - ACS::ThreadBase::resume] 
1 - ----------T--:--:--.--- Local file logger: Cache saved to '----''.
1 - ----------T--:--:--.--- [ThrMgrLogger - ACS::Thread::commonStart] 
1 - ----------T--:--:--.--- [ThrMgrLogger - ACS::Thread::run] 
1 - ----------T--:--:--.--- [ThrMgrLogger - TestACSThread::runLoop] TestThreadA: runLoop (0)
1 - ----------T--:--:--.--- [ThrMgrLogger - TestACSThread::runLoop] TestThreadA: runLoop (1)
1 - ----------T--:--:--.--- [ThrMgrLogger - TestACSThread::runLoop] TestThreadA: runLoop (2)
1 - ----------T--:--:--.--- [ThrMgrLogger - TestACSThread::runLoop] TestThreadA: runLoop (3)
1 - ----------T--:--:--.--- [ThrMgrLogger - TestACSThread::runLoop] TestThreadA: runLoop (4)
1 - ----------T--:--:--.--- [ThrMgrLogger - TestACSThread::runLoop] TestThreadA: runLoop (5)
1 - ----------T--:--:--.--- [ThrMgrLogger - TestACSThread::runLoop] TestThreadA: runLoop (6)
1 - ----------T--:--:--.--- [ThrMgrLogger - TestACSThread::runLoop] TestThreadA: runLoop (7)
1 - ----------T--:--:--.--- [ThrMgrLogger - TestACSThread::runLoop] TestThreadA: runLoop (8)
1 - ----------T--:--:--.--- [ThrMgrLogger - TestACSThread::runLoop] TestThreadA: runLoop (9)
1 - ----------T--:--:--.--- [ThrMgrLogger - TestACSThread::runLoop] TestThreadA: runLoop (10)
1 - ----------T--:--:--.--- [ThrMgrLogger - ACS::Thread::commonStop] 
1 - ----------T--:--:--.--- [GlobalLogger - main] Requesting ThreadManager to destroy thread
1 - ----------T--:--:--.--- [ThrMgrLogger - TestACSThread::~TestACSThread] 
1 - ----------T--:--:--.--- [ThrMgrLogger - ACS::ThreadBase::terminate] 
1 - ----------T--:--:--.--- [ThrMgrLogger - ACS::Thread::~Thread] 
1 - ----------T--:--:--.--- [ThrMgrLogger - ACS::ThreadBase::terminate] 
1 - ----------T--:--:--.--- [ThrMgrLogger - ACS::ThreadBase::~ThreadBase] 
1 - ----------T--:--:--.--- [ThrMgrLogger - ACS::ThreadBase::terminate] 
1 - ----------T--:--:--.--- [GlobalLogger - main] =============== 2 - Creating thread initially suspended
1 - ----------T--:--:--.--- [TestThreadB - ACS::ThreadBase::ThreadBase] 
1 - ----------T--:--:--.--- [TestThreadB - ACS::ThreadBase::suspend] 
1 - ----------T--:--:--.--- [TestThreadB - ACS::Thread::Thread] 
1 - ----------T--:--:--.--- [GlobalLogger - ACS::ThreadManagerBase::add] 
1 - ----------T--:--:--.--- [ThrMgrLogger - ACS::ThreadBase::create] 
1 - ----------T--:--:--.--- [ThrMgrLogger - TestACSThread::TestACSThread] 
1 - ----------T--:--:--.--- [ThrMgrLogger - ACS::ThreadBase::resume] 
1 - ----------T--:--:--.--- Local file logger: Cache saved to '----''.
1 - ----------T--:--:--.--- [ThrMgrLogger - ACS::Thread::commonStart] 
1 - ----------T--:--:--.--- [ThrMgrLogger - ACS::Thread::run] 
1 - ----------T--:--:--.--- [ThrMgrLogger - TestACSThread::runLoop] TestThreadB: runLoop (0)
1 - ----------T--:--:--.--- [ThrMgrLogger - TestACSThread::runLoop] TestThreadB: runLoop (1)
1 - ----------T--:--:--.--- [ThrMgrLogger - TestACSThread::runLoop] TestThreadB: runLoop (2)
1 - ----------T--:--:--.--- [ThrMgrLogger - TestACSThread::runLoop] TestThreadB: runLoop (3)
1 - ----------T--:--:--.--- [ThrMgrLogger - TestACSThread::runLoop] TestThreadB: runLoop (4)
1 - ----------T--:--:--.--- [ThrMgrLogger - TestACSThread::runLoop] TestThreadB: runLoop (5)
1 - ----------T--:--:--.--- [ThrMgrLogger - TestACSThread::runLoop] TestThreadB: runLoop (6)
1 - ----------T--:--:--.--- [ThrMgrLogger - TestACSThread::runLoop] TestThreadB: runLoop (7)
1 - ----------T--:--:--.--- [ThrMgrLogger - TestACSThread::runLoop] TestThreadB: runLoop (8)
1 - ----------T--:--:--.--- [ThrMgrLogger - TestACSThread::runLoop] TestThreadB: runLoop (9)
1 - ----------T--:--:--.--- [ThrMgrLogger - TestACSThread::runLoop] TestThreadB: runLoop (10)
1 - ----------T--:--:--.--- [ThrMgrLogger - ACS::Thread::commonStop] 
1 - ----------T--:--:--.--- [GlobalLogger - main] Deleting thread
1 - ----------T--:--:--.--- [ThrMgrLogger - TestACSThread::~TestACSThread] 
1 - ----------T--:--:--.--- [ThrMgrLogger - ACS::ThreadBase::terminate] 
1 - ----------T--:--:--.--- [ThrMgrLogger - ACS::Thread::~Thread] 
1 - ----------T--:--:--.--- [ThrMgrLogger - ACS::ThreadBase::terminate] 
1 - ----------T--:--:--.--- [ThrMgrLogger - ACS::ThreadBase::~ThreadBase] 
1 - ----------T--:--:--.--- [ThrMgrLogger - ACS::ThreadBase::terminate] 
1 - ----------T--:--:--.--- [GlobalLogger - main] =============== 3 - Creating thread, suspend and resume a few times
1 - ----------T--:--:--.--- [TestThreadC - ACS::ThreadBase::ThreadBase] 
1 - ----------T--:--:--.--- [TestThreadC - ACS::ThreadBase::suspend] 
1 - ----------T--:--:--.--- [TestThreadC - ACS::Thread::Thread] 
1 - ----------T--:--:--.--- [GlobalLogger - ACS::ThreadManagerBase::add] 
1 - ----------T--:--:--.--- [ThrMgrLogger - ACS::ThreadBase::create] 
1 - ----------T--:--:--.--- [ThrMgrLogger - TestACSThread::TestACSThread] 
1 - ----------T--:--:--.--- [ThrMgrLogger - ACS::ThreadBase::resume] 
1 - ----------T--:--:--.--- Local file logger: Cache saved to '----''.
1 - ----------T--:--:--.--- [ThrMgrLogger - ACS::Thread::commonStart] 
1 - ----------T--:--:--.--- [ThrMgrLogger - ACS::Thread::run] 
1 - ----------T--:--:--.--- [ThrMgrLogger - TestACSThread::runLoop] TestThreadC: runLoop (0)
1 - ----------T--:--:--.--- [ThrMgrLogger - ACS::ThreadBase::suspend] 
1 - ----------T--:--:--.--- [ThrMgrLogger - ACS::ThreadBase::resume] 
1 - ----------T--:--:--.--- [ThrMgrLogger - TestACSThread::runLoop] TestThreadC: runLoop (1)
1 - ----------T--:--:--.--- [ThrMgrLogger - TestACSThread::runLoop] TestThreadC: runLoop (2)
1 - ----------T--:--:--.--- [ThrMgrLogger - TestACSThread::runLoop] TestThreadC: runLoop (3)
1 - ----------T--:--:--.--- [ThrMgrLogger - TestACSThread::runLoop] TestThreadC: runLoop (4)
1 - ----------T--:--:--.--- [ThrMgrLogger - ACS::ThreadBase::suspend] 
1 - ----------T--:--:--.--- [ThrMgrLogger - ACS::ThreadBase::resume] 
1 - ----------T--:--:--.--- [ThrMgrLogger - TestACSThread::runLoop] TestThreadC: runLoop (5)
1 - ----------T--:--:--.--- [ThrMgrLogger - TestACSThread::runLoop] TestThreadC: runLoop (6)
1 - ----------T--:--:--.--- [ThrMgrLogger - TestACSThread::runLoop] TestThreadC: runLoop (7)
1 - ----------T--:--:--.--- [ThrMgrLogger - TestACSThread::runLoop] TestThreadC: runLoop (8)
1 - ----------T--:--:--.--- [GlobalLogger - main] Deleting thread
1 - ----------T--:--:--.--- [ThrMgrLogger - TestACSThread::~TestACSThread] 
1 - ----------T--:--:--.--- [ThrMgrLogger - ACS::ThreadBase::terminate] 
1 - ----------T--:--:--.--- [ThrMgrLogger - ThreadBase::stop] Thread TestThreadC
1 - ----------T--:--:--.--- [ThrMgrLogger - ACS::ThreadBase::cancel] 
1 - ----------T--:--:--.--- [ThrMgrLogger - ACS::Thread::commonStop] 
1 - ----------T--:--:--.--- [GlobalLogger - ThreadBase::cancel] Thread stopped:TestThreadC
1 - ----------T--:--:--.--- [ThrMgrLogger - ACS::Thread::~Thread] 
1 - ----------T--:--:--.--- [ThrMgrLogger - ACS::ThreadBase::terminate] 
1 - ----------T--:--:--.--- [ThrMgrLogger - ACS::ThreadBase::~ThreadBase] 
1 - ----------T--:--:--.--- [ThrMgrLogger - ACS::ThreadBase::terminate] 
1 - ----------T--:--:--.--- [GlobalLogger - main] =============== 4 - Creating thread that is never woken-up
1 - ----------T--:--:--.--- [SuspendForEver - ACS::ThreadBase::ThreadBase] 
1 - ----------T--:--:--.--- [SuspendForEver - ACS::ThreadBase::suspend] 
1 - ----------T--:--:--.--- [SuspendForEver - ACS::Thread::Thread] 
1 - ----------T--:--:--.--- [GlobalLogger - ACS::ThreadManagerBase::add] 
1 - ----------T--:--:--.--- [ThrMgrLogger - ACS::ThreadBase::create] 
1 - ----------T--:--:--.--- [ThrMgrLogger - TestACSThread::TestACSThread] 
1 - ----------T--:--:--.--- [GlobalLogger - main] Deleting thread
1 - ----------T--:--:--.--- [ThrMgrLogger - TestACSThread::~TestACSThread] 
1 - ----------T--:--:--.--- [ThrMgrLogger - ACS::ThreadBase::terminate] 
1 - ----------T--:--:--.--- [ThrMgrLogger - ThreadBase::stop] Thread SuspendForEver
1 - ----------T--:--:--.--- [GlobalLogger - ThreadBase::stop] Thread stopped:SuspendForEver
1 - ----------T--:--:--.--- [ThrMgrLogger - ACS::Thread::~Thread] 
1 - ----------T--:--:--.--- [ThrMgrLogger - ACS::ThreadBase::terminate] 
1 - ----------T--:--:--.--- [ThrMgrLogger - ACS::ThreadBase::~ThreadBase] 
1 - ----------T--:--:--.--- [ThrMgrLogger - ACS::ThreadBase::terminate] 
1 - ----------T--:--:--.--- [GlobalLogger - main] =============== 5 - Creating thread with long period and stop() it
1 - ----------T--:--:--.--- [TestThreadC - ACS::ThreadBase::ThreadBase] 
1 - ----------T--:--:--.--- [TestThreadC - ACS::ThreadBase::suspend] 
1 - ----------T--:--:--.--- [TestThreadC - ACS::Thread::Thread] 
1 - ----------T--:--:--.--- [GlobalLogger - ACS::ThreadManagerBase::add] 
1 - ----------T--:--:--.--- [ThrMgrLogger - ACS::ThreadBase::create] 
1 - ----------T--:--:--.--- [ThrMgrLogger - TestACSThread::TestACSThread] 
1 - ----------T--:--:--.--- [ThrMgrLogger - ACS::ThreadBase::resume] 
1 - ----------T--:--:--.--- Local file logger: Cache saved to '----''.
1 - ----------T--:--:--.--- [ThrMgrLogger - ACS::Thread::commonStart] 
1 - ----------T--:--:--.--- [ThrMgrLogger - ACS::Thread::run] 
1 - ----------T--:--:--.--- [ThrMgrLogger - TestACSThread::runLoop] TestThreadC: runLoop (0)
1 - ----------T--:--:--.--- [GlobalLogger - main] Stopping thread
1 - ----------T--:--:--.--- [ThrMgrLogger - ThreadBase::stop] Thread TestThreadC
1 - ----------T--:--:--.--- [ThrMgrLogger - ThreadBase::stop] Thread TestThreadC did not stop within 20000000 100ns
1 - ----------T--:--:--.--- [GlobalLogger - main] Stop failed, as expected
1 - ----------T--:--:--.--- [GlobalLogger - main] Deleting thread
1 - ----------T--:--:--.--- [ThrMgrLogger - TestACSThread::~TestACSThread] 
1 - ----------T--:--:--.--- [ThrMgrLogger - ACS::ThreadBase::terminate] 
1 - ----------T--:--:--.--- [ThrMgrLogger - ThreadBase::stop] Thread TestThreadC
1 - ----------T--:--:--.--- [ThrMgrLogger - ACS::Thread::commonStop] 
1 - ----------T--:--:--.--- [GlobalLogger - ThreadBase::stop] Thread stopped:TestThreadC
1 - ----------T--:--:--.--- [ThrMgrLogger - ACS::Thread::~Thread] 
1 - ----------T--:--:--.--- [ThrMgrLogger - ACS::ThreadBase::terminate] 
1 - ----------T--:--:--.--- [ThrMgrLogger - ACS::ThreadBase::~ThreadBase] 
1 - ----------T--:--:--.--- [ThrMgrLogger - ACS::ThreadBase::terminate] 
1 - ----------T--:--:--.--- [GlobalLogger - main] =============== 6 - Creating thread with long period and cancel() it
1 - ----------T--:--:--.--- [TestThreadC - ACS::ThreadBase::ThreadBase] 
1 - ----------T--:--:--.--- [TestThreadC - ACS::ThreadBase::suspend] 
1 - ----------T--:--:--.--- [TestThreadC - ACS::Thread::Thread] 
1 - ----------T--:--:--.--- [GlobalLogger - ACS::ThreadManagerBase::add] 
1 - ----------T--:--:--.--- [ThrMgrLogger - ACS::ThreadBase::create] 
1 - ----------T--:--:--.--- [ThrMgrLogger - TestACSThread::TestACSThread] 
1 - ----------T--:--:--.--- [ThrMgrLogger - ACS::ThreadBase::resume] 
1 - ----------T--:--:--.--- [ThrMgrLogger - ACS::Thread::commonStart] 
1 - ----------T--:--:--.--- Local file logger: Cache saved to '----''.
1 - ----------T--:--:--.--- [ThrMgrLogger - ACS::Thread::run] 
1 - ----------T--:--:--.--- [ThrMgrLogger - TestACSThread::runLoop] TestThreadC: runLoop (0)
1 - ----------T--:--:--.--- [GlobalLogger - main] Cancelling thread
1 - ----------T--:--:--.--- [ThrMgrLogger - ACS::ThreadBase::cancel] 
1 - ----------T--:--:--.--- [ThrMgrLogger - ACS::Thread::commonStop] 
1 - ----------T--:--:--.--- [GlobalLogger - ThreadBase::cancel] Thread stopped:TestThreadC
1 - ----------T--:--:--.--- [GlobalLogger - main] Deleting thread
1 - ----------T--:--:--.--- [ThrMgrLogger - TestACSThread::~TestACSThread] 
1 - ----------T--:--:--.--- [ThrMgrLogger - ACS::ThreadBase::terminate] 
1 - ----------T--:--:--.--- [ThrMgrLogger - ACS::Thread::~Thread] 
1 - ----------T--:--:--.--- [ThrMgrLogger - ACS::ThreadBase::terminate] 
1 - ----------T--:--:--.--- [ThrMgrLogger - ACS::ThreadBase::~ThreadBase] 
1 - ----------T--:--:--.--- [ThrMgrLogger - ACS::ThreadBase::terminate] 
1 - ----------T--:--:--.--- [GlobalLogger - main] =============== The end
1 - ----------T--:--:--.--- [GlobalLogger - ACS::ThreadManagerBase::~ThreadManagerBase] 
1 - ----------T--:--:--.--- [GlobalLogger - ACS::ThreadManagerBase::terminateAll] 
