1 - ----------T--:--:--.--- [GlobalLogger - main] =============== 1 - Creating thread passing just thread name
1 - ----------T--:--:--.--- Local file logger: Cache saved to '----''.
1 - ----------T--:--:--.--- [GlobalLogger - ACS::ThreadBase::ThreadBase] 
1 - ----------T--:--:--.--- [GlobalLogger - ACS::ThreadBase::suspend] 
1 - ----------T--:--:--.--- [GlobalLogger - ACS::Thread::Thread] 
1 - ----------T--:--:--.--- [GlobalLogger - ACS::ThreadBase::create] 
1 - ----------T--:--:--.--- [GlobalLogger - TestACSThreadWithParameter::TestACSThreadWithParameter] 
1 - ----------T--:--:--.--- [GlobalLogger - TestACSThreadWithParameter::TestACSThreadWithParameter] Thread parameter: Thread msg
1 - ----------T--:--:--.--- [GlobalLogger - ACS::ThreadBase::resume] 
1 - ----------T--:--:--.--- [GlobalLogger - ACS::Thread::commonStart] 
1 - ----------T--:--:--.--- Local file logger: Cache saved to '----''.
1 - ----------T--:--:--.--- [GlobalLogger - ACS::Thread::run] 
1 - ----------T--:--:--.--- [GlobalLogger - TestACSThreadWithParameter::runLoop] Thread (0) parameter: Thread msg
1 - ----------T--:--:--.--- [GlobalLogger - TestACSThreadWithParameter::runLoop] Thread (1) parameter: Thread msg
1 - ----------T--:--:--.--- [GlobalLogger - TestACSThreadWithParameter::runLoop] Thread (2) parameter: Thread msg
1 - ----------T--:--:--.--- [GlobalLogger - TestACSThreadWithParameter::runLoop] Thread (3) parameter: Thread msg
1 - ----------T--:--:--.--- [GlobalLogger - TestACSThreadWithParameter::runLoop] Thread (4) parameter: Thread msg
1 - ----------T--:--:--.--- [GlobalLogger - TestACSThreadWithParameter::runLoop] Thread (5) parameter: Thread msg
1 - ----------T--:--:--.--- [GlobalLogger - TestACSThreadWithParameter::runLoop] Thread (6) parameter: Thread msg
1 - ----------T--:--:--.--- [GlobalLogger - TestACSThreadWithParameter::runLoop] Thread (7) parameter: Thread msg
1 - ----------T--:--:--.--- [GlobalLogger - TestACSThreadWithParameter::runLoop] Thread (8) parameter: Thread msg
1 - ----------T--:--:--.--- [GlobalLogger - TestACSThreadWithParameter::runLoop] Thread (9) parameter: Thread msg
1 - ----------T--:--:--.--- [GlobalLogger - TestACSThreadWithParameter::runLoop] Thread (10) parameter: Thread msg
1 - ----------T--:--:--.--- [GlobalLogger - ACS::Thread::commonStop] 
1 - ----------T--:--:--.--- [GlobalLogger - main] Requesting ThreadManager to destroy thread
1 - ----------T--:--:--.--- [GlobalLogger - TestACSThreadWithParameter::~TestACSThreadWithParameter] 
1 - ----------T--:--:--.--- [GlobalLogger - ACS::ThreadBase::terminate] 
1 - ----------T--:--:--.--- [GlobalLogger - ACS::Thread::~Thread] 
1 - ----------T--:--:--.--- [GlobalLogger - ACS::ThreadBase::terminate] 
1 - ----------T--:--:--.--- [GlobalLogger - ACS::ThreadBase::~ThreadBase] 
1 - ----------T--:--:--.--- [GlobalLogger - ACS::ThreadBase::terminate] 
1 - ----------T--:--:--.--- [GlobalLogger - main] =============== 2 - Creating thread initially suspended
1 - ----------T--:--:--.--- [GlobalLogger - ACS::ThreadBase::ThreadBase] 
1 - ----------T--:--:--.--- [GlobalLogger - ACS::ThreadBase::suspend] 
1 - ----------T--:--:--.--- [GlobalLogger - ACS::Thread::Thread] 
1 - ----------T--:--:--.--- [GlobalLogger - ACS::ThreadBase::create] 
1 - ----------T--:--:--.--- [GlobalLogger - TestACSThreadWithParameter::TestACSThreadWithParameter] 
1 - ----------T--:--:--.--- [GlobalLogger - TestACSThreadWithParameter::TestACSThreadWithParameter] Thread parameter: Thread msg
1 - ----------T--:--:--.--- [GlobalLogger - ACS::ThreadBase::resume] 
1 - ----------T--:--:--.--- [GlobalLogger - ACS::Thread::commonStart] 
1 - ----------T--:--:--.--- Local file logger: Cache saved to '----''.
1 - ----------T--:--:--.--- [GlobalLogger - ACS::Thread::run] 
1 - ----------T--:--:--.--- [GlobalLogger - TestACSThreadWithParameter::runLoop] Thread (0) parameter: Thread msg
1 - ----------T--:--:--.--- [GlobalLogger - TestACSThreadWithParameter::runLoop] Thread (1) parameter: Thread msg
1 - ----------T--:--:--.--- [GlobalLogger - TestACSThreadWithParameter::runLoop] Thread (2) parameter: Thread msg
1 - ----------T--:--:--.--- [GlobalLogger - TestACSThreadWithParameter::runLoop] Thread (3) parameter: Thread msg
1 - ----------T--:--:--.--- [GlobalLogger - TestACSThreadWithParameter::runLoop] Thread (4) parameter: Thread msg
1 - ----------T--:--:--.--- [GlobalLogger - TestACSThreadWithParameter::runLoop] Thread (5) parameter: Thread msg
1 - ----------T--:--:--.--- [GlobalLogger - TestACSThreadWithParameter::runLoop] Thread (6) parameter: Thread msg
1 - ----------T--:--:--.--- [GlobalLogger - TestACSThreadWithParameter::runLoop] Thread (7) parameter: Thread msg
1 - ----------T--:--:--.--- [GlobalLogger - TestACSThreadWithParameter::runLoop] Thread (8) parameter: Thread msg
1 - ----------T--:--:--.--- [GlobalLogger - TestACSThreadWithParameter::runLoop] Thread (9) parameter: Thread msg
1 - ----------T--:--:--.--- [GlobalLogger - TestACSThreadWithParameter::runLoop] Thread (10) parameter: Thread msg
1 - ----------T--:--:--.--- [GlobalLogger - ACS::Thread::commonStop] 
1 - ----------T--:--:--.--- [GlobalLogger - main] Deleting thread
1 - ----------T--:--:--.--- [GlobalLogger - TestACSThreadWithParameter::~TestACSThreadWithParameter] 
1 - ----------T--:--:--.--- [GlobalLogger - ACS::ThreadBase::terminate] 
1 - ----------T--:--:--.--- [GlobalLogger - ACS::Thread::~Thread] 
1 - ----------T--:--:--.--- [GlobalLogger - ACS::ThreadBase::terminate] 
1 - ----------T--:--:--.--- [GlobalLogger - ACS::ThreadBase::~ThreadBase] 
1 - ----------T--:--:--.--- [GlobalLogger - ACS::ThreadBase::terminate] 
1 - ----------T--:--:--.--- [GlobalLogger - main] =============== 3 - Creating thread
1 - ----------T--:--:--.--- [GlobalLogger - ACS::ThreadBase::ThreadBase] 
1 - ----------T--:--:--.--- [GlobalLogger - ACS::ThreadBase::suspend] 
1 - ----------T--:--:--.--- [GlobalLogger - ACS::Thread::Thread] 
1 - ----------T--:--:--.--- [GlobalLogger - ACS::ThreadBase::create] 
1 - ----------T--:--:--.--- [GlobalLogger - TestACSThreadWithParameter::TestACSThreadWithParameter] 
1 - ----------T--:--:--.--- [GlobalLogger - TestACSThreadWithParameter::TestACSThreadWithParameter] Thread parameter: Thread msg
1 - ----------T--:--:--.--- [GlobalLogger - ACS::ThreadBase::resume] 
1 - ----------T--:--:--.--- [GlobalLogger - ACS::Thread::commonStart] 
1 - ----------T--:--:--.--- Local file logger: Cache saved to '----''.
1 - ----------T--:--:--.--- [GlobalLogger - ACS::Thread::run] 
1 - ----------T--:--:--.--- [GlobalLogger - TestACSThreadWithParameter::runLoop] Thread (0) parameter: Thread msg
1 - ----------T--:--:--.--- [GlobalLogger - TestACSThreadWithParameter::runLoop] Thread (1) parameter: Thread msg
1 - ----------T--:--:--.--- [GlobalLogger - main] =============== 4 - Creating thread that is never woken-up
1 - ----------T--:--:--.--- [GlobalLogger - ACS::ThreadBase::ThreadBase] 
1 - ----------T--:--:--.--- [GlobalLogger - ACS::ThreadBase::suspend] 
1 - ----------T--:--:--.--- [GlobalLogger - ACS::Thread::Thread] 
1 - ----------T--:--:--.--- [GlobalLogger - ACS::ThreadBase::create] 
1 - ----------T--:--:--.--- [GlobalLogger - TestACSThreadWithParameter::TestACSThreadWithParameter] 
1 - ----------T--:--:--.--- [GlobalLogger - TestACSThreadWithParameter::TestACSThreadWithParameter] Thread parameter: Thread msg
1 - ----------T--:--:--.--- [GlobalLogger - TestACSThreadWithParameter::runLoop] Thread (2) parameter: Thread msg
1 - ----------T--:--:--.--- [GlobalLogger - main] Deleting thread
1 - ----------T--:--:--.--- [GlobalLogger - TestACSThreadWithParameter::~TestACSThreadWithParameter] 
1 - ----------T--:--:--.--- [GlobalLogger - ACS::ThreadBase::terminate] 
1 - ----------T--:--:--.--- [GlobalLogger - ThreadBase::stop] Thread SuspendForEver
1 - ----------T--:--:--.--- [GlobalLogger - ThreadBase::stop] Thread SuspendForEver did not stop within 10000000 100ns
1 - ----------T--:--:--.--- [GlobalLogger - ACS::ThreadBase::cancel] 
1 - ----------T--:--:--.--- [GlobalLogger - ThreadBase::cancel] Thread stopped:SuspendForEver
1 - ----------T--:--:--.--- [GlobalLogger - ACS::Thread::~Thread] 
1 - ----------T--:--:--.--- [GlobalLogger - ACS::ThreadBase::terminate] 
1 - ----------T--:--:--.--- [GlobalLogger - ACS::ThreadBase::~ThreadBase] 
1 - ----------T--:--:--.--- [GlobalLogger - ACS::ThreadBase::terminate] 
1 - ----------T--:--:--.--- [GlobalLogger - TestACSThreadWithParameter::runLoop] Thread (3) parameter: Thread msg
1 - ----------T--:--:--.--- [GlobalLogger - TestACSThreadWithParameter::runLoop] Thread (4) parameter: Thread msg
1 - ----------T--:--:--.--- [GlobalLogger - main] =============== The end
1 - ----------T--:--:--.--- [GlobalLogger - ACS::ThreadManagerBase::~ThreadManagerBase] 
1 - ----------T--:--:--.--- [GlobalLogger - ACS::ThreadManagerBase::terminateAll] 
1 - ----------T--:--:--.--- [GlobalLogger - ACS::ThreadBase::terminate] 
1 - ----------T--:--:--.--- [GlobalLogger - ThreadBase::stop] Thread TestThreadC
1 - ----------T--:--:--.--- [GlobalLogger - ThreadBase::stop] Thread TestThreadC did not stop within 1000000 100ns
1 - ----------T--:--:--.--- [GlobalLogger - ACS::ThreadBase::cancel] 
1 - ----------T--:--:--.--- [GlobalLogger - ACS::Thread::commonStop] 
1 - ----------T--:--:--.--- [GlobalLogger - ThreadBase::cancel] Thread stopped:TestThreadC
1 - ----------T--:--:--.--- [GlobalLogger - TestACSThreadWithParameter::~TestACSThreadWithParameter] 
1 - ----------T--:--:--.--- [GlobalLogger - ACS::ThreadBase::terminate] 
1 - ----------T--:--:--.--- [GlobalLogger - ACS::Thread::~Thread] 
1 - ----------T--:--:--.--- [GlobalLogger - ACS::ThreadBase::terminate] 
1 - ----------T--:--:--.--- [GlobalLogger - ACS::ThreadBase::~ThreadBase] 
1 - ----------T--:--:--.--- [GlobalLogger - ACS::ThreadBase::terminate] 
