Application time: 0.6247830 seconds
Total time for which application threads were stopped: 0.0001830 seconds
Application time: 0.0410220 seconds
{Heap before GC invocations=0 (full 0):
 def new generation   total 14784K, used 10993K [0x90240000, 0x91240000, 0x91240000)
  eden space 13184K,  83% used [0x90240000, 0x90cfc778, 0x90f20000)
  from space 1600K,   0% used [0x90f20000, 0x90f20000, 0x910b0000)
  to   space 1600K,   0% used [0x910b0000, 0x910b0000, 0x91240000)
 concurrent mark-sweep generation total 49152K, used 0K [0x91240000, 0x94240000, 0xb0240000)
 concurrent-mark-sweep perm gen total 16384K, used 5272K [0xb0240000, 0xb1240000, 0xb4240000)
1.051: [Full GC (System) 1.051: [CMS: 0K->742K(49152K), 0.0586300 secs] 10993K->742K(63936K), [CMS Perm : 5272K->5266K(16384K)], 0.0587220 secs] [Times: user=0.02 sys=0.03, real=0.05 secs] 
Heap after GC invocations=1 (full 1):
 def new generation   total 14784K, used 0K [0x90240000, 0x91240000, 0x91240000)
  eden space 13184K,   0% used [0x90240000, 0x90240000, 0x90f20000)
  from space 1600K,   0% used [0x90f20000, 0x90f20000, 0x910b0000)
  to   space 1600K,   0% used [0x910b0000, 0x910b0000, 0x91240000)
 concurrent mark-sweep generation total 49152K, used 742K [0x91240000, 0x94240000, 0xb0240000)
 concurrent-mark-sweep perm gen total 16384K, used 5266K [0xb0240000, 0xb1240000, 0xb4240000)
}
Total time for which application threads were stopped: 0.0589720 seconds
Application time: 0.0006580 seconds
1.111: [GC [1 CMS-initial-mark: 742K(49152K)] 742K(63936K), 0.0004090 secs] [Times: user=0.00 sys=0.00, real=0.00 secs] 
Total time for which application threads were stopped: 0.0005450 seconds
1.111: [CMS-concurrent-mark-start]
Application time: 0.0996830 seconds
{Heap before GC invocations=1 (full 2):
 def new generation   total 14784K, used 991K [0x90240000, 0x91240000, 0x91240000)
  eden space 13184K,   7% used [0x90240000, 0x90337e78, 0x90f20000)
  from space 1600K,   0% used [0x90f20000, 0x90f20000, 0x910b0000)
  to   space 1600K,   0% used [0x910b0000, 0x910b0000, 0x91240000)
 concurrent mark-sweep generation total 49152K, used 742K [0x91240000, 0x94240000, 0xb0240000)
 concurrent-mark-sweep perm gen total 16384K, used 5784K [0xb0240000, 0xb1240000, 0xb4240000)
1.211: [Full GC (System) 1.211: [CMS1.232: [CMS-concurrent-mark: 0.020/0.120 secs] [Times: user=0.06 sys=0.06, real=0.12 secs] 
 (concurrent mode interrupted): 742K->932K(49152K), 0.0497200 secs] 1734K->932K(63936K), [CMS Perm : 5784K->5781K(16384K)], 0.0498030 secs] [Times: user=0.04 sys=0.01, real=0.05 secs] 
Heap after GC invocations=2 (full 3):
 def new generation   total 14784K, used 0K [0x90240000, 0x91240000, 0x91240000)
  eden space 13184K,   0% used [0x90240000, 0x90240000, 0x90f20000)
  from space 1600K,   0% used [0x90f20000, 0x90f20000, 0x910b0000)
  to   space 1600K,   0% used [0x910b0000, 0x910b0000, 0x91240000)
 concurrent mark-sweep generation total 49152K, used 932K [0x91240000, 0x94240000, 0xb0240000)
 concurrent-mark-sweep perm gen total 16384K, used 5781K [0xb0240000, 0xb1240000, 0xb4240000)
}
Total time for which application threads were stopped: 0.0500760 seconds
Application time: 0.1677510 seconds
{Heap before GC invocations=2 (full 3):
 def new generation   total 14784K, used 1776K [0x90240000, 0x91240000, 0x91240000)
  eden space 13184K,  13% used [0x90240000, 0x903fc160, 0x90f20000)
  from space 1600K,   0% used [0x90f20000, 0x90f20000, 0x910b0000)
  to   space 1600K,   0% used [0x910b0000, 0x910b0000, 0x91240000)
 concurrent mark-sweep generation total 49152K, used 932K [0x91240000, 0x94240000, 0xb0240000)
 concurrent-mark-sweep perm gen total 16384K, used 7205K [0xb0240000, 0xb1240000, 0xb4240000)
1.429: [Full GC (System) 1.429: [CMS: 932K->1284K(49152K), 0.0358050 secs] 2708K->1284K(63936K), [CMS Perm : 7205K->7200K(16384K)], 0.0358940 secs] [Times: user=0.04 sys=0.00, real=0.04 secs] 
Heap after GC invocations=3 (full 4):
 def new generation   total 14784K, used 0K [0x90240000, 0x91240000, 0x91240000)
  eden space 13184K,   0% used [0x90240000, 0x90240000, 0x90f20000)
  from space 1600K,   0% used [0x90f20000, 0x90f20000, 0x910b0000)
  to   space 1600K,   0% used [0x910b0000, 0x910b0000, 0x91240000)
 concurrent mark-sweep generation total 49152K, used 1284K [0x91240000, 0x94240000, 0xb0240000)
 concurrent-mark-sweep perm gen total 16384K, used 7200K [0xb0240000, 0xb1240000, 0xb4240000)
}
Total time for which application threads were stopped: 0.0361280 seconds
Application time: 0.0000770 seconds
1.465: [GC [1 CMS-initial-mark: 1284K(49152K)] 1284K(63936K), 0.0003100 secs] [Times: user=0.00 sys=0.00, real=0.00 secs] 
Total time for which application threads were stopped: 0.0004940 seconds
1.466: [CMS-concurrent-mark-start]
Application time: 0.0005770 seconds
{Heap before GC invocations=3 (full 5):
 def new generation   total 14784K, used 131K [0x90240000, 0x91240000, 0x91240000)
  eden space 13184K,   1% used [0x90240000, 0x90260f68, 0x90f20000)
  from space 1600K,   0% used [0x90f20000, 0x90f20000, 0x910b0000)
  to   space 1600K,   0% used [0x910b0000, 0x910b0000, 0x91240000)
 concurrent mark-sweep generation total 49152K, used 1284K [0x91240000, 0x94240000, 0xb0240000)
 concurrent-mark-sweep perm gen total 16384K, used 7200K [0xb0240000, 0xb1240000, 0xb4240000)
1.466: [Full GC (System) 1.466: [CMS1.489: [CMS-concurrent-mark: 0.023/0.023 secs] [Times: user=0.02 sys=0.00, real=0.02 secs] 
 (concurrent mode interrupted): 1284K->1268K(49152K), 0.0558870 secs] 1415K->1268K(63936K), [CMS Perm : 7200K->7200K(16384K)], 0.0559740 secs] [Times: user=0.06 sys=0.00, real=0.06 secs] 
Heap after GC invocations=4 (full 6):
 def new generation   total 14784K, used 0K [0x90240000, 0x91240000, 0x91240000)
  eden space 13184K,   0% used [0x90240000, 0x90240000, 0x90f20000)
  from space 1600K,   0% used [0x90f20000, 0x90f20000, 0x910b0000)
  to   space 1600K,   0% used [0x910b0000, 0x910b0000, 0x91240000)
 concurrent mark-sweep generation total 49152K, used 1268K [0x91240000, 0x94240000, 0xb0240000)
 concurrent-mark-sweep perm gen total 16384K, used 7200K [0xb0240000, 0xb1240000, 0xb4240000)
}
Total time for which application threads were stopped: 0.0562220 seconds
Application time: 0.0418690 seconds
{Heap before GC invocations=4 (full 6):
 def new generation   total 14784K, used 396K [0x90240000, 0x91240000, 0x91240000)
  eden space 13184K,   3% used [0x90240000, 0x902a3250, 0x90f20000)
  from space 1600K,   0% used [0x90f20000, 0x90f20000, 0x910b0000)
  to   space 1600K,   0% used [0x910b0000, 0x910b0000, 0x91240000)
 concurrent mark-sweep generation total 49152K, used 1268K [0x91240000, 0x94240000, 0xb0240000)
 concurrent-mark-sweep perm gen total 16384K, used 7221K [0xb0240000, 0xb1240000, 0xb4240000)
1.565: [Full GC (System) 1.565: [CMS: 1268K->1350K(49152K), 0.0332910 secs] 1665K->1350K(63936K), [CMS Perm : 7221K->7220K(16384K)], 0.0333810 secs] [Times: user=0.03 sys=0.00, real=0.03 secs] 
Heap after GC invocations=5 (full 7):
 def new generation   total 14784K, used 0K [0x90240000, 0x91240000, 0x91240000)
  eden space 13184K,   0% used [0x90240000, 0x90240000, 0x90f20000)
  from space 1600K,   0% used [0x90f20000, 0x90f20000, 0x910b0000)
  to   space 1600K,   0% used [0x910b0000, 0x910b0000, 0x91240000)
 concurrent mark-sweep generation total 49152K, used 1350K [0x91240000, 0x94240000, 0xb0240000)
 concurrent-mark-sweep perm gen total 16384K, used 7220K [0xb0240000, 0xb1240000, 0xb4240000)
}
Total time for which application threads were stopped: 0.0336330 seconds
Application time: 0.0000790 seconds
1.598: [GC [1 CMS-initial-mark: 1350K(49152K)] 1350K(63936K), 0.0002770 secs] [Times: user=0.00 sys=0.00, real=0.00 secs] 
Total time for which application threads were stopped: 0.0004410 seconds
1.599: [CMS-concurrent-mark-start]
Application time: 0.0003850 seconds
{Heap before GC invocations=5 (full 8):
 def new generation   total 14784K, used 131K [0x90240000, 0x91240000, 0x91240000)
  eden space 13184K,   1% used [0x90240000, 0x90260f68, 0x90f20000)
  from space 1600K,   0% used [0x90f20000, 0x90f20000, 0x910b0000)
  to   space 1600K,   0% used [0x910b0000, 0x910b0000, 0x91240000)
 concurrent mark-sweep generation total 49152K, used 1350K [0x91240000, 0x94240000, 0xb0240000)
 concurrent-mark-sweep perm gen total 16384K, used 7220K [0xb0240000, 0xb1240000, 0xb4240000)
1.599: [Full GC (System) 1.599: [CMS1.622: [CMS-concurrent-mark: 0.023/0.023 secs] [Times: user=0.03 sys=0.00, real=0.03 secs] 
 (concurrent mode interrupted): 1350K->1349K(49152K), 0.0552580 secs] 1482K->1349K(63936K), [CMS Perm : 7220K->7220K(16384K)], 0.0553450 secs] [Times: user=0.06 sys=0.00, real=0.06 secs] 
Heap after GC invocations=6 (full 9):
 def new generation   total 14784K, used 0K [0x90240000, 0x91240000, 0x91240000)
  eden space 13184K,   0% used [0x90240000, 0x90240000, 0x90f20000)
  from space 1600K,   0% used [0x90f20000, 0x90f20000, 0x910b0000)
  to   space 1600K,   0% used [0x910b0000, 0x910b0000, 0x91240000)
 concurrent mark-sweep generation total 49152K, used 1349K [0x91240000, 0x94240000, 0xb0240000)
 concurrent-mark-sweep perm gen total 16384K, used 7220K [0xb0240000, 0xb1240000, 0xb4240000)
}
Total time for which application threads were stopped: 0.0556090 seconds
Application time: 0.0666810 seconds
{Heap before GC invocations=6 (full 9):
 def new generation   total 14784K, used 396K [0x90240000, 0x91240000, 0x91240000)
  eden space 13184K,   3% used [0x90240000, 0x902a3278, 0x90f20000)
  from space 1600K,   0% used [0x90f20000, 0x90f20000, 0x910b0000)
  to   space 1600K,   0% used [0x910b0000, 0x910b0000, 0x91240000)
 concurrent mark-sweep generation total 49152K, used 1349K [0x91240000, 0x94240000, 0xb0240000)
 concurrent-mark-sweep perm gen total 16384K, used 7230K [0xb0240000, 0xb1240000, 0xb4240000)
1.721: [Full GC (System) 1.721: [CMS: 1349K->1327K(49152K), 0.0331680 secs] 1746K->1327K(63936K), [CMS Perm : 7230K->7229K(16384K)], 0.0332940 secs] [Times: user=0.03 sys=0.00, real=0.03 secs] 
Heap after GC invocations=7 (full 10):
 def new generation   total 14784K, used 0K [0x90240000, 0x91240000, 0x91240000)
  eden space 13184K,   0% used [0x90240000, 0x90240000, 0x90f20000)
  from space 1600K,   0% used [0x90f20000, 0x90f20000, 0x910b0000)
  to   space 1600K,   0% used [0x910b0000, 0x910b0000, 0x91240000)
 concurrent mark-sweep generation total 49152K, used 1327K [0x91240000, 0x94240000, 0xb0240000)
 concurrent-mark-sweep perm gen total 16384K, used 7229K [0xb0240000, 0xb1240000, 0xb4240000)
}
Total time for which application threads were stopped: 0.0335220 seconds
Application time: 0.0000770 seconds
1.755: [GC [1 CMS-initial-mark: 1327K(49152K)] 1327K(63936K), 0.0002760 secs] [Times: user=0.00 sys=0.00, real=0.00 secs] 
Total time for which application threads were stopped: 0.0004440 seconds
1.755: [CMS-concurrent-mark-start]
Application time: 0.0003700 seconds
{Heap before GC invocations=7 (full 11):
 def new generation   total 14784K, used 131K [0x90240000, 0x91240000, 0x91240000)
  eden space 13184K,   1% used [0x90240000, 0x90260f68, 0x90f20000)
  from space 1600K,   0% used [0x90f20000, 0x90f20000, 0x910b0000)
  to   space 1600K,   0% used [0x910b0000, 0x910b0000, 0x91240000)
 concurrent mark-sweep generation total 49152K, used 1327K [0x91240000, 0x94240000, 0xb0240000)
 concurrent-mark-sweep perm gen total 16384K, used 7229K [0xb0240000, 0xb1240000, 0xb4240000)
1.756: [Full GC (System) 1.756: [CMS1.779: [CMS-concurrent-mark: 0.023/0.023 secs] [Times: user=0.02 sys=0.00, real=0.02 secs] 
 (concurrent mode interrupted): 1327K->1327K(49152K), 0.0560700 secs] 1459K->1327K(63936K), [CMS Perm : 7229K->7229K(16384K)], 0.0561520 secs] [Times: user=0.06 sys=0.00, real=0.06 secs] 
Heap after GC invocations=8 (full 12):
 def new generation   total 14784K, used 0K [0x90240000, 0x91240000, 0x91240000)
  eden space 13184K,   0% used [0x90240000, 0x90240000, 0x90f20000)
  from space 1600K,   0% used [0x90f20000, 0x90f20000, 0x910b0000)
  to   space 1600K,   0% used [0x910b0000, 0x910b0000, 0x91240000)
 concurrent mark-sweep generation total 49152K, used 1327K [0x91240000, 0x94240000, 0xb0240000)
 concurrent-mark-sweep perm gen total 16384K, used 7229K [0xb0240000, 0xb1240000, 0xb4240000)
}
Total time for which application threads were stopped: 0.0564020 seconds
Application time: 0.1114160 seconds
{Heap before GC invocations=8 (full 12):
 def new generation   total 14784K, used 396K [0x90240000, 0x91240000, 0x91240000)
  eden space 13184K,   3% used [0x90240000, 0x902a3250, 0x90f20000)
  from space 1600K,   0% used [0x90f20000, 0x90f20000, 0x910b0000)
  to   space 1600K,   0% used [0x910b0000, 0x910b0000, 0x91240000)
 concurrent mark-sweep generation total 49152K, used 1327K [0x91240000, 0x94240000, 0xb0240000)
 concurrent-mark-sweep perm gen total 16384K, used 7231K [0xb0240000, 0xb1240000, 0xb4240000)
1.924: [Full GC (System) 1.924: [CMS: 1327K->1329K(49152K), 0.0327190 secs] 1724K->1329K(63936K), [CMS Perm : 7231K->7230K(16384K)], 0.0328080 secs] [Times: user=0.03 sys=0.00, real=0.03 secs] 
Heap after GC invocations=9 (full 13):
 def new generation   total 14784K, used 0K [0x90240000, 0x91240000, 0x91240000)
  eden space 13184K,   0% used [0x90240000, 0x90240000, 0x90f20000)
  from space 1600K,   0% used [0x90f20000, 0x90f20000, 0x910b0000)
  to   space 1600K,   0% used [0x910b0000, 0x910b0000, 0x91240000)
 concurrent mark-sweep generation total 49152K, used 1329K [0x91240000, 0x94240000, 0xb0240000)
 concurrent-mark-sweep perm gen total 16384K, used 7230K [0xb0240000, 0xb1240000, 0xb4240000)
}
Total time for which application threads were stopped: 0.0330730 seconds
Application time: 0.0001420 seconds
1.957: [GC [1 CMS-initial-mark: 1329K(49152K)] 1329K(63936K), 0.0002780 secs] [Times: user=0.00 sys=0.00, real=0.00 secs] 
Total time for which application threads were stopped: 0.0004460 seconds
1.957: [CMS-concurrent-mark-start]
Application time: 0.0003450 seconds
{Heap before GC invocations=9 (full 14):
 def new generation   total 14784K, used 131K [0x90240000, 0x91240000, 0x91240000)
  eden space 13184K,   1% used [0x90240000, 0x90260f68, 0x90f20000)
  from space 1600K,   0% used [0x90f20000, 0x90f20000, 0x910b0000)
  to   space 1600K,   0% used [0x910b0000, 0x910b0000, 0x91240000)
 concurrent mark-sweep generation total 49152K, used 1329K [0x91240000, 0x94240000, 0xb0240000)
 concurrent-mark-sweep perm gen total 16384K, used 7230K [0xb0240000, 0xb1240000, 0xb4240000)
1.958: [Full GC (System) 1.958: [CMS1.981: [CMS-concurrent-mark: 0.023/0.024 secs] [Times: user=0.02 sys=0.00, real=0.02 secs] 
 (concurrent mode interrupted): 1329K->1329K(49152K), 0.0562040 secs] 1461K->1329K(63936K), [CMS Perm : 7230K->7230K(16384K)], 0.0562930 secs] [Times: user=0.05 sys=0.01, real=0.06 secs] 
Heap after GC invocations=10 (full 15):
 def new generation   total 14784K, used 0K [0x90240000, 0x91240000, 0x91240000)
  eden space 13184K,   0% used [0x90240000, 0x90240000, 0x90f20000)
  from space 1600K,   0% used [0x90f20000, 0x90f20000, 0x910b0000)
  to   space 1600K,   0% used [0x910b0000, 0x910b0000, 0x91240000)
 concurrent mark-sweep generation total 49152K, used 1329K [0x91240000, 0x94240000, 0xb0240000)
 concurrent-mark-sweep perm gen total 16384K, used 7230K [0xb0240000, 0xb1240000, 0xb4240000)
}
Total time for which application threads were stopped: 0.0565930 seconds
Application time: 3.4768740 seconds
Total time for which application threads were stopped: 0.0002930 seconds
Application time: 4.5716100 seconds
Total time for which application threads were stopped: 0.0001030 seconds
Application time: 0.0000770 seconds
Total time for which application threads were stopped: 0.0000580 seconds
Application time: 0.0000370 seconds
Total time for which application threads were stopped: 0.0000560 seconds
Application time: 0.0000970 seconds
Total time for which application threads were stopped: 0.0000570 seconds
Application time: 0.0000430 seconds
Total time for which application threads were stopped: 0.0000560 seconds
Application time: 0.0129520 seconds
{Heap before GC invocations=10 (full 15):
 def new generation   total 14784K, used 766K [0x90240000, 0x91240000, 0x91240000)
  eden space 13184K,   5% used [0x90240000, 0x902ffa60, 0x90f20000)
  from space 1600K,   0% used [0x90f20000, 0x90f20000, 0x910b0000)
  to   space 1600K,   0% used [0x910b0000, 0x910b0000, 0x91240000)
 concurrent mark-sweep generation total 49152K, used 1329K [0x91240000, 0x94240000, 0xb0240000)
 concurrent-mark-sweep perm gen total 16384K, used 7293K [0xb0240000, 0xb1240000, 0xb4240000)
10.077: [Full GC (System) 10.077: [CMS: 1329K->1346K(49152K), 0.0366580 secs] 2095K->1346K(63936K), [CMS Perm : 7293K->7292K(16384K)], 0.0367640 secs] [Times: user=0.04 sys=0.00, real=0.04 secs] 
Heap after GC invocations=11 (full 16):
 def new generation   total 14784K, used 0K [0x90240000, 0x91240000, 0x91240000)
  eden space 13184K,   0% used [0x90240000, 0x90240000, 0x90f20000)
  from space 1600K,   0% used [0x90f20000, 0x90f20000, 0x910b0000)
  to   space 1600K,   0% used [0x910b0000, 0x910b0000, 0x91240000)
 concurrent mark-sweep generation total 49152K, used 1346K [0x91240000, 0x94240000, 0xb0240000)
 concurrent-mark-sweep perm gen total 16384K, used 7292K [0xb0240000, 0xb1240000, 0xb4240000)
}
Total time for which application threads were stopped: 0.0370780 seconds
Application time: 0.0001510 seconds
10.114: [GC [1 CMS-initial-mark: 1346K(49152K)] 1346K(63936K), 0.0003500 secs] [Times: user=0.00 sys=0.00, real=0.00 secs] 
Total time for which application threads were stopped: 0.0004860 seconds
Application time: 0.0000670 seconds
Total time for which application threads were stopped: 0.0000630 seconds
Application time: 0.0000660 seconds
Total time for which application threads were stopped: 0.0000560 seconds
10.115: [CMS-concurrent-mark-start]
10.138: [CMS-concurrent-mark: 0.023/0.023 secs] [Times: user=0.02 sys=0.00, real=0.02 secs] 
10.138: [CMS-concurrent-preclean-start]
10.138: [CMS-concurrent-preclean: 0.000/0.000 secs] [Times: user=0.00 sys=0.00, real=0.00 secs] 
Application time: 0.0237060 seconds
10.138: [GC[YG occupancy: 0 K (14784 K)]10.138: [Rescan (non-parallel) 10.138: [grey object rescan, 0.0001180 secs]10.139: [root rescan, 0.0003040 secs], 0.0004550 secs]10.139: [weak refs processing, 0.0000040 secs] [1 CMS-remark: 1346K(49152K)] 1346K(63936K), 0.0005080 secs] [Times: user=0.00 sys=0.00, real=0.00 secs] 
Total time for which application threads were stopped: 0.0006370 seconds
10.139: [CMS-concurrent-sweep-start]
10.140: [CMS-concurrent-sweep: 0.001/0.001 secs] [Times: user=0.00 sys=0.00, real=0.00 secs] 
10.140: [CMS-concurrent-reset-start]
10.147: [CMS-concurrent-reset: 0.007/0.007 secs] [Times: user=0.01 sys=0.00, real=0.01 secs] 
Application time: 0.0087820 seconds
{Heap before GC invocations=11 (full 17):
 def new generation   total 14784K, used 263K [0x90240000, 0x91240000, 0x91240000)
  eden space 13184K,   2% used [0x90240000, 0x90281ec0, 0x90f20000)
  from space 1600K,   0% used [0x90f20000, 0x90f20000, 0x910b0000)
  to   space 1600K,   0% used [0x910b0000, 0x910b0000, 0x91240000)
 concurrent mark-sweep generation total 49152K, used 1346K [0x91240000, 0x94240000, 0xb0240000)
 concurrent-mark-sweep perm gen total 16384K, used 7292K [0xb0240000, 0xb1240000, 0xb4240000)
10.148: [Full GC (System) 10.148: [CMS: 1346K->1346K(49152K), 0.0345050 secs] 1609K->1346K(63936K), [CMS Perm : 7292K->7292K(16384K)], 0.0345880 secs] [Times: user=0.04 sys=0.00, real=0.04 secs] 
Heap after GC invocations=12 (full 18):
 def new generation   total 14784K, used 0K [0x90240000, 0x91240000, 0x91240000)
  eden space 13184K,   0% used [0x90240000, 0x90240000, 0x90f20000)
  from space 1600K,   0% used [0x90f20000, 0x90f20000, 0x910b0000)
  to   space 1600K,   0% used [0x910b0000, 0x910b0000, 0x91240000)
 concurrent mark-sweep generation total 49152K, used 1346K [0x91240000, 0x94240000, 0xb0240000)
 concurrent-mark-sweep perm gen total 16384K, used 7292K [0xb0240000, 0xb1240000, 0xb4240000)
}
Total time for which application threads were stopped: 0.0348150 seconds
Application time: 0.0001610 seconds
10.183: [GC [1 CMS-initial-mark: 1346K(49152K)] 1346K(63936K), 0.0003170 secs] [Times: user=0.00 sys=0.00, real=0.00 secs] 
Total time for which application threads were stopped: 0.0005280 seconds
10.183: [CMS-concurrent-mark-start]
10.206: [CMS-concurrent-mark: 0.023/0.023 secs] [Times: user=0.02 sys=0.00, real=0.02 secs] 
10.206: [CMS-concurrent-preclean-start]
10.206: [CMS-concurrent-preclean: 0.000/0.000 secs] [Times: user=0.00 sys=0.00, real=0.00 secs] 
Application time: 0.0232430 seconds
10.207: [GC[YG occupancy: 0 K (14784 K)]10.207: [Rescan (non-parallel) 10.207: [grey object rescan, 0.0001170 secs]10.207: [root rescan, 0.0002840 secs], 0.0004350 secs]10.207: [weak refs processing, 0.0000040 secs] [1 CMS-remark: 1346K(49152K)] 1346K(63936K), 0.0005120 secs] [Times: user=0.00 sys=0.00, real=0.00 secs] 
Total time for which application threads were stopped: 0.0006580 seconds
10.207: [CMS-concurrent-sweep-start]
10.208: [CMS-concurrent-sweep: 0.001/0.001 secs] [Times: user=0.00 sys=0.00, real=0.00 secs] 
10.208: [CMS-concurrent-reset-start]
10.215: [CMS-concurrent-reset: 0.007/0.007 secs] [Times: user=0.01 sys=0.00, real=0.01 secs] 
Application time: 2.6682550 seconds
Total time for which application threads were stopped: 0.0001140 seconds
Application time: 0.0017070 seconds
Total time for which application threads were stopped: 0.0000810 seconds
Application time: 0.0000410 seconds
Total time for which application threads were stopped: 0.0000570 seconds
Application time: 0.4342150 seconds
Total time for which application threads were stopped: 0.0002370 seconds
Application time: 0.1338560 seconds
{Heap before GC invocations=12 (full 19):
 def new generation   total 14784K, used 1597K [0x90240000, 0x91240000, 0x91240000)
  eden space 13184K,  12% used [0x90240000, 0x903cf6c8, 0x90f20000)
  from space 1600K,   0% used [0x90f20000, 0x90f20000, 0x910b0000)
  to   space 1600K,   0% used [0x910b0000, 0x910b0000, 0x91240000)
 concurrent mark-sweep generation total 49152K, used 1346K [0x91240000, 0x94240000, 0xb0240000)
 concurrent-mark-sweep perm gen total 16384K, used 7400K [0xb0240000, 0xb1240000, 0xb4240000)
13.446: [Full GC (System) 13.446: [CMS: 1346K->1411K(49152K), 0.0570220 secs] 2944K->1411K(63936K), [CMS Perm : 7400K->7398K(16384K)], 0.0571200 secs] [Times: user=0.00 sys=0.06, real=0.06 secs] 
Heap after GC invocations=13 (full 20):
 def new generation   total 14784K, used 0K [0x90240000, 0x91240000, 0x91240000)
  eden space 13184K,   0% used [0x90240000, 0x90240000, 0x90f20000)
  from space 1600K,   0% used [0x90f20000, 0x90f20000, 0x910b0000)
  to   space 1600K,   0% used [0x910b0000, 0x910b0000, 0x91240000)
 concurrent mark-sweep generation total 49152K, used 1411K [0x91240000, 0x94240000, 0xb0240000)
 concurrent-mark-sweep perm gen total 16384K, used 7398K [0xb0240000, 0xb1240000, 0xb4240000)
}
Total time for which application threads were stopped: 0.0574890 seconds
Application time: 0.0003760 seconds
{Heap before GC invocations=13 (full 20):
 def new generation   total 14784K, used 263K [0x90240000, 0x91240000, 0x91240000)
  eden space 13184K,   2% used [0x90240000, 0x90281ec0, 0x90f20000)
  from space 1600K,   0% used [0x90f20000, 0x90f20000, 0x910b0000)
  to   space 1600K,   0% used [0x910b0000, 0x910b0000, 0x91240000)
 concurrent mark-sweep generation total 49152K, used 1411K [0x91240000, 0x94240000, 0xb0240000)
 concurrent-mark-sweep perm gen total 16384K, used 7398K [0xb0240000, 0xb1240000, 0xb4240000)
13.504: [Full GC (System) 13.504: [CMS: 1411K->1411K(49152K), 0.0349070 secs] 1675K->1411K(63936K), [CMS Perm : 7398K->7398K(16384K)], 0.0349970 secs] [Times: user=0.01 sys=0.02, real=0.03 secs] 
Heap after GC invocations=14 (full 21):
 def new generation   total 14784K, used 0K [0x90240000, 0x91240000, 0x91240000)
  eden space 13184K,   0% used [0x90240000, 0x90240000, 0x90f20000)
  from space 1600K,   0% used [0x90f20000, 0x90f20000, 0x910b0000)
  to   space 1600K,   0% used [0x910b0000, 0x910b0000, 0x91240000)
 concurrent mark-sweep generation total 49152K, used 1411K [0x91240000, 0x94240000, 0xb0240000)
 concurrent-mark-sweep perm gen total 16384K, used 7398K [0xb0240000, 0xb1240000, 0xb4240000)
}
Total time for which application threads were stopped: 0.0351730 seconds
Application time: 0.0414680 seconds
13.580: [GC [1 CMS-initial-mark: 1411K(49152K)] 1675K(63936K), 0.0003450 secs] [Times: user=0.00 sys=0.00, real=0.00 secs] 
Total time for which application threads were stopped: 0.0004730 seconds
13.581: [CMS-concurrent-mark-start]
13.604: [CMS-concurrent-mark: 0.023/0.023 secs] [Times: user=0.03 sys=0.00, real=0.03 secs] 
13.604: [CMS-concurrent-preclean-start]
13.604: [CMS-concurrent-preclean: 0.000/0.000 secs] [Times: user=0.00 sys=0.00, real=0.00 secs] 
Application time: 0.0237420 seconds
13.605: [GC[YG occupancy: 263 K (14784 K)]13.605: [Rescan (non-parallel) 13.605: [grey object rescan, 0.0001170 secs]13.605: [root rescan, 0.0002940 secs], 0.0004430 secs]13.605: [weak refs processing, 0.0000070 secs] [1 CMS-remark: 1411K(49152K)] 1675K(63936K), 0.0005010 secs] [Times: user=0.00 sys=0.00, real=0.00 secs] 
Total time for which application threads were stopped: 0.0006630 seconds
13.605: [CMS-concurrent-sweep-start]
13.606: [CMS-concurrent-sweep: 0.001/0.001 secs] [Times: user=0.00 sys=0.00, real=0.00 secs] 
13.606: [CMS-concurrent-reset-start]
13.614: [CMS-concurrent-reset: 0.008/0.008 secs] [Times: user=0.01 sys=0.00, real=0.01 secs] 
Application time: 0.0089300 seconds
Total time for which application threads were stopped: 0.0001280 seconds
Application time: 0.0000690 seconds
Total time for which application threads were stopped: 0.0000560 seconds
Application time: 0.0000450 seconds
Total time for which application threads were stopped: 0.0000550 seconds
Application time: 0.0000430 seconds
Total time for which application threads were stopped: 0.0000780 seconds
Application time: 0.0000440 seconds
Total time for which application threads were stopped: 0.0000590 seconds
Application time: 0.0000450 seconds
Total time for which application threads were stopped: 0.0000560 seconds
Application time: 0.0000430 seconds
Total time for which application threads were stopped: 0.0000540 seconds
Application time: 0.0000430 seconds
Total time for which application threads were stopped: 0.0000550 seconds
Application time: 0.0000430 seconds
Total time for which application threads were stopped: 0.0000550 seconds
Application time: 0.0000490 seconds
Total time for which application threads were stopped: 0.0000550 seconds
Application time: 0.0000510 seconds
Total time for which application threads were stopped: 0.0000560 seconds
Application time: 0.0000680 seconds
Total time for which application threads were stopped: 0.0000560 seconds
Application time: 0.0000610 seconds
Total time for which application threads were stopped: 0.0000560 seconds
Application time: 0.0000450 seconds
Total time for which application threads were stopped: 0.0000540 seconds
Application time: 0.0000440 seconds
Total time for which application threads were stopped: 0.0000550 seconds
Application time: 0.0000440 seconds
Total time for which application threads were stopped: 0.0000560 seconds
Application time: 0.0000440 seconds
Total time for which application threads were stopped: 0.0000550 seconds
Application time: 0.0000600 seconds
Total time for which application threads were stopped: 0.0000860 seconds
Application time: 2.6553790 seconds
{Heap before GC invocations=14 (full 22):
 def new generation   total 14784K, used 530K [0x90240000, 0x91240000, 0x91240000)
  eden space 13184K,   4% used [0x90240000, 0x902c4ab0, 0x90f20000)
  from space 1600K,   0% used [0x90f20000, 0x90f20000, 0x910b0000)
  to   space 1600K,   0% used [0x910b0000, 0x910b0000, 0x91240000)
 concurrent mark-sweep generation total 49152K, used 1411K [0x91240000, 0x94240000, 0xb0240000)
 concurrent-mark-sweep perm gen total 16384K, used 7399K [0xb0240000, 0xb1240000, 0xb4240000)
16.272: [Full GC (System) 16.272: [CMS: 1411K->1405K(49152K), 0.0362890 secs] 1942K->1405K(63936K), [CMS Perm : 7399K->7398K(16384K)], 0.0363840 secs] [Times: user=0.02 sys=0.01, real=0.03 secs] 
Heap after GC invocations=15 (full 23):
 def new generation   total 14784K, used 0K [0x90240000, 0x91240000, 0x91240000)
  eden space 13184K,   0% used [0x90240000, 0x90240000, 0x90f20000)
  from space 1600K,   0% used [0x90f20000, 0x90f20000, 0x910b0000)
  to   space 1600K,   0% used [0x910b0000, 0x910b0000, 0x91240000)
 concurrent mark-sweep generation total 49152K, used 1405K [0x91240000, 0x94240000, 0xb0240000)
 concurrent-mark-sweep perm gen total 16384K, used 7398K [0xb0240000, 0xb1240000, 0xb4240000)
}
Total time for which application threads were stopped: 0.0366440 seconds
Application time: 0.0003620 seconds
16.332: [GC [1 CMS-initial-mark: 1405K(49152K)] 1669K(63936K), 0.0003910 secs] [Times: user=0.00 sys=0.00, real=0.00 secs] 
Total time for which application threads were stopped: 0.0235940 seconds
16.332: [CMS-concurrent-mark-start]
Application time: 0.0194920 seconds
Total time for which application threads were stopped: 0.0000900 seconds
16.356: [CMS-concurrent-mark: 0.023/0.023 secs] [Times: user=0.02 sys=0.00, real=0.02 secs] 
16.356: [CMS-concurrent-preclean-start]
16.356: [CMS-concurrent-preclean: 0.000/0.000 secs] [Times: user=0.00 sys=0.00, real=0.00 secs] 
Application time: 0.0042130 seconds
16.356: [GC[YG occupancy: 263 K (14784 K)]16.356: [Rescan (non-parallel) 16.356: [grey object rescan, 0.0001170 secs]16.356: [root rescan, 0.0003150 secs], 0.0004650 secs]16.357: [weak refs processing, 0.0000050 secs] [1 CMS-remark: 1405K(49152K)] 1669K(63936K), 0.0005200 secs] [Times: user=0.00 sys=0.00, real=0.00 secs] 
Total time for which application threads were stopped: 0.0006380 seconds
16.357: [CMS-concurrent-sweep-start]
16.358: [CMS-concurrent-sweep: 0.001/0.001 secs] [Times: user=0.00 sys=0.00, real=0.00 secs] 
16.358: [CMS-concurrent-reset-start]
16.365: [CMS-concurrent-reset: 0.007/0.007 secs] [Times: user=0.01 sys=0.00, real=0.01 secs] 
Application time: 0.0084200 seconds
Total time for which application threads were stopped: 0.0001390 seconds
Application time: 0.0002620 seconds
{Heap before GC invocations=15 (full 24):
 def new generation   total 14784K, used 263K [0x90240000, 0x91240000, 0x91240000)
  eden space 13184K,   2% used [0x90240000, 0x90281ec0, 0x90f20000)
  from space 1600K,   0% used [0x90f20000, 0x90f20000, 0x910b0000)
  to   space 1600K,   0% used [0x910b0000, 0x910b0000, 0x91240000)
 concurrent mark-sweep generation total 49152K, used 1405K [0x91240000, 0x94240000, 0xb0240000)
 concurrent-mark-sweep perm gen total 16384K, used 7398K [0xb0240000, 0xb1240000, 0xb4240000)
16.366: [Full GC (System) 16.366: [CMS: 1405K->1405K(49152K), 0.0346880 secs] 1669K->1405K(63936K), [CMS Perm : 7398K->7398K(16384K)], 0.0347810 secs] [Times: user=0.03 sys=0.00, real=0.03 secs] 
Heap after GC invocations=16 (full 25):
 def new generation   total 14784K, used 0K [0x90240000, 0x91240000, 0x91240000)
  eden space 13184K,   0% used [0x90240000, 0x90240000, 0x90f20000)
  from space 1600K,   0% used [0x90f20000, 0x90f20000, 0x910b0000)
  to   space 1600K,   0% used [0x910b0000, 0x910b0000, 0x91240000)
 concurrent mark-sweep generation total 49152K, used 1405K [0x91240000, 0x94240000, 0xb0240000)
 concurrent-mark-sweep perm gen total 16384K, used 7398K [0xb0240000, 0xb1240000, 0xb4240000)
}
Total time for which application threads were stopped: 0.0350850 seconds
Application time: 0.0001110 seconds
16.401: [GC [1 CMS-initial-mark: 1405K(49152K)] 1405K(63936K), 0.0019040 secs] [Times: user=0.00 sys=0.01, real=0.01 secs] 
Total time for which application threads were stopped: 0.0020600 seconds
16.403: [CMS-concurrent-mark-start]
16.426: [CMS-concurrent-mark: 0.023/0.023 secs] [Times: user=0.02 sys=0.00, real=0.02 secs] 
16.426: [CMS-concurrent-preclean-start]
16.427: [CMS-concurrent-preclean: 0.000/0.000 secs] [Times: user=0.00 sys=0.00, real=0.00 secs] 
Application time: 0.0237280 seconds
16.427: [GC[YG occupancy: 0 K (14784 K)]16.427: [Rescan (non-parallel) 16.427: [grey object rescan, 0.0001180 secs]16.427: [root rescan, 0.0002860 secs], 0.0004360 secs]16.427: [weak refs processing, 0.0000050 secs] [1 CMS-remark: 1405K(49152K)] 1405K(63936K), 0.0004910 secs] [Times: user=0.00 sys=0.00, real=0.00 secs] 
Total time for which application threads were stopped: 0.0006460 seconds
16.427: [CMS-concurrent-sweep-start]
16.428: [CMS-concurrent-sweep: 0.001/0.001 secs] [Times: user=0.00 sys=0.00, real=0.00 secs] 
16.428: [CMS-concurrent-reset-start]
16.435: [CMS-concurrent-reset: 0.007/0.007 secs] [Times: user=0.01 sys=0.00, real=0.01 secs] 
Application time: 5.4624520 seconds
Total time for which application threads were stopped: 0.0001090 seconds
Application time: 0.0012640 seconds
Total time for which application threads were stopped: 0.0004440 seconds
Application time: 0.0000440 seconds
Total time for which application threads were stopped: 0.0000800 seconds
Application time: 0.0717300 seconds
{Heap before GC invocations=16 (full 26):
 def new generation   total 14784K, used 2383K [0x90240000, 0x91240000, 0x91240000)
  eden space 13184K,  18% used [0x90240000, 0x90493e78, 0x90f20000)
  from space 1600K,   0% used [0x90f20000, 0x90f20000, 0x910b0000)
  to   space 1600K,   0% used [0x910b0000, 0x910b0000, 0x91240000)
 concurrent mark-sweep generation total 49152K, used 1405K [0x91240000, 0x94240000, 0xb0240000)
 concurrent-mark-sweep perm gen total 16384K, used 7462K [0xb0240000, 0xb1240000, 0xb4240000)
21.964: [Full GC (System) 21.964: [CMS: 1405K->1866K(49152K), 0.0387330 secs] 3788K->1866K(63936K), [CMS Perm : 7462K->7460K(16384K)], 0.0388170 secs] [Times: user=0.04 sys=0.00, real=0.04 secs] 
Heap after GC invocations=17 (full 27):
 def new generation   total 14784K, used 0K [0x90240000, 0x91240000, 0x91240000)
  eden space 13184K,   0% used [0x90240000, 0x90240000, 0x90f20000)
  from space 1600K,   0% used [0x90f20000, 0x90f20000, 0x910b0000)
  to   space 1600K,   0% used [0x910b0000, 0x910b0000, 0x91240000)
 concurrent mark-sweep generation total 49152K, used 1866K [0x91240000, 0x94240000, 0xb0240000)
 concurrent-mark-sweep perm gen total 16384K, used 7460K [0xb0240000, 0xb1240000, 0xb4240000)
}
Total time for which application threads were stopped: 0.0390390 seconds
Application time: 0.0000620 seconds
22.003: [GC [1 CMS-initial-mark: 1866K(49152K)] 1866K(63936K), 0.0003120 secs] [Times: user=0.00 sys=0.00, real=0.00 secs] 
Total time for which application threads were stopped: 0.0004630 seconds
22.003: [CMS-concurrent-mark-start]
Application time: 0.0000890 seconds
Total time for which application threads were stopped: 0.0000610 seconds
Application time: 0.0000950 seconds
Total time for which application threads were stopped: 0.0000550 seconds
Application time: 0.0000760 seconds
Total time for which application threads were stopped: 0.0000560 seconds
Application time: 0.0000730 seconds
Total time for which application threads were stopped: 0.0000550 seconds
Application time: 0.0000920 seconds
Total time for which application threads were stopped: 0.0000570 seconds
Application time: 0.0000710 seconds
Total time for which application threads were stopped: 0.0000550 seconds
Application time: 0.0000720 seconds
Total time for which application threads were stopped: 0.0000550 seconds
Application time: 0.0000710 seconds
Total time for which application threads were stopped: 0.0000550 seconds
Application time: 0.0000730 seconds
Total time for which application threads were stopped: 0.0000560 seconds
Application time: 0.0000730 seconds
Total time for which application threads were stopped: 0.0000570 seconds
Application time: 0.0000760 seconds
Total time for which application threads were stopped: 0.0000590 seconds
Application time: 0.0000910 seconds
Total time for which application threads were stopped: 0.0000560 seconds
Application time: 0.0000740 seconds
Total time for which application threads were stopped: 0.0000560 seconds
Application time: 0.0000700 seconds
Total time for which application threads were stopped: 0.0000560 seconds
Application time: 0.0000710 seconds
Total time for which application threads were stopped: 0.0000550 seconds
Application time: 0.0003920 seconds
{Heap before GC invocations=17 (full 28):
 def new generation   total 14784K, used 263K [0x90240000, 0x91240000, 0x91240000)
  eden space 13184K,   2% used [0x90240000, 0x90281ec0, 0x90f20000)
  from space 1600K,   0% used [0x90f20000, 0x90f20000, 0x910b0000)
  to   space 1600K,   0% used [0x910b0000, 0x910b0000, 0x91240000)
 concurrent mark-sweep generation total 49152K, used 1866K [0x91240000, 0x94240000, 0xb0240000)
 concurrent-mark-sweep perm gen total 16384K, used 7460K [0xb0240000, 0xb1240000, 0xb4240000)
22.006: [Full GC (System) 22.006: [CMS22.030: [CMS-concurrent-mark: 0.024/0.027 secs] [Times: user=0.02 sys=0.00, real=0.02 secs] 
 (concurrent mode interrupted): 1866K->1863K(49152K), 0.0607590 secs] 2130K->1863K(63936K), [CMS Perm : 7460K->7460K(16384K)], 0.0608460 secs] [Times: user=0.06 sys=0.00, real=0.06 secs] 
Heap after GC invocations=18 (full 29):
 def new generation   total 14784K, used 0K [0x90240000, 0x91240000, 0x91240000)
  eden space 13184K,   0% used [0x90240000, 0x90240000, 0x90f20000)
  from space 1600K,   0% used [0x90f20000, 0x90f20000, 0x910b0000)
  to   space 1600K,   0% used [0x910b0000, 0x910b0000, 0x91240000)
 concurrent mark-sweep generation total 49152K, used 1863K [0x91240000, 0x94240000, 0xb0240000)
 concurrent-mark-sweep perm gen total 16384K, used 7460K [0xb0240000, 0xb1240000, 0xb4240000)
}
Total time for which application threads were stopped: 0.0611050 seconds
Application time: 0.0807080 seconds
Total time for which application threads were stopped: 0.0000800 seconds
Application time: 9.3018980 seconds
{Heap before GC invocations=18 (full 29):
 def new generation   total 14784K, used 395K [0x90240000, 0x91240000, 0x91240000)
  eden space 13184K,   3% used [0x90240000, 0x902a2e48, 0x90f20000)
  from space 1600K,   0% used [0x90f20000, 0x90f20000, 0x910b0000)
  to   space 1600K,   0% used [0x910b0000, 0x910b0000, 0x91240000)
 concurrent mark-sweep generation total 49152K, used 1863K [0x91240000, 0x94240000, 0xb0240000)
 concurrent-mark-sweep perm gen total 16384K, used 7465K [0xb0240000, 0xb1240000, 0xb4240000)
31.450: [Full GC (System) 31.450: [CMS: 1863K->1858K(49152K), 0.0412900 secs] 2259K->1858K(63936K), [CMS Perm : 7465K->7462K(16384K)], 0.0414490 secs] [Times: user=0.04 sys=0.00, real=0.04 secs] 
Heap after GC invocations=19 (full 30):
 def new generation   total 14784K, used 0K [0x90240000, 0x91240000, 0x91240000)
  eden space 13184K,   0% used [0x90240000, 0x90240000, 0x90f20000)
  from space 1600K,   0% used [0x90f20000, 0x90f20000, 0x910b0000)
  to   space 1600K,   0% used [0x910b0000, 0x910b0000, 0x91240000)
 concurrent mark-sweep generation total 49152K, used 1858K [0x91240000, 0x94240000, 0xb0240000)
 concurrent-mark-sweep perm gen total 16384K, used 7462K [0xb0240000, 0xb1240000, 0xb4240000)
}
Total time for which application threads were stopped: 0.0417690 seconds
Application time: 0.0000860 seconds
31.492: [GC [1 CMS-initial-mark: 1858K(49152K)] 1858K(63936K), 0.0003660 secs] [Times: user=0.00 sys=0.00, real=0.00 secs] 
Total time for which application threads were stopped: 0.0007240 seconds
31.492: [CMS-concurrent-mark-start]
Application time: 0.0001010 seconds
Total time for which application threads were stopped: 0.0000470 seconds
Application time: 0.0000480 seconds
Total time for which application threads were stopped: 0.0000700 seconds
Application time: 0.0002480 seconds
{Heap before GC invocations=19 (full 31):
 def new generation   total 14784K, used 263K [0x90240000, 0x91240000, 0x91240000)
  eden space 13184K,   2% used [0x90240000, 0x90281ec0, 0x90f20000)
  from space 1600K,   0% used [0x90f20000, 0x90f20000, 0x910b0000)
  to   space 1600K,   0% used [0x910b0000, 0x910b0000, 0x91240000)
 concurrent mark-sweep generation total 49152K, used 1858K [0x91240000, 0x94240000, 0xb0240000)
 concurrent-mark-sweep perm gen total 16384K, used 7462K [0xb0240000, 0xb1240000, 0xb4240000)
31.493: [Full GC (System) 31.493: [CMS31.517: [CMS-concurrent-mark: 0.025/0.025 secs] [Times: user=0.02 sys=0.00, real=0.02 secs] 
 (concurrent mode interrupted): 1858K->1858K(49152K), 0.0612050 secs] 2122K->1858K(63936K), [CMS Perm : 7462K->7462K(16384K)], 0.0613150 secs] [Times: user=0.06 sys=0.00, real=0.06 secs] 
Heap after GC invocations=20 (full 32):
 def new generation   total 14784K, used 0K [0x90240000, 0x91240000, 0x91240000)
  eden space 13184K,   0% used [0x90240000, 0x90240000, 0x90f20000)
  from space 1600K,   0% used [0x90f20000, 0x90f20000, 0x910b0000)
  to   space 1600K,   0% used [0x910b0000, 0x910b0000, 0x91240000)
 concurrent mark-sweep generation total 49152K, used 1858K [0x91240000, 0x94240000, 0xb0240000)
 concurrent-mark-sweep perm gen total 16384K, used 7462K [0xb0240000, 0xb1240000, 0xb4240000)
}
Total time for which application threads were stopped: 0.0615100 seconds
Application time: 5.9911850 seconds
Total time for which application threads were stopped: 0.0001240 seconds
Application time: 5.8118700 seconds
Total time for which application threads were stopped: 0.0001170 seconds
Application time: 0.0022250 seconds
Total time for which application threads were stopped: 0.0001000 seconds
Application time: 0.0000400 seconds
Total time for which application threads were stopped: 0.0000580 seconds
Application time: 0.0068150 seconds
Total time for which application threads were stopped: 0.0006610 seconds
Application time: 0.0000950 seconds
Total time for which application threads were stopped: 0.0000570 seconds
Application time: 0.0000350 seconds
Total time for which application threads were stopped: 0.0000540 seconds
Application time: 0.0029390 seconds
Total time for which application threads were stopped: 0.0005760 seconds
Application time: 0.0003020 seconds
Total time for which application threads were stopped: 0.0001570 seconds
Application time: 0.0202160 seconds
43.392: [GC [1 CMS-initial-mark: 1858K(49152K)] 3777K(63936K), 0.0003990 secs] [Times: user=0.00 sys=0.00, real=0.00 secs] 
Total time for which application threads were stopped: 0.0005470 seconds
43.392: [CMS-concurrent-mark-start]
43.417: [CMS-concurrent-mark: 0.025/0.025 secs] [Times: user=0.02 sys=0.00, real=0.02 secs] 
43.417: [CMS-concurrent-preclean-start]
43.418: [CMS-concurrent-preclean: 0.001/0.001 secs] [Times: user=0.00 sys=0.00, real=0.00 secs] 
Application time: 0.0257490 seconds
43.418: [GC[YG occupancy: 1919 K (14784 K)]43.418: [Rescan (non-parallel) 43.418: [grey object rescan, 0.0001170 secs]43.418: [root rescan, 0.0003580 secs], 0.0005080 secs]43.419: [weak refs processing, 0.0000160 secs] [1 CMS-remark: 1858K(49152K)] 3777K(63936K), 0.0005740 secs] [Times: user=0.00 sys=0.00, real=0.00 secs] 
Total time for which application threads were stopped: 0.0007060 seconds
43.419: [CMS-concurrent-sweep-start]
43.420: [CMS-concurrent-sweep: 0.001/0.001 secs] [Times: user=0.00 sys=0.00, real=0.00 secs] 
43.420: [CMS-concurrent-reset-start]
43.428: [CMS-concurrent-reset: 0.008/0.008 secs] [Times: user=0.01 sys=0.00, real=0.01 secs] 
Heap
 def new generation   total 14784K, used 1919K [0x90240000, 0x91240000, 0x91240000)
  eden space 13184K,  14% used [0x90240000, 0x9041fdd0, 0x90f20000)
  from space 1600K,   0% used [0x90f20000, 0x90f20000, 0x910b0000)
  to   space 1600K,   0% used [0x910b0000, 0x910b0000, 0x91240000)
 concurrent mark-sweep generation total 49152K, used 1822K [0x91240000, 0x94240000, 0xb0240000)
 concurrent-mark-sweep perm gen total 16384K, used 7481K [0xb0240000, 0xb1240000, 0xb4240000)
Application time: 0.0092860 seconds
