Application time: 0.8732040 seconds
{Heap before GC invocations=0 (full 0):
 def new generation   total 14784K, used 13184K [0xaa060000, 0xab060000, 0xab060000)
  eden space 13184K, 100% used [0xaa060000, 0xaad40000, 0xaad40000)
  from space 1600K,   0% used [0xaad40000, 0xaad40000, 0xaaed0000)
  to   space 1600K,   0% used [0xaaed0000, 0xaaed0000, 0xab060000)
 concurrent mark-sweep generation total 49152K, used 0K [0xab060000, 0xae060000, 0xb0060000)
 concurrent-mark-sweep perm gen total 16384K, used 7980K [0xb0060000, 0xb1060000, 0xb4060000)
0.945: [GC 0.945: [DefNew
Desired survivor size 819200 bytes, new threshold 1 (max 4)
- age   1:     986304 bytes,     986304 total
: 13184K->963K(14784K), 0.0129090 secs] 13184K->963K(63936K), 0.0129940 secs] [Times: user=0.01 sys=0.01, real=0.02 secs] 
Heap after GC invocations=1 (full 0):
 def new generation   total 14784K, used 963K [0xaa060000, 0xab060000, 0xab060000)
  eden space 13184K,   0% used [0xaa060000, 0xaa060000, 0xaad40000)
  from space 1600K,  60% used [0xaaed0000, 0xaafc0cc0, 0xab060000)
  to   space 1600K,   0% used [0xaad40000, 0xaad40000, 0xaaed0000)
 concurrent mark-sweep generation total 49152K, used 0K [0xab060000, 0xae060000, 0xb0060000)
 concurrent-mark-sweep perm gen total 16384K, used 7980K [0xb0060000, 0xb1060000, 0xb4060000)
}
Total time for which application threads were stopped: 0.0133930 seconds
Application time: 0.2575820 seconds
1.216: [GC [1 CMS-initial-mark: 0K(49152K)] 6951K(63936K), 0.0060290 secs] [Times: user=0.00 sys=0.00, real=0.00 secs] 
Total time for which application threads were stopped: 0.0063600 seconds
1.222: [CMS-concurrent-mark-start]
1.241: [CMS-concurrent-mark: 0.018/0.018 secs] [Times: user=0.02 sys=0.00, real=0.02 secs] 
1.241: [CMS-concurrent-preclean-start]
1.246: [CMS-concurrent-preclean: 0.005/0.006 secs] [Times: user=0.00 sys=0.01, real=0.01 secs] 
1.246: [CMS-concurrent-abortable-preclean-start]
Application time: 3.1812430 seconds
Total time for which application threads were stopped: 0.0004400 seconds
Application time: 0.6617930 seconds
Total time for which application threads were stopped: 0.0027850 seconds
Application time: 2.0330060 seconds
Total time for which application threads were stopped: 0.0001960 seconds
Application time: 0.0072840 seconds
Total time for which application threads were stopped: 0.0001730 seconds
Application time: 0.0000390 seconds
Total time for which application threads were stopped: 0.0001040 seconds
Application time: 0.0006070 seconds
Total time for which application threads were stopped: 0.0001090 seconds
Application time: 0.0000640 seconds
Total time for which application threads were stopped: 0.0001360 seconds
Application time: 0.0063390 seconds
Total time for which application threads were stopped: 0.0001440 seconds
Application time: 0.0061350 seconds
Total time for which application threads were stopped: 0.0001400 seconds
Application time: 0.1586440 seconds
Total time for which application threads were stopped: 0.0001620 seconds
Application time: 2.3317060 seconds
Total time for which application threads were stopped: 0.0002100 seconds
Application time: 0.0010350 seconds
Total time for which application threads were stopped: 0.0000820 seconds
Application time: 0.0069090 seconds
Total time for which application threads were stopped: 0.0001690 seconds
Application time: 0.0000290 seconds
Total time for which application threads were stopped: 0.0000470 seconds
Application time: 0.0005820 seconds
Total time for which application threads were stopped: 0.0000560 seconds
Application time: 0.0000520 seconds
Total time for which application threads were stopped: 0.0000470 seconds
Application time: 0.0483440 seconds
Total time for which application threads were stopped: 0.0001090 seconds
Application time: 0.0408110 seconds
Total time for which application threads were stopped: 0.0001080 seconds
Application time: 0.2544520 seconds
Total time for which application threads were stopped: 0.0000970 seconds
Application time: 0.0000270 seconds
Total time for which application threads were stopped: 0.0000460 seconds
Application time: 0.0000820 seconds
Total time for which application threads were stopped: 0.0000460 seconds
Application time: 4.7018490 seconds
Total time for which application threads were stopped: 0.0002030 seconds
Application time: 0.0009910 seconds
Total time for which application threads were stopped: 0.0000640 seconds
Application time: 0.0000510 seconds
Total time for which application threads were stopped: 0.0001290 seconds
Application time: 0.0069490 seconds
Total time for which application threads were stopped: 0.0000740 seconds
Application time: 0.0008720 seconds
Total time for which application threads were stopped: 0.0000720 seconds
Application time: 0.0006830 seconds
Total time for which application threads were stopped: 0.0000580 seconds
Application time: 0.0000520 seconds
Total time for which application threads were stopped: 0.0000470 seconds
Application time: 0.0032330 seconds
{Heap before GC invocations=1 (full 1):
 def new generation   total 14784K, used 14147K [0xaa060000, 0xab060000, 0xab060000)
  eden space 13184K, 100% used [0xaa060000, 0xaad40000, 0xaad40000)
  from space 1600K,  60% used [0xaaed0000, 0xaafc0cc0, 0xab060000)
  to   space 1600K,   0% used [0xaad40000, 0xaad40000, 0xaaed0000)
 concurrent mark-sweep generation total 49152K, used 0K [0xab060000, 0xae060000, 0xb0060000)
 concurrent-mark-sweep perm gen total 16384K, used 10284K [0xb0060000, 0xb1060000, 0xb4060000)
14.683: [GC 14.683: [DefNew
Desired survivor size 819200 bytes, new threshold 4 (max 4)
- age   1:     566080 bytes,     566080 total
: 14147K->552K(14784K), 0.0148550 secs] 14147K->1359K(63936K), 0.0149720 secs] [Times: user=0.00 sys=0.02, real=0.02 secs] 
Heap after GC invocations=2 (full 1):
 def new generation   total 14784K, used 552K [0xaa060000, 0xab060000, 0xab060000)
  eden space 13184K,   0% used [0xaa060000, 0xaa060000, 0xaad40000)
  from space 1600K,  34% used [0xaad40000, 0xaadca340, 0xaaed0000)
  to   space 1600K,   0% used [0xaaed0000, 0xaaed0000, 0xab060000)
 concurrent mark-sweep generation total 49152K, used 806K [0xab060000, 0xae060000, 0xb0060000)
 concurrent-mark-sweep perm gen total 16384K, used 10284K [0xb0060000, 0xb1060000, 0xb4060000)
}
Total time for which application threads were stopped: 0.0152100 seconds
Application time: 0.0008360 seconds
Total time for which application threads were stopped: 0.0000860 seconds
Application time: 0.0000640 seconds
Total time for which application threads were stopped: 0.0000590 seconds
Application time: 0.0000450 seconds
Total time for which application threads were stopped: 0.0000580 seconds
Application time: 0.0000450 seconds
Total time for which application threads were stopped: 0.0000750 seconds
Application time: 0.0000440 seconds
Total time for which application threads were stopped: 0.0000580 seconds
Application time: 0.0000450 seconds
Total time for which application threads were stopped: 0.0000570 seconds
Application time: 0.0000440 seconds
Total time for which application threads were stopped: 0.0000580 seconds
Application time: 0.0000440 seconds
Total time for which application threads were stopped: 0.0000570 seconds
Application time: 0.0000430 seconds
Total time for which application threads were stopped: 0.0000570 seconds
Application time: 0.0000440 seconds
Total time for which application threads were stopped: 0.0000580 seconds
Application time: 0.0000450 seconds
Total time for which application threads were stopped: 0.0000570 seconds
Application time: 0.0000710 seconds
Total time for which application threads were stopped: 0.0000590 seconds
Application time: 0.0000590 seconds
Total time for which application threads were stopped: 0.0000580 seconds
Application time: 0.0000460 seconds
Total time for which application threads were stopped: 0.0000580 seconds
Application time: 0.0000430 seconds
Total time for which application threads were stopped: 0.0000580 seconds
Application time: 0.0000440 seconds
Total time for which application threads were stopped: 0.0000580 seconds
Application time: 0.0000430 seconds
Total time for which application threads were stopped: 0.0000580 seconds
Application time: 0.0000450 seconds
Total time for which application threads were stopped: 0.0000570 seconds
Application time: 0.0000450 seconds
Total time for which application threads were stopped: 0.0000590 seconds
Application time: 0.0000470 seconds
Total time for which application threads were stopped: 0.0001610 seconds
Application time: 0.0000520 seconds
Total time for which application threads were stopped: 0.0000610 seconds
Application time: 0.0131780 seconds
Total time for which application threads were stopped: 0.0000980 seconds
Application time: 0.0000960 seconds
Total time for which application threads were stopped: 0.0000620 seconds
Application time: 0.0004440 seconds
Total time for which application threads were stopped: 0.0000660 seconds
Application time: 0.0649900 seconds
Total time for which application threads were stopped: 0.0001070 seconds
Application time: 0.0085050 seconds
Total time for which application threads were stopped: 0.0001000 seconds
Application time: 0.0000390 seconds
Total time for which application threads were stopped: 0.0000840 seconds
Application time: 0.0000560 seconds
Total time for which application threads were stopped: 0.0000630 seconds
Application time: 0.0000610 seconds
Total time for which application threads were stopped: 0.0000630 seconds
Application time: 0.0742740 seconds
Total time for which application threads were stopped: 0.0000970 seconds
Application time: 0.0005120 seconds
Total time for which application threads were stopped: 0.0000540 seconds
Application time: 10.4533820 seconds
Total time for which application threads were stopped: 0.0001850 seconds
Application time: 0.0017260 seconds
Total time for which application threads were stopped: 0.0000660 seconds
Application time: 0.0296630 seconds
Total time for which application threads were stopped: 0.0000810 seconds
Application time: 0.0000260 seconds
Total time for which application threads were stopped: 0.0000440 seconds
Application time: 0.0000630 seconds
Total time for which application threads were stopped: 0.0000460 seconds
Application time: 0.0093770 seconds
Total time for which application threads were stopped: 0.0001500 seconds
Application time: 0.0085440 seconds
Total time for which application threads were stopped: 0.0002030 seconds
Application time: 0.0008040 seconds
Total time for which application threads were stopped: 0.0000670 seconds
Application time: 0.0077750 seconds
Total time for which application threads were stopped: 0.0002230 seconds
Application time: 0.0009120 seconds
Total time for which application threads were stopped: 0.0001600 seconds
 CMS: abort preclean due to time 25.414: [CMS-concurrent-abortable-preclean: 0.051/24.168 secs] [Times: user=0.04 sys=0.33, real=24.15 secs] 
Application time: 0.0367040 seconds
25.415: [GC[YG occupancy: 3569 K (14784 K)]25.415: [Rescan (non-parallel) 25.415: [grey object rescan, 0.0001180 secs]25.415: [root rescan, 0.0045060 secs], 0.0046820 secs]25.420: [weak refs processing, 0.0000780 secs] [1 CMS-remark: 806K(49152K)] 4376K(63936K), 0.0049430 secs] [Times: user=0.00 sys=0.01, real=0.01 secs] 
Total time for which application threads were stopped: 0.0052460 seconds
25.420: [CMS-concurrent-sweep-start]
25.421: [CMS-concurrent-sweep: 0.001/0.001 secs] [Times: user=0.00 sys=0.00, real=0.00 secs] 
25.421: [CMS-concurrent-reset-start]
25.428: [CMS-concurrent-reset: 0.007/0.007 secs] [Times: user=0.00 sys=0.01, real=0.01 secs] 
Heap
 def new generation   total 14784K, used 3569K [0xaa060000, 0xab060000, 0xab060000)
  eden space 13184K,  22% used [0xaa060000, 0xaa352328, 0xaad40000)
  from space 1600K,  34% used [0xaad40000, 0xaadca340, 0xaaed0000)
  to   space 1600K,   0% used [0xaaed0000, 0xaaed0000, 0xab060000)
 concurrent mark-sweep generation total 49152K, used 806K [0xab060000, 0xae060000, 0xb0060000)
 concurrent-mark-sweep perm gen total 17192K, used 10313K [0xb0060000, 0xb112a000, 0xb4060000)
Application time: 0.0084680 seconds
